  console.info
    {"timestamp":"2026-04-26T18:18:53.444Z","level":"info","message":"request","requestId":"e26d2869-d653-4192-bb37-eec89ae0bdcf","method":"GET","path":"/api/inventory/items","status":200,"duration":"57ms","ip":"::ffff:127.0.0.1","userId":1,"companyId":1,"branchId":1}

      at Object.info (server/logger.ts:45:36)

  console.info
    {"timestamp":"2026-04-26T18:18:53.607Z","level":"info","message":"request","requestId":"31025899-e220-4137-b759-2bf0c3b2415b","method":"GET","path":"/api/inventory/items","status":200,"duration":"6ms","ip":"::ffff:127.0.0.1","userId":1,"companyId":1,"branchId":1}

      at Object.info (server/logger.ts:45:36)

  console.info
    {"timestamp":"2026-04-26T18:18:53.721Z","level":"info","message":"request","requestId":"b861d360-6bc2-4fe7-90e4-4a9e97c806d0","method":"POST","path":"/api/inventory/items","status":201,"duration":"80ms","ip":"::ffff:127.0.0.1","userId":1,"companyId":1,"branchId":1}

      at Object.info (server/logger.ts:45:36)

  console.info
    {"timestamp":"2026-04-26T18:18:53.757Z","level":"info","message":"request","requestId":"82b25288-0812-40ca-a7c1-729c808d8899","method":"GET","path":"/api/inventory/prefixes","status":200,"duration":"6ms","ip":"::ffff:127.0.0.1","userId":1,"companyId":1,"branchId":1}

      at Object.info (server/logger.ts:45:36)

  console.info
    {"timestamp":"2026-04-26T18:18:53.801Z","level":"info","message":"request","requestId":"8b773761-4e1d-464c-a6f6-c579b09a5d4a","method":"POST","path":"/api/inventory/prefixes","status":201,"duration":"9ms","ip":"::ffff:127.0.0.1","userId":1,"companyId":1,"branchId":1}

      at Object.info (server/logger.ts:45:36)

  console.info
    {"timestamp":"2026-04-26T18:18:53.833Z","level":"info","message":"request","requestId":"01a9aa78-714d-410a-b414-1dd6fbcbcdbd","method":"GET","path":"/api/inventory/labels","status":200,"duration":"4ms","ip":"::ffff:127.0.0.1","userId":1,"companyId":1,"branchId":1}

      at Object.info (server/logger.ts:45:36)

  console.info
    {"timestamp":"2026-04-26T18:18:53.870Z","level":"info","message":"request","requestId":"caa07a8a-ca94-419d-b7ff-b495625df34b","method":"GET","path":"/api/inventory/labels?dateFrom=2026-03-01&dateTo=2026-03-06","status":200,"duration":"5ms","ip":"::ffff:127.0.0.1","userId":1,"companyId":1,"branchId":1}

      at Object.info (server/logger.ts:45:36)

  console.info
    {"timestamp":"2026-04-26T18:18:53.918Z","level":"info","message":"request","requestId":"36689543-c3af-49ad-9bff-922063bd7dbf","method":"GET","path":"/api/inventory/labels?dateFrom=2026-03-01&dateTo=2026-03-06&groupName=Pendant","status":200,"duration":"3ms","ip":"::ffff:127.0.0.1","userId":1,"companyId":1,"branchId":1}

      at Object.info (server/logger.ts:45:36)

  console.info
    {"timestamp":"2026-04-26T18:18:53.953Z","level":"info","message":"request","requestId":"d66a74f4-5306-44c0-a117-2473fbb8fd6d","method":"GET","path":"/api/inventory/labels?dateTo=2026-03-08","status":200,"duration":"3ms","ip":"::ffff:127.0.0.1","userId":1,"companyId":1,"branchId":1}

      at Object.info (server/logger.ts:45:36)

  console.info
    {"timestamp":"2026-04-26T18:18:53.985Z","level":"info","message":"request","requestId":"69908b1d-c5c8-4b1f-a218-1ad9d8e347db","method":"GET","path":"/api/inventory/labels?dateFrom=2026-03-01","status":200,"duration":"4ms","ip":"::ffff:127.0.0.1","userId":1,"companyId":1,"branchId":1}

      at Object.info (server/logger.ts:45:36)

  console.info
    {"timestamp":"2026-04-26T18:18:54.015Z","level":"info","message":"request","requestId":"88e62aad-ac41-45dc-b53a-b03797ef26ff","method":"GET","path":"/api/inventory/labels","status":200,"duration":"4ms","ip":"::ffff:127.0.0.1","userId":1,"companyId":1,"branchId":1}

      at Object.info (server/logger.ts:45:36)

  console.info
    {"timestamp":"2026-04-26T18:18:54.045Z","level":"info","message":"request","requestId":"a352565f-51dc-407b-8b79-d58b3769fb08","method":"GET","path":"/api/inventory/labels/search?labelNo=GP/1","status":200,"duration":"4ms","ip":"::ffff:127.0.0.1","userId":1,"companyId":1,"branchId":1}

      at Object.info (server/logger.ts:45:36)

  console.warn
    {"timestamp":"2026-04-26T18:18:54.070Z","level":"warn","message":"request","requestId":"a5e5f5cd-ad64-4743-aa2c-f0f1d8ec1b6d","method":"GET","path":"/api/inventory/labels/search","status":400,"duration":"3ms","ip":"::ffff:127.0.0.1","userId":1,"companyId":1,"branchId":1}

    [0m [90m 46 |[39m   }[33m,[39m
     [90m 47 |[39m   warn(message[33m:[39m string[33m,[39m meta[33m?[39m[33m:[39m [33mRecord[39m[33m<[39m[33mstring[39m[33m,[39m unknown[33m>[39m) {
    [31m[1m>[22m[39m[90m 48 |[39m     [36mif[39m (shouldLog([32m'warn'[39m)) console[33m.[39mwarn(formatMessage([32m'warn'[39m[33m,[39m message[33m,[39m meta))[33m;[39m
     [90m    |[39m                                    [31m[1m^[22m[39m
     [90m 49 |[39m   }[33m,[39m
     [90m 50 |[39m   error(message[33m:[39m string[33m,[39m meta[33m?[39m[33m:[39m [33mRecord[39m[33m<[39m[33mstring[39m[33m,[39m unknown[33m>[39m) {
     [90m 51 |[39m     [36mif[39m (shouldLog([32m'error'[39m)) console[33m.[39merror(formatMessage([32m'error'[39m[33m,[39m message[33m,[39m meta))[33m;[39m[0m

      at Object.warn (server/logger.ts:48:36)
      at ServerResponse.<anonymous> (server/middleware/requestLogger.ts:47:14)

  console.warn
    {"timestamp":"2026-04-26T18:18:54.165Z","level":"warn","message":"request","requestId":"96a05d74-e164-40fd-9a8d-02223c01a727","method":"GET","path":"/api/inventory/labels/search?labelNo=XX/999","status":404,"duration":"3ms","ip":"::ffff:127.0.0.1","userId":1,"companyId":1,"branchId":1}

    [0m [90m 46 |[39m   }[33m,[39m
     [90m 47 |[39m   warn(message[33m:[39m string[33m,[39m meta[33m?[39m[33m:[39m [33mRecord[39m[33m<[39m[33mstring[39m[33m,[39m unknown[33m>[39m) {
    [31m[1m>[22m[39m[90m 48 |[39m     [36mif[39m (shouldLog([32m'warn'[39m)) console[33m.[39mwarn(formatMessage([32m'warn'[39m[33m,[39m message[33m,[39m meta))[33m;[39m
     [90m    |[39m                                    [31m[1m^[22m[39m
     [90m 49 |[39m   }[33m,[39m
     [90m 50 |[39m   error(message[33m:[39m string[33m,[39m meta[33m?[39m[33m:[39m [33mRecord[39m[33m<[39m[33mstring[39m[33m,[39m unknown[33m>[39m) {
     [90m 51 |[39m     [36mif[39m (shouldLog([32m'error'[39m)) console[33m.[39merror(formatMessage([32m'error'[39m[33m,[39m message[33m,[39m meta))[33m;[39m[0m

      at Object.warn (server/logger.ts:48:36)
      at ServerResponse.<anonymous> (server/middleware/requestLogger.ts:47:14)

  console.info
    {"timestamp":"2026-04-26T18:18:54.198Z","level":"info","message":"request","requestId":"f8ab8e2a-4a1c-45c2-8a27-9eff9a67f32a","method":"GET","path":"/api/inventory/labels/search?labelNo=GB/13","status":200,"duration":"3ms","ip":"::ffff:127.0.0.1","userId":1,"companyId":1,"branchId":1}

      at Object.info (server/logger.ts:45:36)

  console.info
    {"timestamp":"2026-04-26T18:18:54.227Z","level":"info","message":"request","requestId":"54e62143-e016-41d5-a99f-c0c17fa8348f","method":"GET","path":"/api/inventory/labels/5","status":200,"duration":"4ms","ip":"::ffff:127.0.0.1","userId":1,"companyId":1,"branchId":1}

      at Object.info (server/logger.ts:45:36)

  console.warn
    {"timestamp":"2026-04-26T18:18:54.256Z","level":"warn","message":"request","requestId":"229afe90-3d01-4d0f-8f5d-9d6407b48b8a","method":"GET","path":"/api/inventory/labels/999","status":404,"duration":"6ms","ip":"::ffff:127.0.0.1","userId":1,"companyId":1,"branchId":1}

    [0m [90m 46 |[39m   }[33m,[39m
     [90m 47 |[39m   warn(message[33m:[39m string[33m,[39m meta[33m?[39m[33m:[39m [33mRecord[39m[33m<[39m[33mstring[39m[33m,[39m unknown[33m>[39m) {
    [31m[1m>[22m[39m[90m 48 |[39m     [36mif[39m (shouldLog([32m'warn'[39m)) console[33m.[39mwarn(formatMessage([32m'warn'[39m[33m,[39m message[33m,[39m meta))[33m;[39m
     [90m    |[39m                                    [31m[1m^[22m[39m
     [90m 49 |[39m   }[33m,[39m
     [90m 50 |[39m   error(message[33m:[39m string[33m,[39m meta[33m?[39m[33m:[39m [33mRecord[39m[33m<[39m[33mstring[39m[33m,[39m unknown[33m>[39m) {
     [90m 51 |[39m     [36mif[39m (shouldLog([32m'error'[39m)) console[33m.[39merror(formatMessage([32m'error'[39m[33m,[39m message[33m,[39m meta))[33m;[39m[0m

      at Object.warn (server/logger.ts:48:36)
      at ServerResponse.<anonymous> (server/middleware/requestLogger.ts:47:14)

  console.info
    {"timestamp":"2026-04-26T18:18:54.294Z","level":"info","message":"request","requestId":"27779da1-e86e-4993-8420-3fce551aa924","method":"POST","path":"/api/inventory/labels","status":201,"duration":"6ms","ip":"::ffff:127.0.0.1","userId":1,"companyId":1,"branchId":1}

      at Object.info (server/logger.ts:45:36)

  console.info
    {"timestamp":"2026-04-26T18:18:54.330Z","level":"info","message":"request","requestId":"2e486779-c066-40f7-a727-df1f1af37e73","method":"POST","path":"/api/inventory/labels/batch","status":201,"duration":"6ms","ip":"::ffff:127.0.0.1","userId":1,"companyId":1,"branchId":1}

      at Object.info (server/logger.ts:45:36)

  console.warn
    {"timestamp":"2026-04-26T18:18:54.363Z","level":"warn","message":"request","requestId":"c537b3fa-d713-49ab-b6c9-230ae28a2db0","method":"POST","path":"/api/inventory/labels/batch","status":400,"duration":"5ms","ip":"::ffff:127.0.0.1","userId":1,"companyId":1,"branchId":1}

    [0m [90m 46 |[39m   }[33m,[39m
     [90m 47 |[39m   warn(message[33m:[39m string[33m,[39m meta[33m?[39m[33m:[39m [33mRecord[39m[33m<[39m[33mstring[39m[33m,[39m unknown[33m>[39m) {
    [31m[1m>[22m[39m[90m 48 |[39m     [36mif[39m (shouldLog([32m'warn'[39m)) console[33m.[39mwarn(formatMessage([32m'warn'[39m[33m,[39m message[33m,[39m meta))[33m;[39m
     [90m    |[39m                                    [31m[1m^[22m[39m
     [90m 49 |[39m   }[33m,[39m
     [90m 50 |[39m   error(message[33m:[39m string[33m,[39m meta[33m?[39m[33m:[39m [33mRecord[39m[33m<[39m[33mstring[39m[33m,[39m unknown[33m>[39m) {
     [90m 51 |[39m     [36mif[39m (shouldLog([32m'error'[39m)) console[33m.[39merror(formatMessage([32m'error'[39m[33m,[39m message[33m,[39m meta))[33m;[39m[0m

      at Object.warn (server/logger.ts:48:36)
      at ServerResponse.<anonymous> (server/middleware/requestLogger.ts:47:14)

  console.info
    {"timestamp":"2026-04-26T18:18:54.400Z","level":"info","message":"request","requestId":"ac063410-4b60-451d-953b-fb28da7c0862","method":"POST","path":"/api/inventory/labels/batch","status":201,"duration":"6ms","ip":"::ffff:127.0.0.1","userId":1,"companyId":1,"branchId":1}

      at Object.info (server/logger.ts:45:36)

  console.warn
    {"timestamp":"2026-04-26T18:18:54.428Z","level":"warn","message":"request","requestId":"9616fa97-b69d-472f-93df-55fbb001fc89","method":"POST","path":"/api/inventory/labels/batch","status":400,"duration":"3ms","ip":"::ffff:127.0.0.1","userId":1,"companyId":1,"branchId":1}

    [0m [90m 46 |[39m   }[33m,[39m
     [90m 47 |[39m   warn(message[33m:[39m string[33m,[39m meta[33m?[39m[33m:[39m [33mRecord[39m[33m<[39m[33mstring[39m[33m,[39m unknown[33m>[39m) {
    [31m[1m>[22m[39m[90m 48 |[39m     [36mif[39m (shouldLog([32m'warn'[39m)) console[33m.[39mwarn(formatMessage([32m'warn'[39m[33m,[39m message[33m,[39m meta))[33m;[39m
     [90m    |[39m                                    [31m[1m^[22m[39m
     [90m 49 |[39m   }[33m,[39m
     [90m 50 |[39m   error(message[33m:[39m string[33m,[39m meta[33m?[39m[33m:[39m [33mRecord[39m[33m<[39m[33mstring[39m[33m,[39m unknown[33m>[39m) {
     [90m 51 |[39m     [36mif[39m (shouldLog([32m'error'[39m)) console[33m.[39merror(formatMessage([32m'error'[39m[33m,[39m message[33m,[39m meta))[33m;[39m[0m

      at Object.warn (server/logger.ts:48:36)
      at ServerResponse.<anonymous> (server/middleware/requestLogger.ts:47:14)

  console.info
    {"timestamp":"2026-04-26T18:18:54.470Z","level":"info","message":"request","requestId":"0de62aba-0a75-41f6-845b-a0d1b334bcfe","method":"POST","path":"/api/inventory/labels/batch","status":201,"duration":"4ms","ip":"::ffff:127.0.0.1","userId":1,"companyId":1,"branchId":1}

      at Object.info (server/logger.ts:45:36)

  console.info
    {"timestamp":"2026-04-26T18:18:54.501Z","level":"info","message":"request","requestId":"bf73a521-e3b6-4012-a219-27b863cee497","method":"POST","path":"/api/inventory/labels/batch","status":201,"duration":"5ms","ip":"::ffff:127.0.0.1","userId":1,"companyId":1,"branchId":1}

      at Object.info (server/logger.ts:45:36)

  console.info
    {"timestamp":"2026-04-26T18:18:54.530Z","level":"info","message":"request","requestId":"778684de-4854-4780-90b5-da59fa2a6eb9","method":"POST","path":"/api/inventory/labels/batch","status":201,"duration":"6ms","ip":"::ffff:127.0.0.1","userId":1,"companyId":1,"branchId":1}

      at Object.info (server/logger.ts:45:36)

  console.info
    {"timestamp":"2026-04-26T18:18:54.556Z","level":"info","message":"request","requestId":"ddc9b6bc-7053-41d1-bed1-62f0e40a53ed","method":"POST","path":"/api/inventory/labels/batch","status":201,"duration":"4ms","ip":"::ffff:127.0.0.1","userId":1,"companyId":1,"branchId":1}

      at Object.info (server/logger.ts:45:36)

  console.info
    {"timestamp":"2026-04-26T18:18:54.584Z","level":"info","message":"request","requestId":"630aabe9-cba9-4034-8807-15e00aff842a","method":"POST","path":"/api/inventory/labels/batch","status":201,"duration":"4ms","ip":"::ffff:127.0.0.1","userId":1,"companyId":1,"branchId":1}

      at Object.info (server/logger.ts:45:36)

  console.info
    {"timestamp":"2026-04-26T18:18:54.610Z","level":"info","message":"request","requestId":"1b23ca76-bb62-42ad-9e2a-b1a3d8a252e5","method":"POST","path":"/api/inventory/labels/batch","status":201,"duration":"3ms","ip":"::ffff:127.0.0.1","userId":1,"companyId":1,"branchId":1}

      at Object.info (server/logger.ts:45:36)

  console.info
    {"timestamp":"2026-04-26T18:18:54.632Z","level":"info","message":"request","requestId":"ee444572-b1b9-4d69-82b1-7528c12dbb52","method":"POST","path":"/api/inventory/labels/batch","status":201,"duration":"3ms","ip":"::ffff:127.0.0.1","userId":1,"companyId":1,"branchId":1}

      at Object.info (server/logger.ts:45:36)

  console.info
    {"timestamp":"2026-04-26T18:18:54.656Z","level":"info","message":"request","requestId":"80dd0d03-5f06-4231-b89f-6a828f2b4855","method":"POST","path":"/api/inventory/labels/batch","status":201,"duration":"3ms","ip":"::ffff:127.0.0.1","userId":1,"companyId":1,"branchId":1}

      at Object.info (server/logger.ts:45:36)

  console.info
    {"timestamp":"2026-04-26T18:18:54.682Z","level":"info","message":"request","requestId":"f7daaf50-57b7-415b-b03f-c41f1f59fb37","method":"POST","path":"/api/inventory/labels/batch","status":201,"duration":"4ms","ip":"::ffff:127.0.0.1","userId":1,"companyId":1,"branchId":1}

      at Object.info (server/logger.ts:45:36)

  console.info
    {"timestamp":"2026-04-26T18:18:54.709Z","level":"info","message":"request","requestId":"1446f9fe-4026-4d53-954d-69d4ba7ec8ea","method":"POST","path":"/api/inventory/labels/batch","status":201,"duration":"4ms","ip":"::ffff:127.0.0.1","userId":1,"companyId":1,"branchId":1}

      at Object.info (server/logger.ts:45:36)

  console.info
    {"timestamp":"2026-04-26T18:18:54.733Z","level":"info","message":"request","requestId":"a86d5bfc-eb30-4338-a91d-8bdb91824b75","method":"POST","path":"/api/inventory/labels/batch","status":201,"duration":"2ms","ip":"::ffff:127.0.0.1","userId":1,"companyId":1,"branchId":1}

      at Object.info (server/logger.ts:45:36)

  console.info
    {"timestamp":"2026-04-26T18:18:54.757Z","level":"info","message":"request","requestId":"1b0da43a-52ca-451a-8d6e-ce9415f07865","method":"POST","path":"/api/inventory/labels/batch","status":201,"duration":"3ms","ip":"::ffff:127.0.0.1","userId":1,"companyId":1,"branchId":1}

      at Object.info (server/logger.ts:45:36)

  console.info
    {"timestamp":"2026-04-26T18:18:54.780Z","level":"info","message":"request","requestId":"00a88ae7-58f2-43af-9897-ba099571b5fb","method":"POST","path":"/api/inventory/labels/batch","status":201,"duration":"3ms","ip":"::ffff:127.0.0.1","userId":1,"companyId":1,"branchId":1}

      at Object.info (server/logger.ts:45:36)

  console.info
    {"timestamp":"2026-04-26T18:18:54.807Z","level":"info","message":"request","requestId":"7e1153f6-2d9b-40d6-84b5-5bee9c9adecf","method":"POST","path":"/api/inventory/labels/batch","status":201,"duration":"4ms","ip":"::ffff:127.0.0.1","userId":1,"companyId":1,"branchId":1}

      at Object.info (server/logger.ts:45:36)

  console.warn
    {"timestamp":"2026-04-26T18:18:54.834Z","level":"warn","message":"request","requestId":"9805f211-8656-49dc-a86c-8f785e1a2c33","method":"POST","path":"/api/inventory/labels/batch","status":400,"duration":"3ms","ip":"::ffff:127.0.0.1","userId":1,"companyId":1,"branchId":1}

    [0m [90m 46 |[39m   }[33m,[39m
     [90m 47 |[39m   warn(message[33m:[39m string[33m,[39m meta[33m?[39m[33m:[39m [33mRecord[39m[33m<[39m[33mstring[39m[33m,[39m unknown[33m>[39m) {
    [31m[1m>[22m[39m[90m 48 |[39m     [36mif[39m (shouldLog([32m'warn'[39m)) console[33m.[39mwarn(formatMessage([32m'warn'[39m[33m,[39m message[33m,[39m meta))[33m;[39m
     [90m    |[39m                                    [31m[1m^[22m[39m
     [90m 49 |[39m   }[33m,[39m
     [90m 50 |[39m   error(message[33m:[39m string[33m,[39m meta[33m?[39m[33m:[39m [33mRecord[39m[33m<[39m[33mstring[39m[33m,[39m unknown[33m>[39m) {
     [90m 51 |[39m     [36mif[39m (shouldLog([32m'error'[39m)) console[33m.[39merror(formatMessage([32m'error'[39m[33m,[39m message[33m,[39m meta))[33m;[39m[0m

      at Object.warn (server/logger.ts:48:36)
      at ServerResponse.<anonymous> (server/middleware/requestLogger.ts:47:14)

  console.info
    {"timestamp":"2026-04-26T18:18:54.864Z","level":"info","message":"request","requestId":"bd1bc4c1-10af-4789-8da7-a68d6514fd06","method":"POST","path":"/api/inventory/labels/batch","status":201,"duration":"3ms","ip":"::ffff:127.0.0.1","userId":1,"companyId":1,"branchId":1}

      at Object.info (server/logger.ts:45:36)

  console.info
    {"timestamp":"2026-04-26T18:18:54.889Z","level":"info","message":"request","requestId":"d2a1de6b-f8bc-4965-97f6-fc547d901b5f","method":"POST","path":"/api/inventory/labels/batch","status":201,"duration":"4ms","ip":"::ffff:127.0.0.1","userId":1,"companyId":1,"branchId":1}

      at Object.info (server/logger.ts:45:36)

  console.info
    {"timestamp":"2026-04-26T18:18:54.956Z","level":"info","message":"request","requestId":"fda239db-9c1f-4c3b-a4b4-8cb57f010206","method":"POST","path":"/api/inventory/labels/batch","status":201,"duration":"4ms","ip":"::ffff:127.0.0.1","userId":1,"companyId":1,"branchId":1}

      at Object.info (server/logger.ts:45:36)

  console.info
    {"timestamp":"2026-04-26T18:18:54.978Z","level":"info","message":"request","requestId":"a4b1c779-adda-4026-9c15-3347830f0e2f","method":"POST","path":"/api/inventory/labels/batch","status":201,"duration":"3ms","ip":"::ffff:127.0.0.1","userId":1,"companyId":1,"branchId":1}

      at Object.info (server/logger.ts:45:36)

  console.info
    {"timestamp":"2026-04-26T18:18:54.998Z","level":"info","message":"request","requestId":"e3a2253a-e453-42a4-a37c-0e1d0ac01e01","method":"POST","path":"/api/inventory/labels/batch","status":201,"duration":"2ms","ip":"::ffff:127.0.0.1","userId":1,"companyId":1,"branchId":1}

      at Object.info (server/logger.ts:45:36)

  console.info
    {"timestamp":"2026-04-26T18:18:55.022Z","level":"info","message":"request","requestId":"d547c642-eda7-4124-8faf-32bb8dd9f4a0","method":"POST","path":"/api/inventory/labels/batch","status":201,"duration":"5ms","ip":"::ffff:127.0.0.1","userId":1,"companyId":1,"branchId":1}

      at Object.info (server/logger.ts:45:36)

  console.info
    {"timestamp":"2026-04-26T18:18:55.056Z","level":"info","message":"request","requestId":"b4915e58-5318-407d-8078-6e35ffdc0200","method":"POST","path":"/api/inventory/labels/batch","status":201,"duration":"4ms","ip":"::ffff:127.0.0.1","userId":1,"companyId":1,"branchId":1}

      at Object.info (server/logger.ts:45:36)

  console.info
    {"timestamp":"2026-04-26T18:18:55.082Z","level":"info","message":"request","requestId":"78fc42bb-6501-477d-9101-7103c80dc9e2","method":"POST","path":"/api/inventory/labels/batch","status":201,"duration":"5ms","ip":"::ffff:127.0.0.1","userId":1,"companyId":1,"branchId":1}

      at Object.info (server/logger.ts:45:36)

  console.info
    {"timestamp":"2026-04-26T18:18:55.106Z","level":"info","message":"request","requestId":"c0ac943f-59b2-40cb-90b0-20e0fe5e783d","method":"POST","path":"/api/inventory/labels/batch","status":201,"duration":"3ms","ip":"::ffff:127.0.0.1","userId":1,"companyId":1,"branchId":1}

      at Object.info (server/logger.ts:45:36)

  console.info
    {"timestamp":"2026-04-26T18:18:55.131Z","level":"info","message":"request","requestId":"85326554-2aa9-43c3-80bb-219ebe995609","method":"POST","path":"/api/inventory/labels/batch","status":201,"duration":"4ms","ip":"::ffff:127.0.0.1","userId":1,"companyId":1,"branchId":1}

      at Object.info (server/logger.ts:45:36)

  console.info
    {"timestamp":"2026-04-26T18:18:55.157Z","level":"info","message":"request","requestId":"8058a90c-403e-4c98-b6a8-481f713c24ad","method":"POST","path":"/api/inventory/labels/batch","status":201,"duration":"3ms","ip":"::ffff:127.0.0.1","userId":1,"companyId":1,"branchId":1}

      at Object.info (server/logger.ts:45:36)

  console.info
    {"timestamp":"2026-04-26T18:18:55.182Z","level":"info","message":"request","requestId":"4a8be8d7-5f68-4299-ac3d-466ab89f787d","method":"POST","path":"/api/inventory/labels/batch","status":201,"duration":"5ms","ip":"::ffff:127.0.0.1","userId":1,"companyId":1,"branchId":1}

      at Object.info (server/logger.ts:45:36)

  console.info
    {"timestamp":"2026-04-26T18:18:55.209Z","level":"info","message":"request","requestId":"290abdf5-e91f-457c-935f-216df89d0777","method":"PUT","path":"/api/inventory/labels/1","status":200,"duration":"4ms","ip":"::ffff:127.0.0.1","userId":1,"companyId":1,"branchId":1}

      at Object.info (server/logger.ts:45:36)

  console.info
    {"timestamp":"2026-04-26T18:18:55.233Z","level":"info","message":"request","requestId":"054667b9-65f2-4ed4-8ac7-8c7a67cba5e5","method":"DELETE","path":"/api/inventory/labels/1","status":200,"duration":"4ms","ip":"::ffff:127.0.0.1","userId":1,"companyId":1,"branchId":1}

      at Object.info (server/logger.ts:45:36)

  console.info
    {"timestamp":"2026-04-26T18:18:55.260Z","level":"info","message":"request","requestId":"1dcd12bc-f180-4d91-99b0-df8cee40b175","method":"GET","path":"/api/inventory/stock-summary","status":200,"duration":"3ms","ip":"::ffff:127.0.0.1","userId":1,"companyId":1,"branchId":1}

      at Object.info (server/logger.ts:45:36)

  console.info
    {"timestamp":"2026-04-26T18:18:55.284Z","level":"info","message":"request","requestId":"17a047fc-64f1-46b4-a36a-e4d8e1ca427a","method":"POST","path":"/api/inventory/labels","status":201,"duration":"3ms","ip":"::ffff:127.0.0.1","userId":1,"companyId":1,"branchId":1}

      at Object.info (server/logger.ts:45:36)

  console.warn
    {"timestamp":"2026-04-26T18:18:55.310Z","level":"warn","message":"request","requestId":"eb9d5790-4b9d-4d35-aa7e-936192b59d28","method":"POST","path":"/api/inventory/labels","status":400,"duration":"2ms","ip":"::ffff:127.0.0.1","userId":1,"companyId":1,"branchId":1}

    [0m [90m 46 |[39m   }[33m,[39m
     [90m 47 |[39m   warn(message[33m:[39m string[33m,[39m meta[33m?[39m[33m:[39m [33mRecord[39m[33m<[39m[33mstring[39m[33m,[39m unknown[33m>[39m) {
    [31m[1m>[22m[39m[90m 48 |[39m     [36mif[39m (shouldLog([32m'warn'[39m)) console[33m.[39mwarn(formatMessage([32m'warn'[39m[33m,[39m message[33m,[39m meta))[33m;[39m
     [90m    |[39m                                    [31m[1m^[22m[39m
     [90m 49 |[39m   }[33m,[39m
     [90m 50 |[39m   error(message[33m:[39m string[33m,[39m meta[33m?[39m[33m:[39m [33mRecord[39m[33m<[39m[33mstring[39m[33m,[39m unknown[33m>[39m) {
     [90m 51 |[39m     [36mif[39m (shouldLog([32m'error'[39m)) console[33m.[39merror(formatMessage([32m'error'[39m[33m,[39m message[33m,[39m meta))[33m;[39m[0m

      at Object.warn (server/logger.ts:48:36)
      at ServerResponse.<anonymous> (server/middleware/requestLogger.ts:47:14)

  console.info
    {"timestamp":"2026-04-26T18:18:55.340Z","level":"info","message":"request","requestId":"1f1bd886-0c05-4779-b5ea-f65408811e6a","method":"POST","path":"/api/inventory/labels","status":201,"duration":"4ms","ip":"::ffff:127.0.0.1","userId":1,"companyId":1,"branchId":1}

      at Object.info (server/logger.ts:45:36)

  console.warn
    {"timestamp":"2026-04-26T18:18:55.365Z","level":"warn","message":"request","requestId":"d2054cd1-94d5-49b7-a3d7-8422a8420e8a","method":"POST","path":"/api/inventory/labels","status":400,"duration":"3ms","ip":"::ffff:127.0.0.1","userId":1,"companyId":1,"branchId":1}

    [0m [90m 46 |[39m   }[33m,[39m
     [90m 47 |[39m   warn(message[33m:[39m string[33m,[39m meta[33m?[39m[33m:[39m [33mRecord[39m[33m<[39m[33mstring[39m[33m,[39m unknown[33m>[39m) {
    [31m[1m>[22m[39m[90m 48 |[39m     [36mif[39m (shouldLog([32m'warn'[39m)) console[33m.[39mwarn(formatMessage([32m'warn'[39m[33m,[39m message[33m,[39m meta))[33m;[39m
     [90m    |[39m                                    [31m[1m^[22m[39m
     [90m 49 |[39m   }[33m,[39m
     [90m 50 |[39m   error(message[33m:[39m string[33m,[39m meta[33m?[39m[33m:[39m [33mRecord[39m[33m<[39m[33mstring[39m[33m,[39m unknown[33m>[39m) {
     [90m 51 |[39m     [36mif[39m (shouldLog([32m'error'[39m)) console[33m.[39merror(formatMessage([32m'error'[39m[33m,[39m message[33m,[39m meta))[33m;[39m[0m

      at Object.warn (server/logger.ts:48:36)
      at ServerResponse.<anonymous> (server/middleware/requestLogger.ts:47:14)

  console.info
    {"timestamp":"2026-04-26T18:18:55.398Z","level":"info","message":"request","requestId":"cf403ace-cc85-47ec-8af8-6b891d1ae148","method":"POST","path":"/api/inventory/labels/batch","status":201,"duration":"4ms","ip":"::ffff:127.0.0.1","userId":1,"companyId":1,"branchId":1}

      at Object.info (server/logger.ts:45:36)

  console.warn
    {"timestamp":"2026-04-26T18:18:55.424Z","level":"warn","message":"request","requestId":"fb88b94e-338b-48f9-a1bf-9bf52fdd06a5","method":"POST","path":"/api/inventory/labels/batch","status":400,"duration":"3ms","ip":"::ffff:127.0.0.1","userId":1,"companyId":1,"branchId":1}

    [0m [90m 46 |[39m   }[33m,[39m
     [90m 47 |[39m   warn(message[33m:[39m string[33m,[39m meta[33m?[39m[33m:[39m [33mRecord[39m[33m<[39m[33mstring[39m[33m,[39m unknown[33m>[39m) {
    [31m[1m>[22m[39m[90m 48 |[39m     [36mif[39m (shouldLog([32m'warn'[39m)) console[33m.[39mwarn(formatMessage([32m'warn'[39m[33m,[39m message[33m,[39m meta))[33m;[39m
     [90m    |[39m                                    [31m[1m^[22m[39m
     [90m 49 |[39m   }[33m,[39m
     [90m 50 |[39m   error(message[33m:[39m string[33m,[39m meta[33m?[39m[33m:[39m [33mRecord[39m[33m<[39m[33mstring[39m[33m,[39m unknown[33m>[39m) {
     [90m 51 |[39m     [36mif[39m (shouldLog([32m'error'[39m)) console[33m.[39merror(formatMessage([32m'error'[39m[33m,[39m message[33m,[39m meta))[33m;[39m[0m

      at Object.warn (server/logger.ts:48:36)
      at ServerResponse.<anonymous> (server/middleware/requestLogger.ts:47:14)

  console.info
    {"timestamp":"2026-04-26T18:18:55.461Z","level":"info","message":"request","requestId":"6b4a5dbc-c10d-405e-82f3-acefab5e72da","method":"POST","path":"/api/inventory/labels/batch","status":201,"duration":"3ms","ip":"::ffff:127.0.0.1","userId":1,"companyId":1,"branchId":1}

      at Object.info (server/logger.ts:45:36)

PASS tests/integration/inventory.test.ts (17.677 s)
  GET /api/inventory/items
    ΓêÜ returns all active items with relations (268 ms)
    ΓêÜ returns empty array when no items (42 ms)
  POST /api/inventory/items
    ΓêÜ creates a new item (110 ms)
  GET /api/inventory/prefixes
    ΓêÜ returns all active prefixes with item group (34 ms)
  POST /api/inventory/prefixes
    ΓêÜ creates a new prefix (42 ms)
  GET /api/inventory/labels
    ΓêÜ returns labels with total count (29 ms)
    ΓêÜ supports date range filtering (37 ms)
    ΓêÜ filters by group name (48 ms)
    ΓêÜ filters by dateTo only (no dateFrom) (32 ms)
    ΓêÜ filters by dateFrom only (no dateTo) (29 ms)
    ΓêÜ returns all labels when no date filter provided (27 ms)
  GET /api/inventory/labels/search
    ΓêÜ finds a label by labelNo query param (27 ms)
    ΓêÜ returns 400 if labelNo not provided (44 ms)
    ΓêÜ returns 404 if label not found (81 ms)
    ΓêÜ handles label numbers with slashes (e.g. GB/13) (27 ms)
  GET /api/inventory/labels/:id
    ΓêÜ returns a label by ID (25 ms)
    ΓêÜ returns 404 when label not found (38 ms)
  POST /api/inventory/labels
    ΓêÜ creates a label and increments prefix lastNumber (34 ms)
  POST /api/inventory/labels/batch
    label creation for Gold Pendant (previously failing)
      ΓêÜ creates labels when prefix is auto-detected from item group (31 ms)
      ΓêÜ FAILS when item group has no prefix mapping (the original bug) (37 ms)
    label creation for Gold Mangalsutra (previously failing)
      ΓêÜ creates labels when prefix GM exists for Mangalsutra group (31 ms)
      ΓêÜ FAILS when Mangalsutra group has no prefix mapping (41 ms)
    label creation for Gold Coin (previously failing)
      ΓêÜ creates labels when prefix GK exists for Coin group (29 ms)
    label creation for Gold Bracelet (previously failing)
      ΓêÜ creates labels when prefix GT exists for Bracelet group (29 ms)
    label creation for Gold Nose Pin (previously failing)
      ΓêÜ creates labels when prefix GN2 exists for Nose Pin group (27 ms)
    label creation for Silver Coin (previously failing)
      ΓêÜ creates labels when prefix SC exists for Silver Coin group (27 ms)
    label creation for Necklace (always worked)
      ΓêÜ creates a batch label for Gold Necklace (28 ms)
    prefix resolution strategies
      ΓêÜ uses top-level prefixId when provided (22 ms)
      ΓêÜ uses per-item prefixId when provided (22 ms)
      ΓêÜ resolves prefix by prefix string (26 ms)
      ΓêÜ auto-detects prefix from item ΓåÆ itemGroup ΓåÆ labelPrefix (23 ms)
    counter resolution
      ΓêÜ resolves counter by counterCode (26 ms)
      ΓêÜ uses top-level counterId (23 ms)
    branch resolution
      ΓêÜ uses provided branchId (21 ms)
      ΓêÜ uses req.branchId when body branchId is not provided (23 ms)
    multi-label batch creation
      ΓêÜ creates multiple labels across different item groups in one batch (28 ms)
      ΓêÜ fails entire batch if any item has no prefix mapping (30 ms)
    every item group should have a resolvable prefix
      ΓêÜ creates label for Necklace (groupId=1, prefix=GN) (23 ms)
      ΓêÜ creates label for Chain (groupId=2, prefix=GC) (25 ms)
      ΓêÜ creates label for Bangle (groupId=3, prefix=GB) (65 ms)
      ΓêÜ creates label for Bracelet (groupId=4, prefix=GT) (20 ms)
      ΓêÜ creates label for Ring (groupId=5, prefix=GR) (18 ms)
      ΓêÜ creates label for Earring (groupId=6, prefix=GE) (26 ms)
      ΓêÜ creates label for Pendant (groupId=7, prefix=GP) (31 ms)
      ΓêÜ creates label for Mangalsutra (groupId=8, prefix=GM) (24 ms)
      ΓêÜ creates label for Nose Pin (groupId=9, prefix=GN2) (24 ms)
      ΓêÜ creates label for Coin (groupId=10, prefix=GK) (26 ms)
      ΓêÜ creates label for Silver Bangle (groupId=11, prefix=SB) (24 ms)
      ΓêÜ creates label for Silver Coin (groupId=12, prefix=SC) (23 ms)
  PUT /api/inventory/labels/:id
    ΓêÜ updates a label (24 ms)
  DELETE /api/inventory/labels/:id
    ΓêÜ deletes a label (25 ms)
  GET /api/inventory/stock-summary
    ΓêÜ returns stock summary grouped by status (25 ms)
  Tag ID feature for label creation
    POST /api/inventory/labels (single) with tagId
      ΓêÜ creates label with tagId for item group that requires it (24 ms)
      ΓêÜ fails when tagId is missing for item group that requires it (29 ms)
      ΓêÜ creates label with auto-sequence for item group that does NOT require tagId (26 ms)
      ΓêÜ fails when tagId already exists for prefix (27 ms)
    POST /api/inventory/labels/batch with tagId
      ΓêÜ creates batch labels with tagIds for items that require them (28 ms)
      ΓêÜ fails batch when item requires tagId but none provided (30 ms)
      ΓêÜ mixes tagId and auto-sequence labels in same batch (31 ms)

  console.info
    {"timestamp":"2026-04-26T18:18:57.562Z","level":"info","message":"request","requestId":"7315ae58-b4d8-49f2-9ece-6c0678d74b93","method":"GET","path":"/api/branches","status":200,"duration":"9ms","ip":"::ffff:127.0.0.1","userId":1,"companyId":1,"branchId":1}

      at Object.info (server/logger.ts:45:36)

  console.info
    {"timestamp":"2026-04-26T18:18:57.598Z","level":"info","message":"request","requestId":"37f268e8-3b85-45b8-b357-30a0d934ddff","method":"GET","path":"/api/branches?search=Pune","status":200,"duration":"3ms","ip":"::ffff:127.0.0.1","userId":1,"companyId":1,"branchId":1}

      at Object.info (server/logger.ts:45:36)

  console.info
    {"timestamp":"2026-04-26T18:18:57.625Z","level":"info","message":"request","requestId":"d69e3663-d021-41df-83bd-10b778c34027","method":"GET","path":"/api/branches?includeDeleted=true","status":200,"duration":"2ms","ip":"::ffff:127.0.0.1","userId":1,"companyId":1,"branchId":1}

      at Object.info (server/logger.ts:45:36)

  console.info
    {"timestamp":"2026-04-26T18:18:57.653Z","level":"info","message":"request","requestId":"d402f463-ec42-4039-aba7-6b82dd35a6ed","method":"GET","path":"/api/branches/1","status":200,"duration":"4ms","ip":"::ffff:127.0.0.1","userId":1,"companyId":1,"branchId":1}

      at Object.info (server/logger.ts:45:36)

  console.warn
    {"timestamp":"2026-04-26T18:18:57.676Z","level":"warn","message":"request","requestId":"22e50823-53ec-4c66-9ae0-beff5f65117f","method":"GET","path":"/api/branches/999","status":404,"duration":"3ms","ip":"::ffff:127.0.0.1","userId":1,"companyId":1,"branchId":1}

    [0m [90m 46 |[39m   }[33m,[39m
     [90m 47 |[39m   warn(message[33m:[39m string[33m,[39m meta[33m?[39m[33m:[39m [33mRecord[39m[33m<[39m[33mstring[39m[33m,[39m unknown[33m>[39m) {
    [31m[1m>[22m[39m[90m 48 |[39m     [36mif[39m (shouldLog([32m'warn'[39m)) console[33m.[39mwarn(formatMessage([32m'warn'[39m[33m,[39m message[33m,[39m meta))[33m;[39m
     [90m    |[39m                                    [31m[1m^[22m[39m
     [90m 49 |[39m   }[33m,[39m
     [90m 50 |[39m   error(message[33m:[39m string[33m,[39m meta[33m?[39m[33m:[39m [33mRecord[39m[33m<[39m[33mstring[39m[33m,[39m unknown[33m>[39m) {
     [90m 51 |[39m     [36mif[39m (shouldLog([32m'error'[39m)) console[33m.[39merror(formatMessage([32m'error'[39m[33m,[39m message[33m,[39m meta))[33m;[39m[0m

      at Object.warn (server/logger.ts:48:36)
      at ServerResponse.<anonymous> (server/middleware/requestLogger.ts:47:14)

  console.info
    {"timestamp":"2026-04-26T18:18:57.705Z","level":"info","message":"request","requestId":"0799e469-87e6-4e72-bf07-414c1721fb35","method":"GET","path":"/api/branches/1/children","status":200,"duration":"3ms","ip":"::ffff:127.0.0.1","userId":1,"companyId":1,"branchId":1}

      at Object.info (server/logger.ts:45:36)

  console.info
    {"timestamp":"2026-04-26T18:18:57.730Z","level":"info","message":"request","requestId":"c3c6d989-b709-4af6-b647-f37d0f395995","method":"GET","path":"/api/branches/1/stats","status":200,"duration":"4ms","ip":"::ffff:127.0.0.1","userId":1,"companyId":1,"branchId":1}

      at Object.info (server/logger.ts:45:36)

  console.info
    {"timestamp":"2026-04-26T18:18:57.789Z","level":"info","message":"request","requestId":"25aa1179-3671-4764-92e2-12dfd1cf110e","method":"POST","path":"/api/branches","status":201,"duration":"37ms","ip":"::ffff:127.0.0.1","userId":1,"companyId":1,"branchId":1}

      at Object.info (server/logger.ts:45:36)

  console.info
    {"timestamp":"2026-04-26T18:18:57.814Z","level":"info","message":"request","requestId":"87cab1b8-237b-4d74-830b-a5aeacf71d01","method":"POST","path":"/api/branches","status":201,"duration":"3ms","ip":"::ffff:127.0.0.1","userId":1,"companyId":1,"branchId":1}

      at Object.info (server/logger.ts:45:36)

  console.warn
    {"timestamp":"2026-04-26T18:18:57.842Z","level":"warn","message":"request","requestId":"38c783d1-bd6a-4583-9a97-4ffd2dfdc3be","method":"POST","path":"/api/branches","status":409,"duration":"5ms","ip":"::ffff:127.0.0.1","userId":1,"companyId":1,"branchId":1}

    [0m [90m 46 |[39m   }[33m,[39m
     [90m 47 |[39m   warn(message[33m:[39m string[33m,[39m meta[33m?[39m[33m:[39m [33mRecord[39m[33m<[39m[33mstring[39m[33m,[39m unknown[33m>[39m) {
    [31m[1m>[22m[39m[90m 48 |[39m     [36mif[39m (shouldLog([32m'warn'[39m)) console[33m.[39mwarn(formatMessage([32m'warn'[39m[33m,[39m message[33m,[39m meta))[33m;[39m
     [90m    |[39m                                    [31m[1m^[22m[39m
     [90m 49 |[39m   }[33m,[39m
     [90m 50 |[39m   error(message[33m:[39m string[33m,[39m meta[33m?[39m[33m:[39m [33mRecord[39m[33m<[39m[33mstring[39m[33m,[39m unknown[33m>[39m) {
     [90m 51 |[39m     [36mif[39m (shouldLog([32m'error'[39m)) console[33m.[39merror(formatMessage([32m'error'[39m[33m,[39m message[33m,[39m meta))[33m;[39m[0m

      at Object.warn (server/logger.ts:48:36)
      at ServerResponse.<anonymous> (server/middleware/requestLogger.ts:47:14)

  console.warn
    {"timestamp":"2026-04-26T18:18:57.876Z","level":"warn","message":"request","requestId":"17c0520d-dfb2-4b0b-bc04-80ef378ae744","method":"POST","path":"/api/branches","status":400,"duration":"2ms","ip":"::ffff:127.0.0.1","userId":1,"companyId":1,"branchId":1}

    [0m [90m 46 |[39m   }[33m,[39m
     [90m 47 |[39m   warn(message[33m:[39m string[33m,[39m meta[33m?[39m[33m:[39m [33mRecord[39m[33m<[39m[33mstring[39m[33m,[39m unknown[33m>[39m) {
    [31m[1m>[22m[39m[90m 48 |[39m     [36mif[39m (shouldLog([32m'warn'[39m)) console[33m.[39mwarn(formatMessage([32m'warn'[39m[33m,[39m message[33m,[39m meta))[33m;[39m
     [90m    |[39m                                    [31m[1m^[22m[39m
     [90m 49 |[39m   }[33m,[39m
     [90m 50 |[39m   error(message[33m:[39m string[33m,[39m meta[33m?[39m[33m:[39m [33mRecord[39m[33m<[39m[33mstring[39m[33m,[39m unknown[33m>[39m) {
     [90m 51 |[39m     [36mif[39m (shouldLog([32m'error'[39m)) console[33m.[39merror(formatMessage([32m'error'[39m[33m,[39m message[33m,[39m meta))[33m;[39m[0m

      at Object.warn (server/logger.ts:48:36)
      at ServerResponse.<anonymous> (server/middleware/requestLogger.ts:47:14)

  console.warn
    {"timestamp":"2026-04-26T18:18:57.910Z","level":"warn","message":"request","requestId":"493e2e7d-7165-4c0c-ac6e-fea0a49dca1f","method":"POST","path":"/api/branches","status":400,"duration":"3ms","ip":"::ffff:127.0.0.1","userId":1,"companyId":1,"branchId":1}

    [0m [90m 46 |[39m   }[33m,[39m
     [90m 47 |[39m   warn(message[33m:[39m string[33m,[39m meta[33m?[39m[33m:[39m [33mRecord[39m[33m<[39m[33mstring[39m[33m,[39m unknown[33m>[39m) {
    [31m[1m>[22m[39m[90m 48 |[39m     [36mif[39m (shouldLog([32m'warn'[39m)) console[33m.[39mwarn(formatMessage([32m'warn'[39m[33m,[39m message[33m,[39m meta))[33m;[39m
     [90m    |[39m                                    [31m[1m^[22m[39m
     [90m 49 |[39m   }[33m,[39m
     [90m 50 |[39m   error(message[33m:[39m string[33m,[39m meta[33m?[39m[33m:[39m [33mRecord[39m[33m<[39m[33mstring[39m[33m,[39m unknown[33m>[39m) {
     [90m 51 |[39m     [36mif[39m (shouldLog([32m'error'[39m)) console[33m.[39merror(formatMessage([32m'error'[39m[33m,[39m message[33m,[39m meta))[33m;[39m[0m

      at Object.warn (server/logger.ts:48:36)
      at ServerResponse.<anonymous> (server/middleware/requestLogger.ts:47:14)

  console.info
    {"timestamp":"2026-04-26T18:18:57.945Z","level":"info","message":"request","requestId":"9bf288d2-c396-4c86-858d-182016f075f9","method":"PUT","path":"/api/branches/2","status":200,"duration":"5ms","ip":"::ffff:127.0.0.1","userId":1,"companyId":1,"branchId":1}

      at Object.info (server/logger.ts:45:36)

  console.warn
    {"timestamp":"2026-04-26T18:18:57.973Z","level":"warn","message":"request","requestId":"e5083646-c560-4228-b330-08b99ca24e3b","method":"PUT","path":"/api/branches/999","status":404,"duration":"4ms","ip":"::ffff:127.0.0.1","userId":1,"companyId":1,"branchId":1}

    [0m [90m 46 |[39m   }[33m,[39m
     [90m 47 |[39m   warn(message[33m:[39m string[33m,[39m meta[33m?[39m[33m:[39m [33mRecord[39m[33m<[39m[33mstring[39m[33m,[39m unknown[33m>[39m) {
    [31m[1m>[22m[39m[90m 48 |[39m     [36mif[39m (shouldLog([32m'warn'[39m)) console[33m.[39mwarn(formatMessage([32m'warn'[39m[33m,[39m message[33m,[39m meta))[33m;[39m
     [90m    |[39m                                    [31m[1m^[22m[39m
     [90m 49 |[39m   }[33m,[39m
     [90m 50 |[39m   error(message[33m:[39m string[33m,[39m meta[33m?[39m[33m:[39m [33mRecord[39m[33m<[39m[33mstring[39m[33m,[39m unknown[33m>[39m) {
     [90m 51 |[39m     [36mif[39m (shouldLog([32m'error'[39m)) console[33m.[39merror(formatMessage([32m'error'[39m[33m,[39m message[33m,[39m meta))[33m;[39m[0m

      at Object.warn (server/logger.ts:48:36)
      at ServerResponse.<anonymous> (server/middleware/requestLogger.ts:47:14)

  console.info
    {"timestamp":"2026-04-26T18:18:58.009Z","level":"info","message":"request","requestId":"c62948d0-5cd6-4236-bfe8-c7798eba992f","method":"PUT","path":"/api/branches/2/disable","status":200,"duration":"5ms","ip":"::ffff:127.0.0.1","userId":1,"companyId":1,"branchId":1}

      at Object.info (server/logger.ts:45:36)

  console.warn
    {"timestamp":"2026-04-26T18:18:58.034Z","level":"warn","message":"request","requestId":"5a430ee4-02e8-4209-8251-9dc762d7c734","method":"PUT","path":"/api/branches/1/disable","status":400,"duration":"2ms","ip":"::ffff:127.0.0.1","userId":1,"companyId":1,"branchId":1}

    [0m [90m 46 |[39m   }[33m,[39m
     [90m 47 |[39m   warn(message[33m:[39m string[33m,[39m meta[33m?[39m[33m:[39m [33mRecord[39m[33m<[39m[33mstring[39m[33m,[39m unknown[33m>[39m) {
    [31m[1m>[22m[39m[90m 48 |[39m     [36mif[39m (shouldLog([32m'warn'[39m)) console[33m.[39mwarn(formatMessage([32m'warn'[39m[33m,[39m message[33m,[39m meta))[33m;[39m
     [90m    |[39m                                    [31m[1m^[22m[39m
     [90m 49 |[39m   }[33m,[39m
     [90m 50 |[39m   error(message[33m:[39m string[33m,[39m meta[33m?[39m[33m:[39m [33mRecord[39m[33m<[39m[33mstring[39m[33m,[39m unknown[33m>[39m) {
     [90m 51 |[39m     [36mif[39m (shouldLog([32m'error'[39m)) console[33m.[39merror(formatMessage([32m'error'[39m[33m,[39m message[33m,[39m meta))[33m;[39m[0m

      at Object.warn (server/logger.ts:48:36)
      at ServerResponse.<anonymous> (server/middleware/requestLogger.ts:47:14)

  console.warn
    {"timestamp":"2026-04-26T18:18:58.062Z","level":"warn","message":"request","requestId":"464b4fdb-fdf5-4cdb-b8ed-3e60768237ac","method":"PUT","path":"/api/branches/4/disable","status":400,"duration":"3ms","ip":"::ffff:127.0.0.1","userId":1,"companyId":1,"branchId":1}

    [0m [90m 46 |[39m   }[33m,[39m
     [90m 47 |[39m   warn(message[33m:[39m string[33m,[39m meta[33m?[39m[33m:[39m [33mRecord[39m[33m<[39m[33mstring[39m[33m,[39m unknown[33m>[39m) {
    [31m[1m>[22m[39m[90m 48 |[39m     [36mif[39m (shouldLog([32m'warn'[39m)) console[33m.[39mwarn(formatMessage([32m'warn'[39m[33m,[39m message[33m,[39m meta))[33m;[39m
     [90m    |[39m                                    [31m[1m^[22m[39m
     [90m 49 |[39m   }[33m,[39m
     [90m 50 |[39m   error(message[33m:[39m string[33m,[39m meta[33m?[39m[33m:[39m [33mRecord[39m[33m<[39m[33mstring[39m[33m,[39m unknown[33m>[39m) {
     [90m 51 |[39m     [36mif[39m (shouldLog([32m'error'[39m)) console[33m.[39merror(formatMessage([32m'error'[39m[33m,[39m message[33m,[39m meta))[33m;[39m[0m

      at Object.warn (server/logger.ts:48:36)
      at ServerResponse.<anonymous> (server/middleware/requestLogger.ts:47:14)

  console.info
    {"timestamp":"2026-04-26T18:18:58.095Z","level":"info","message":"request","requestId":"3adfef1c-e89d-47d4-9378-77954133c02e","method":"PUT","path":"/api/branches/4/enable","status":200,"duration":"4ms","ip":"::ffff:127.0.0.1","userId":1,"companyId":1,"branchId":1}

      at Object.info (server/logger.ts:45:36)

  console.warn
    {"timestamp":"2026-04-26T18:18:58.122Z","level":"warn","message":"request","requestId":"1ffe83d7-bbfd-4b55-9d7e-644c9c57a321","method":"PUT","path":"/api/branches/2/enable","status":400,"duration":"3ms","ip":"::ffff:127.0.0.1","userId":1,"companyId":1,"branchId":1}

    [0m [90m 46 |[39m   }[33m,[39m
     [90m 47 |[39m   warn(message[33m:[39m string[33m,[39m meta[33m?[39m[33m:[39m [33mRecord[39m[33m<[39m[33mstring[39m[33m,[39m unknown[33m>[39m) {
    [31m[1m>[22m[39m[90m 48 |[39m     [36mif[39m (shouldLog([32m'warn'[39m)) console[33m.[39mwarn(formatMessage([32m'warn'[39m[33m,[39m message[33m,[39m meta))[33m;[39m
     [90m    |[39m                                    [31m[1m^[22m[39m
     [90m 49 |[39m   }[33m,[39m
     [90m 50 |[39m   error(message[33m:[39m string[33m,[39m meta[33m?[39m[33m:[39m [33mRecord[39m[33m<[39m[33mstring[39m[33m,[39m unknown[33m>[39m) {
     [90m 51 |[39m     [36mif[39m (shouldLog([32m'error'[39m)) console[33m.[39merror(formatMessage([32m'error'[39m[33m,[39m message[33m,[39m meta))[33m;[39m[0m

      at Object.warn (server/logger.ts:48:36)
      at ServerResponse.<anonymous> (server/middleware/requestLogger.ts:47:14)

  console.info
    {"timestamp":"2026-04-26T18:18:58.155Z","level":"info","message":"request","requestId":"b3799aae-b4f6-4c1c-823c-22215be89d5e","method":"DELETE","path":"/api/branches/2","status":200,"duration":"5ms","ip":"::ffff:127.0.0.1","userId":1,"companyId":1,"branchId":1}

      at Object.info (server/logger.ts:45:36)

  console.warn
    {"timestamp":"2026-04-26T18:18:58.182Z","level":"warn","message":"request","requestId":"ad8f0501-6f0a-4753-9378-94ad087f5d5b","method":"DELETE","path":"/api/branches/1","status":400,"duration":"3ms","ip":"::ffff:127.0.0.1","userId":1,"companyId":1,"branchId":1}

    [0m [90m 46 |[39m   }[33m,[39m
     [90m 47 |[39m   warn(message[33m:[39m string[33m,[39m meta[33m?[39m[33m:[39m [33mRecord[39m[33m<[39m[33mstring[39m[33m,[39m unknown[33m>[39m) {
    [31m[1m>[22m[39m[90m 48 |[39m     [36mif[39m (shouldLog([32m'warn'[39m)) console[33m.[39mwarn(formatMessage([32m'warn'[39m[33m,[39m message[33m,[39m meta))[33m;[39m
     [90m    |[39m                                    [31m[1m^[22m[39m
     [90m 49 |[39m   }[33m,[39m
     [90m 50 |[39m   error(message[33m:[39m string[33m,[39m meta[33m?[39m[33m:[39m [33mRecord[39m[33m<[39m[33mstring[39m[33m,[39m unknown[33m>[39m) {
     [90m 51 |[39m     [36mif[39m (shouldLog([32m'error'[39m)) console[33m.[39merror(formatMessage([32m'error'[39m[33m,[39m message[33m,[39m meta))[33m;[39m[0m

      at Object.warn (server/logger.ts:48:36)
      at ServerResponse.<anonymous> (server/middleware/requestLogger.ts:47:14)

  console.warn
    {"timestamp":"2026-04-26T18:18:58.212Z","level":"warn","message":"request","requestId":"27d4a28b-3fdd-4c98-800e-7c4e98b47c1f","method":"DELETE","path":"/api/branches/2","status":400,"duration":"3ms","ip":"::ffff:127.0.0.1","userId":1,"companyId":1,"branchId":1}

    [0m [90m 46 |[39m   }[33m,[39m
     [90m 47 |[39m   warn(message[33m:[39m string[33m,[39m meta[33m?[39m[33m:[39m [33mRecord[39m[33m<[39m[33mstring[39m[33m,[39m unknown[33m>[39m) {
    [31m[1m>[22m[39m[90m 48 |[39m     [36mif[39m (shouldLog([32m'warn'[39m)) console[33m.[39mwarn(formatMessage([32m'warn'[39m[33m,[39m message[33m,[39m meta))[33m;[39m
     [90m    |[39m                                    [31m[1m^[22m[39m
     [90m 49 |[39m   }[33m,[39m
     [90m 50 |[39m   error(message[33m:[39m string[33m,[39m meta[33m?[39m[33m:[39m [33mRecord[39m[33m<[39m[33mstring[39m[33m,[39m unknown[33m>[39m) {
     [90m 51 |[39m     [36mif[39m (shouldLog([32m'error'[39m)) console[33m.[39merror(formatMessage([32m'error'[39m[33m,[39m message[33m,[39m meta))[33m;[39m[0m

      at Object.warn (server/logger.ts:48:36)
      at ServerResponse.<anonymous> (server/middleware/requestLogger.ts:47:14)

  console.warn
    {"timestamp":"2026-04-26T18:18:58.246Z","level":"warn","message":"request","requestId":"0c9bcd5e-5b6e-483e-9eb0-5f88696f73ce","method":"DELETE","path":"/api/branches/2","status":400,"duration":"3ms","ip":"::ffff:127.0.0.1","userId":1,"companyId":1,"branchId":1}

    [0m [90m 46 |[39m   }[33m,[39m
     [90m 47 |[39m   warn(message[33m:[39m string[33m,[39m meta[33m?[39m[33m:[39m [33mRecord[39m[33m<[39m[33mstring[39m[33m,[39m unknown[33m>[39m) {
    [31m[1m>[22m[39m[90m 48 |[39m     [36mif[39m (shouldLog([32m'warn'[39m)) console[33m.[39mwarn(formatMessage([32m'warn'[39m[33m,[39m message[33m,[39m meta))[33m;[39m
     [90m    |[39m                                    [31m[1m^[22m[39m
     [90m 49 |[39m   }[33m,[39m
     [90m 50 |[39m   error(message[33m:[39m string[33m,[39m meta[33m?[39m[33m:[39m [33mRecord[39m[33m<[39m[33mstring[39m[33m,[39m unknown[33m>[39m) {
     [90m 51 |[39m     [36mif[39m (shouldLog([32m'error'[39m)) console[33m.[39merror(formatMessage([32m'error'[39m[33m,[39m message[33m,[39m meta))[33m;[39m[0m

      at Object.warn (server/logger.ts:48:36)
      at ServerResponse.<anonymous> (server/middleware/requestLogger.ts:47:14)

  console.warn
    {"timestamp":"2026-04-26T18:18:58.278Z","level":"warn","message":"request","requestId":"f4a3a850-8931-43c0-8ea5-f4c88e28f25a","method":"DELETE","path":"/api/branches/5","status":400,"duration":"2ms","ip":"::ffff:127.0.0.1","userId":1,"companyId":1,"branchId":1}

    [0m [90m 46 |[39m   }[33m,[39m
     [90m 47 |[39m   warn(message[33m:[39m string[33m,[39m meta[33m?[39m[33m:[39m [33mRecord[39m[33m<[39m[33mstring[39m[33m,[39m unknown[33m>[39m) {
    [31m[1m>[22m[39m[90m 48 |[39m     [36mif[39m (shouldLog([32m'warn'[39m)) console[33m.[39mwarn(formatMessage([32m'warn'[39m[33m,[39m message[33m,[39m meta))[33m;[39m
     [90m    |[39m                                    [31m[1m^[22m[39m
     [90m 49 |[39m   }[33m,[39m
     [90m 50 |[39m   error(message[33m:[39m string[33m,[39m meta[33m?[39m[33m:[39m [33mRecord[39m[33m<[39m[33mstring[39m[33m,[39m unknown[33m>[39m) {
     [90m 51 |[39m     [36mif[39m (shouldLog([32m'error'[39m)) console[33m.[39merror(formatMessage([32m'error'[39m[33m,[39m message[33m,[39m meta))[33m;[39m[0m

      at Object.warn (server/logger.ts:48:36)
      at ServerResponse.<anonymous> (server/middleware/requestLogger.ts:47:14)

  console.info
    {"timestamp":"2026-04-26T18:18:58.310Z","level":"info","message":"request","requestId":"97b61b0c-6ece-4e38-928f-a275f433a33a","method":"DELETE","path":"/api/branches/2/permanent","status":200,"duration":"4ms","ip":"::ffff:127.0.0.1","userId":1,"companyId":1,"branchId":1}

      at Object.info (server/logger.ts:45:36)

  console.warn
    {"timestamp":"2026-04-26T18:18:58.336Z","level":"warn","message":"request","requestId":"068cdee8-3ba1-4aed-984f-005805847e6b","method":"DELETE","path":"/api/branches/2/permanent","status":400,"duration":"3ms","ip":"::ffff:127.0.0.1","userId":1,"companyId":1,"branchId":1}

    [0m [90m 46 |[39m   }[33m,[39m
     [90m 47 |[39m   warn(message[33m:[39m string[33m,[39m meta[33m?[39m[33m:[39m [33mRecord[39m[33m<[39m[33mstring[39m[33m,[39m unknown[33m>[39m) {
    [31m[1m>[22m[39m[90m 48 |[39m     [36mif[39m (shouldLog([32m'warn'[39m)) console[33m.[39mwarn(formatMessage([32m'warn'[39m[33m,[39m message[33m,[39m meta))[33m;[39m
     [90m    |[39m                                    [31m[1m^[22m[39m
     [90m 49 |[39m   }[33m,[39m
     [90m 50 |[39m   error(message[33m:[39m string[33m,[39m meta[33m?[39m[33m:[39m [33mRecord[39m[33m<[39m[33mstring[39m[33m,[39m unknown[33m>[39m) {
     [90m 51 |[39m     [36mif[39m (shouldLog([32m'error'[39m)) console[33m.[39merror(formatMessage([32m'error'[39m[33m,[39m message[33m,[39m meta))[33m;[39m[0m

      at Object.warn (server/logger.ts:48:36)
      at ServerResponse.<anonymous> (server/middleware/requestLogger.ts:47:14)

  console.warn
    {"timestamp":"2026-04-26T18:18:58.369Z","level":"warn","message":"request","requestId":"60ac9efb-b915-4f8f-97b1-3951872de854","method":"DELETE","path":"/api/branches/1/permanent","status":400,"duration":"2ms","ip":"::ffff:127.0.0.1","userId":1,"companyId":1,"branchId":1}

    [0m [90m 46 |[39m   }[33m,[39m
     [90m 47 |[39m   warn(message[33m:[39m string[33m,[39m meta[33m?[39m[33m:[39m [33mRecord[39m[33m<[39m[33mstring[39m[33m,[39m unknown[33m>[39m) {
    [31m[1m>[22m[39m[90m 48 |[39m     [36mif[39m (shouldLog([32m'warn'[39m)) console[33m.[39mwarn(formatMessage([32m'warn'[39m[33m,[39m message[33m,[39m meta))[33m;[39m
     [90m    |[39m                                    [31m[1m^[22m[39m
     [90m 49 |[39m   }[33m,[39m
     [90m 50 |[39m   error(message[33m:[39m string[33m,[39m meta[33m?[39m[33m:[39m [33mRecord[39m[33m<[39m[33mstring[39m[33m,[39m unknown[33m>[39m) {
     [90m 51 |[39m     [36mif[39m (shouldLog([32m'error'[39m)) console[33m.[39merror(formatMessage([32m'error'[39m[33m,[39m message[33m,[39m meta))[33m;[39m[0m

      at Object.warn (server/logger.ts:48:36)
      at ServerResponse.<anonymous> (server/middleware/requestLogger.ts:47:14)

  console.info
    {"timestamp":"2026-04-26T18:18:58.408Z","level":"info","message":"request","requestId":"36873826-b5e6-4f5b-abda-0928578a72b9","method":"POST","path":"/api/branches/transfer","status":201,"duration":"8ms","ip":"::ffff:127.0.0.1","userId":1,"companyId":1,"branchId":1}

      at Object.info (server/logger.ts:45:36)

  console.warn
    {"timestamp":"2026-04-26T18:18:58.434Z","level":"warn","message":"request","requestId":"7462def8-1938-4b2a-a084-ddd50b93fac6","method":"POST","path":"/api/branches/transfer","status":400,"duration":"3ms","ip":"::ffff:127.0.0.1","userId":1,"companyId":1,"branchId":1}

    [0m [90m 46 |[39m   }[33m,[39m
     [90m 47 |[39m   warn(message[33m:[39m string[33m,[39m meta[33m?[39m[33m:[39m [33mRecord[39m[33m<[39m[33mstring[39m[33m,[39m unknown[33m>[39m) {
    [31m[1m>[22m[39m[90m 48 |[39m     [36mif[39m (shouldLog([32m'warn'[39m)) console[33m.[39mwarn(formatMessage([32m'warn'[39m[33m,[39m message[33m,[39m meta))[33m;[39m
     [90m    |[39m                                    [31m[1m^[22m[39m
     [90m 49 |[39m   }[33m,[39m
     [90m 50 |[39m   error(message[33m:[39m string[33m,[39m meta[33m?[39m[33m:[39m [33mRecord[39m[33m<[39m[33mstring[39m[33m,[39m unknown[33m>[39m) {
     [90m 51 |[39m     [36mif[39m (shouldLog([32m'error'[39m)) console[33m.[39merror(formatMessage([32m'error'[39m[33m,[39m message[33m,[39m meta))[33m;[39m[0m

      at Object.warn (server/logger.ts:48:36)
      at ServerResponse.<anonymous> (server/middleware/requestLogger.ts:47:14)

  console.warn
    {"timestamp":"2026-04-26T18:18:58.465Z","level":"warn","message":"request","requestId":"f8eccdd6-9393-49dc-b538-abbf4157ace5","method":"POST","path":"/api/branches/transfer","status":400,"duration":"3ms","ip":"::ffff:127.0.0.1","userId":1,"companyId":1,"branchId":1}

    [0m [90m 46 |[39m   }[33m,[39m
     [90m 47 |[39m   warn(message[33m:[39m string[33m,[39m meta[33m?[39m[33m:[39m [33mRecord[39m[33m<[39m[33mstring[39m[33m,[39m unknown[33m>[39m) {
    [31m[1m>[22m[39m[90m 48 |[39m     [36mif[39m (shouldLog([32m'warn'[39m)) console[33m.[39mwarn(formatMessage([32m'warn'[39m[33m,[39m message[33m,[39m meta))[33m;[39m
     [90m    |[39m                                    [31m[1m^[22m[39m
     [90m 49 |[39m   }[33m,[39m
     [90m 50 |[39m   error(message[33m:[39m string[33m,[39m meta[33m?[39m[33m:[39m [33mRecord[39m[33m<[39m[33mstring[39m[33m,[39m unknown[33m>[39m) {
     [90m 51 |[39m     [36mif[39m (shouldLog([32m'error'[39m)) console[33m.[39merror(formatMessage([32m'error'[39m[33m,[39m message[33m,[39m meta))[33m;[39m[0m

      at Object.warn (server/logger.ts:48:36)
      at ServerResponse.<anonymous> (server/middleware/requestLogger.ts:47:14)

  console.warn
    {"timestamp":"2026-04-26T18:18:58.494Z","level":"warn","message":"request","requestId":"bbf8bfb6-640b-4db9-b6b4-68339a52d3c9","method":"POST","path":"/api/branches/transfer","status":404,"duration":"3ms","ip":"::ffff:127.0.0.1","userId":1,"companyId":1,"branchId":1}

    [0m [90m 46 |[39m   }[33m,[39m
     [90m 47 |[39m   warn(message[33m:[39m string[33m,[39m meta[33m?[39m[33m:[39m [33mRecord[39m[33m<[39m[33mstring[39m[33m,[39m unknown[33m>[39m) {
    [31m[1m>[22m[39m[90m 48 |[39m     [36mif[39m (shouldLog([32m'warn'[39m)) console[33m.[39mwarn(formatMessage([32m'warn'[39m[33m,[39m message[33m,[39m meta))[33m;[39m
     [90m    |[39m                                    [31m[1m^[22m[39m
     [90m 49 |[39m   }[33m,[39m
     [90m 50 |[39m   error(message[33m:[39m string[33m,[39m meta[33m?[39m[33m:[39m [33mRecord[39m[33m<[39m[33mstring[39m[33m,[39m unknown[33m>[39m) {
     [90m 51 |[39m     [36mif[39m (shouldLog([32m'error'[39m)) console[33m.[39merror(formatMessage([32m'error'[39m[33m,[39m message[33m,[39m meta))[33m;[39m[0m

      at Object.warn (server/logger.ts:48:36)
      at ServerResponse.<anonymous> (server/middleware/requestLogger.ts:47:14)

  console.warn
    {"timestamp":"2026-04-26T18:18:58.539Z","level":"warn","message":"request","requestId":"dfab7e6d-be45-4ebc-a2a6-7c9d28ee5312","method":"POST","path":"/api/branches/transfer","status":400,"duration":"8ms","ip":"::ffff:127.0.0.1","userId":1,"companyId":1,"branchId":1}

    [0m [90m 46 |[39m   }[33m,[39m
     [90m 47 |[39m   warn(message[33m:[39m string[33m,[39m meta[33m?[39m[33m:[39m [33mRecord[39m[33m<[39m[33mstring[39m[33m,[39m unknown[33m>[39m) {
    [31m[1m>[22m[39m[90m 48 |[39m     [36mif[39m (shouldLog([32m'warn'[39m)) console[33m.[39mwarn(formatMessage([32m'warn'[39m[33m,[39m message[33m,[39m meta))[33m;[39m
     [90m    |[39m                                    [31m[1m^[22m[39m
     [90m 49 |[39m   }[33m,[39m
     [90m 50 |[39m   error(message[33m:[39m string[33m,[39m meta[33m?[39m[33m:[39m [33mRecord[39m[33m<[39m[33mstring[39m[33m,[39m unknown[33m>[39m) {
     [90m 51 |[39m     [36mif[39m (shouldLog([32m'error'[39m)) console[33m.[39merror(formatMessage([32m'error'[39m[33m,[39m message[33m,[39m meta))[33m;[39m[0m

      at Object.warn (server/logger.ts:48:36)
      at ServerResponse.<anonymous> (server/middleware/requestLogger.ts:47:14)

  console.warn
    {"timestamp":"2026-04-26T18:18:58.579Z","level":"warn","message":"request","requestId":"5ae5bdc6-34e1-4a69-a61a-a6f87ee950ef","method":"POST","path":"/api/branches/transfer","status":400,"duration":"3ms","ip":"::ffff:127.0.0.1","userId":1,"companyId":1,"branchId":1}

    [0m [90m 46 |[39m   }[33m,[39m
     [90m 47 |[39m   warn(message[33m:[39m string[33m,[39m meta[33m?[39m[33m:[39m [33mRecord[39m[33m<[39m[33mstring[39m[33m,[39m unknown[33m>[39m) {
    [31m[1m>[22m[39m[90m 48 |[39m     [36mif[39m (shouldLog([32m'warn'[39m)) console[33m.[39mwarn(formatMessage([32m'warn'[39m[33m,[39m message[33m,[39m meta))[33m;[39m
     [90m    |[39m                                    [31m[1m^[22m[39m
     [90m 49 |[39m   }[33m,[39m
     [90m 50 |[39m   error(message[33m:[39m string[33m,[39m meta[33m?[39m[33m:[39m [33mRecord[39m[33m<[39m[33mstring[39m[33m,[39m unknown[33m>[39m) {
     [90m 51 |[39m     [36mif[39m (shouldLog([32m'error'[39m)) console[33m.[39merror(formatMessage([32m'error'[39m[33m,[39m message[33m,[39m meta))[33m;[39m[0m

      at Object.warn (server/logger.ts:48:36)
      at ServerResponse.<anonymous> (server/middleware/requestLogger.ts:47:14)

  console.error
    Error in branch transfer: Error: Label GN/001 does not belong to source branch
        at C:\Swarnite\server\routes\branchManagement.ts:664:19
        at processTicksAndRejections (node:internal/process/task_queues:104:5)
        at C:\Swarnite\server\routes\branchManagement.ts:633:20

    [0m [90m 753 |[39m     res[33m.[39mstatus([35m201[39m)[33m.[39mjson(fullTransfer)[33m;[39m
     [90m 754 |[39m   } [36mcatch[39m (error[33m:[39m any) {
    [31m[1m>[22m[39m[90m 755 |[39m     console[33m.[39merror([32m'Error in branch transfer:'[39m[33m,[39m error)[33m;[39m
     [90m     |[39m             [31m[1m^[22m[39m
     [90m 756 |[39m     [36mif[39m (error[33m.[39mmessage[33m?[39m[33m.[39mincludes([32m'not found'[39m) [33m||[39m error[33m.[39mmessage[33m?[39m[33m.[39mincludes([32m'not in-stock'[39m) [33m||[39m error[33m.[39mmessage[33m?[39m[33m.[39mincludes([32m'does not belong'[39m)) {
     [90m 757 |[39m       [36mreturn[39m res[33m.[39mstatus([35m400[39m)[33m.[39mjson({ error[33m:[39m error[33m.[39mmessage })[33m;[39m
     [90m 758 |[39m     }[0m

      at server/routes/branchManagement.ts:755:13

  console.warn
    {"timestamp":"2026-04-26T18:18:58.714Z","level":"warn","message":"request","requestId":"a6489ff0-df93-4d39-8aee-acf1f7b8d253","method":"POST","path":"/api/branches/transfer","status":400,"duration":"105ms","ip":"::ffff:127.0.0.1","userId":1,"companyId":1,"branchId":1}

    [0m [90m 46 |[39m   }[33m,[39m
     [90m 47 |[39m   warn(message[33m:[39m string[33m,[39m meta[33m?[39m[33m:[39m [33mRecord[39m[33m<[39m[33mstring[39m[33m,[39m unknown[33m>[39m) {
    [31m[1m>[22m[39m[90m 48 |[39m     [36mif[39m (shouldLog([32m'warn'[39m)) console[33m.[39mwarn(formatMessage([32m'warn'[39m[33m,[39m message[33m,[39m meta))[33m;[39m
     [90m    |[39m                                    [31m[1m^[22m[39m
     [90m 49 |[39m   }[33m,[39m
     [90m 50 |[39m   error(message[33m:[39m string[33m,[39m meta[33m?[39m[33m:[39m [33mRecord[39m[33m<[39m[33mstring[39m[33m,[39m unknown[33m>[39m) {
     [90m 51 |[39m     [36mif[39m (shouldLog([32m'error'[39m)) console[33m.[39merror(formatMessage([32m'error'[39m[33m,[39m message[33m,[39m meta))[33m;[39m[0m

      at Object.warn (server/logger.ts:48:36)
      at ServerResponse.<anonymous> (server/middleware/requestLogger.ts:47:14)

  console.error
    Error in branch transfer: Error: Label GN/003 is not in-stock (status: SOLD)
        at C:\Swarnite\server\routes\branchManagement.ts:667:19
        at processTicksAndRejections (node:internal/process/task_queues:104:5)
        at C:\Swarnite\server\routes\branchManagement.ts:633:20

    [0m [90m 753 |[39m     res[33m.[39mstatus([35m201[39m)[33m.[39mjson(fullTransfer)[33m;[39m
     [90m 754 |[39m   } [36mcatch[39m (error[33m:[39m any) {
    [31m[1m>[22m[39m[90m 755 |[39m     console[33m.[39merror([32m'Error in branch transfer:'[39m[33m,[39m error)[33m;[39m
     [90m     |[39m             [31m[1m^[22m[39m
     [90m 756 |[39m     [36mif[39m (error[33m.[39mmessage[33m?[39m[33m.[39mincludes([32m'not found'[39m) [33m||[39m error[33m.[39mmessage[33m?[39m[33m.[39mincludes([32m'not in-stock'[39m) [33m||[39m error[33m.[39mmessage[33m?[39m[33m.[39mincludes([32m'does not belong'[39m)) {
     [90m 757 |[39m       [36mreturn[39m res[33m.[39mstatus([35m400[39m)[33m.[39mjson({ error[33m:[39m error[33m.[39mmessage })[33m;[39m
     [90m 758 |[39m     }[0m

      at server/routes/branchManagement.ts:755:13

  console.warn
    {"timestamp":"2026-04-26T18:18:58.767Z","level":"warn","message":"request","requestId":"3a0da3ee-7cf8-4a6a-95d2-24ecc87f73a8","method":"POST","path":"/api/branches/transfer","status":400,"duration":"25ms","ip":"::ffff:127.0.0.1","userId":1,"companyId":1,"branchId":1}

    [0m [90m 46 |[39m   }[33m,[39m
     [90m 47 |[39m   warn(message[33m:[39m string[33m,[39m meta[33m?[39m[33m:[39m [33mRecord[39m[33m<[39m[33mstring[39m[33m,[39m unknown[33m>[39m) {
    [31m[1m>[22m[39m[90m 48 |[39m     [36mif[39m (shouldLog([32m'warn'[39m)) console[33m.[39mwarn(formatMessage([32m'warn'[39m[33m,[39m message[33m,[39m meta))[33m;[39m
     [90m    |[39m                                    [31m[1m^[22m[39m
     [90m 49 |[39m   }[33m,[39m
     [90m 50 |[39m   error(message[33m:[39m string[33m,[39m meta[33m?[39m[33m:[39m [33mRecord[39m[33m<[39m[33mstring[39m[33m,[39m unknown[33m>[39m) {
     [90m 51 |[39m     [36mif[39m (shouldLog([32m'error'[39m)) console[33m.[39merror(formatMessage([32m'error'[39m[33m,[39m message[33m,[39m meta))[33m;[39m[0m

      at Object.warn (server/logger.ts:48:36)
      at ServerResponse.<anonymous> (server/middleware/requestLogger.ts:47:14)

  console.info
    {"timestamp":"2026-04-26T18:18:58.797Z","level":"info","message":"request","requestId":"579f13af-cd91-4a1b-ba0b-f971203460a2","method":"GET","path":"/api/branches/transfer/history","status":200,"duration":"4ms","ip":"::ffff:127.0.0.1","userId":1,"companyId":1,"branchId":1}

      at Object.info (server/logger.ts:45:36)

  console.info
    {"timestamp":"2026-04-26T18:18:58.820Z","level":"info","message":"request","requestId":"251fafe5-637c-4737-adda-676a5b1ee756","method":"GET","path":"/api/branches/transfer/history?branchId=1","status":200,"duration":"2ms","ip":"::ffff:127.0.0.1","userId":1,"companyId":1,"branchId":1}

      at Object.info (server/logger.ts:45:36)

  console.info
    {"timestamp":"2026-04-26T18:18:58.843Z","level":"info","message":"request","requestId":"9baa87e0-fcc2-4b71-b69e-e94b1d94af74","method":"GET","path":"/api/branches/transfer/history?dateFrom=2025-07-01&dateTo=2025-07-31","status":200,"duration":"2ms","ip":"::ffff:127.0.0.1","userId":1,"companyId":1,"branchId":1}

      at Object.info (server/logger.ts:45:36)

  console.info
    {"timestamp":"2026-04-26T18:18:58.867Z","level":"info","message":"request","requestId":"5cbce52b-38bd-4ae7-8268-d1d4d6f528dc","method":"GET","path":"/api/branches/audit-log?entityType=Branch","status":200,"duration":"3ms","ip":"::ffff:127.0.0.1","userId":1,"companyId":1,"branchId":1}

      at Object.info (server/logger.ts:45:36)

  console.info
    {"timestamp":"2026-04-26T18:18:58.890Z","level":"info","message":"request","requestId":"63e49613-8767-4fad-8a12-787b420b001d","method":"GET","path":"/api/branches/audit-log?action=TRANSFER","status":200,"duration":"2ms","ip":"::ffff:127.0.0.1","userId":1,"companyId":1,"branchId":1}

      at Object.info (server/logger.ts:45:36)

  console.info
    {"timestamp":"2026-04-26T18:18:58.914Z","level":"info","message":"request","requestId":"8b18afae-411a-4603-9912-7410c1e1fbf1","method":"GET","path":"/api/branches/audit-log?dateFrom=2025-07-01&dateTo=2025-07-31","status":200,"duration":"4ms","ip":"::ffff:127.0.0.1","userId":1,"companyId":1,"branchId":1}

      at Object.info (server/logger.ts:45:36)

  console.info
    {"timestamp":"2026-04-26T18:18:58.939Z","level":"info","message":"request","requestId":"f0c52370-b6ca-4467-98cd-c0a9b0865aaf","method":"GET","path":"/api/branches/audit-log?page=2&limit=10","status":200,"duration":"4ms","ip":"::ffff:127.0.0.1","userId":1,"companyId":1,"branchId":1}

      at Object.info (server/logger.ts:45:36)

  console.info
    {"timestamp":"2026-04-26T18:18:59.001Z","level":"info","message":"request","requestId":"0de3cf04-6ab0-4c40-bde1-1001715ceb9b","method":"POST","path":"/api/branches","status":201,"duration":"4ms","ip":"::ffff:127.0.0.1","userId":1,"companyId":1,"branchId":1}

      at Object.info (server/logger.ts:45:36)

  console.warn
    {"timestamp":"2026-04-26T18:18:59.026Z","level":"warn","message":"request","requestId":"d70f587d-0d9e-452b-88f3-ed6150dbd27c","method":"POST","path":"/api/branches","status":409,"duration":"4ms","ip":"::ffff:127.0.0.1","userId":1,"companyId":1,"branchId":1}

    [0m [90m 46 |[39m   }[33m,[39m
     [90m 47 |[39m   warn(message[33m:[39m string[33m,[39m meta[33m?[39m[33m:[39m [33mRecord[39m[33m<[39m[33mstring[39m[33m,[39m unknown[33m>[39m) {
    [31m[1m>[22m[39m[90m 48 |[39m     [36mif[39m (shouldLog([32m'warn'[39m)) console[33m.[39mwarn(formatMessage([32m'warn'[39m[33m,[39m message[33m,[39m meta))[33m;[39m
     [90m    |[39m                                    [31m[1m^[22m[39m
     [90m 49 |[39m   }[33m,[39m
     [90m 50 |[39m   error(message[33m:[39m string[33m,[39m meta[33m?[39m[33m:[39m [33mRecord[39m[33m<[39m[33mstring[39m[33m,[39m unknown[33m>[39m) {
     [90m 51 |[39m     [36mif[39m (shouldLog([32m'error'[39m)) console[33m.[39merror(formatMessage([32m'error'[39m[33m,[39m message[33m,[39m meta))[33m;[39m[0m

      at Object.warn (server/logger.ts:48:36)
      at ServerResponse.<anonymous> (server/middleware/requestLogger.ts:47:14)

  console.error
    Error creating branch: { code: 'P2002' }

    [0m [90m 316 |[39m     res[33m.[39mstatus([35m201[39m)[33m.[39mjson(branch)[33m;[39m
     [90m 317 |[39m   } [36mcatch[39m (error[33m:[39m any) {
    [31m[1m>[22m[39m[90m 318 |[39m     console[33m.[39merror([32m'Error creating branch:'[39m[33m,[39m error)[33m;[39m
     [90m     |[39m             [31m[1m^[22m[39m
     [90m 319 |[39m     [36mif[39m (error[33m.[39mcode [33m===[39m [32m'P2002'[39m) {
     [90m 320 |[39m       [36mreturn[39m res[33m.[39mstatus([35m409[39m)[33m.[39mjson({ error[33m:[39m [32m'Branch code already exists'[39m })[33m;[39m
     [90m 321 |[39m     }[0m

      at server/routes/branchManagement.ts:318:13

  console.warn
    {"timestamp":"2026-04-26T18:18:59.082Z","level":"warn","message":"request","requestId":"d4a21143-8b35-466d-840c-b97555d2e243","method":"POST","path":"/api/branches","status":409,"duration":"27ms","ip":"::ffff:127.0.0.1","userId":1,"companyId":1,"branchId":1}

    [0m [90m 46 |[39m   }[33m,[39m
     [90m 47 |[39m   warn(message[33m:[39m string[33m,[39m meta[33m?[39m[33m:[39m [33mRecord[39m[33m<[39m[33mstring[39m[33m,[39m unknown[33m>[39m) {
    [31m[1m>[22m[39m[90m 48 |[39m     [36mif[39m (shouldLog([32m'warn'[39m)) console[33m.[39mwarn(formatMessage([32m'warn'[39m[33m,[39m message[33m,[39m meta))[33m;[39m
     [90m    |[39m                                    [31m[1m^[22m[39m
     [90m 49 |[39m   }[33m,[39m
     [90m 50 |[39m   error(message[33m:[39m string[33m,[39m meta[33m?[39m[33m:[39m [33mRecord[39m[33m<[39m[33mstring[39m[33m,[39m unknown[33m>[39m) {
     [90m 51 |[39m     [36mif[39m (shouldLog([32m'error'[39m)) console[33m.[39merror(formatMessage([32m'error'[39m[33m,[39m message[33m,[39m meta))[33m;[39m[0m

      at Object.warn (server/logger.ts:48:36)
      at ServerResponse.<anonymous> (server/middleware/requestLogger.ts:47:14)

  console.info
    {"timestamp":"2026-04-26T18:18:59.114Z","level":"info","message":"request","requestId":"369ffb4a-de26-4ff8-bc90-7c4dcc0caa38","method":"GET","path":"/api/branches/2/users","status":200,"duration":"4ms","ip":"::ffff:127.0.0.1","userId":1,"companyId":1,"branchId":1}

      at Object.info (server/logger.ts:45:36)

  console.info
    {"timestamp":"2026-04-26T18:18:59.141Z","level":"info","message":"request","requestId":"3c9dc1dd-aa68-43da-b7ce-a3c05fd8bb5e","method":"GET","path":"/api/branches/3/users","status":200,"duration":"4ms","ip":"::ffff:127.0.0.1","userId":1,"companyId":1,"branchId":1}

      at Object.info (server/logger.ts:45:36)

  console.info
    {"timestamp":"2026-04-26T18:19:00.368Z","level":"info","message":"request","requestId":"b8f4f410-b9ff-4904-b4a8-0b5a93616f1c","method":"POST","path":"/api/branches/2/user","status":201,"duration":"1202ms","ip":"::ffff:127.0.0.1","userId":1,"companyId":1,"branchId":1}

      at Object.info (server/logger.ts:45:36)

  console.info
    {"timestamp":"2026-04-26T18:19:01.535Z","level":"info","message":"request","requestId":"a54a7e5a-12dd-4626-a8e8-089fb807d39e","method":"POST","path":"/api/branches/2/user","status":201,"duration":"1149ms","ip":"::ffff:127.0.0.1","userId":1,"companyId":1,"branchId":1}

      at Object.info (server/logger.ts:45:36)

  console.warn
    {"timestamp":"2026-04-26T18:19:01.559Z","level":"warn","message":"request","requestId":"75596ce9-489b-44f8-88ae-ad717586d030","method":"POST","path":"/api/branches/2/user","status":400,"duration":"3ms","ip":"::ffff:127.0.0.1","userId":1,"companyId":1,"branchId":1}

    [0m [90m 46 |[39m   }[33m,[39m
     [90m 47 |[39m   warn(message[33m:[39m string[33m,[39m meta[33m?[39m[33m:[39m [33mRecord[39m[33m<[39m[33mstring[39m[33m,[39m unknown[33m>[39m) {
    [31m[1m>[22m[39m[90m 48 |[39m     [36mif[39m (shouldLog([32m'warn'[39m)) console[33m.[39mwarn(formatMessage([32m'warn'[39m[33m,[39m message[33m,[39m meta))[33m;[39m
     [90m    |[39m                                    [31m[1m^[22m[39m
     [90m 49 |[39m   }[33m,[39m
     [90m 50 |[39m   error(message[33m:[39m string[33m,[39m meta[33m?[39m[33m:[39m [33mRecord[39m[33m<[39m[33mstring[39m[33m,[39m unknown[33m>[39m) {
     [90m 51 |[39m     [36mif[39m (shouldLog([32m'error'[39m)) console[33m.[39merror(formatMessage([32m'error'[39m[33m,[39m message[33m,[39m meta))[33m;[39m[0m

      at Object.warn (server/logger.ts:48:36)
      at ServerResponse.<anonymous> (server/middleware/requestLogger.ts:47:14)

  console.warn
    {"timestamp":"2026-04-26T18:19:01.592Z","level":"warn","message":"request","requestId":"2fa84188-ab58-4dfc-844f-859b4288577b","method":"POST","path":"/api/branches/2/user","status":400,"duration":"4ms","ip":"::ffff:127.0.0.1","userId":1,"companyId":1,"branchId":1}

    [0m [90m 46 |[39m   }[33m,[39m
     [90m 47 |[39m   warn(message[33m:[39m string[33m,[39m meta[33m?[39m[33m:[39m [33mRecord[39m[33m<[39m[33mstring[39m[33m,[39m unknown[33m>[39m) {
    [31m[1m>[22m[39m[90m 48 |[39m     [36mif[39m (shouldLog([32m'warn'[39m)) console[33m.[39mwarn(formatMessage([32m'warn'[39m[33m,[39m message[33m,[39m meta))[33m;[39m
     [90m    |[39m                                    [31m[1m^[22m[39m
     [90m 49 |[39m   }[33m,[39m
     [90m 50 |[39m   error(message[33m:[39m string[33m,[39m meta[33m?[39m[33m:[39m [33mRecord[39m[33m<[39m[33mstring[39m[33m,[39m unknown[33m>[39m) {
     [90m 51 |[39m     [36mif[39m (shouldLog([32m'error'[39m)) console[33m.[39merror(formatMessage([32m'error'[39m[33m,[39m message[33m,[39m meta))[33m;[39m[0m

      at Object.warn (server/logger.ts:48:36)
      at ServerResponse.<anonymous> (server/middleware/requestLogger.ts:47:14)

  console.warn
    {"timestamp":"2026-04-26T18:19:01.625Z","level":"warn","message":"request","requestId":"9b169b43-3f85-4b28-9dac-7eb17fe40d07","method":"POST","path":"/api/branches/2/user","status":400,"duration":"2ms","ip":"::ffff:127.0.0.1","userId":1,"companyId":1,"branchId":1}

    [0m [90m 46 |[39m   }[33m,[39m
     [90m 47 |[39m   warn(message[33m:[39m string[33m,[39m meta[33m?[39m[33m:[39m [33mRecord[39m[33m<[39m[33mstring[39m[33m,[39m unknown[33m>[39m) {
    [31m[1m>[22m[39m[90m 48 |[39m     [36mif[39m (shouldLog([32m'warn'[39m)) console[33m.[39mwarn(formatMessage([32m'warn'[39m[33m,[39m message[33m,[39m meta))[33m;[39m
     [90m    |[39m                                    [31m[1m^[22m[39m
     [90m 49 |[39m   }[33m,[39m
     [90m 50 |[39m   error(message[33m:[39m string[33m,[39m meta[33m?[39m[33m:[39m [33mRecord[39m[33m<[39m[33mstring[39m[33m,[39m unknown[33m>[39m) {
     [90m 51 |[39m     [36mif[39m (shouldLog([32m'error'[39m)) console[33m.[39merror(formatMessage([32m'error'[39m[33m,[39m message[33m,[39m meta))[33m;[39m[0m

      at Object.warn (server/logger.ts:48:36)
      at ServerResponse.<anonymous> (server/middleware/requestLogger.ts:47:14)

  console.warn
    {"timestamp":"2026-04-26T18:19:01.652Z","level":"warn","message":"request","requestId":"28df14c9-1cae-4dff-8fcb-803d51f5cefd","method":"POST","path":"/api/branches/999/user","status":404,"duration":"2ms","ip":"::ffff:127.0.0.1","userId":1,"companyId":1,"branchId":1}

    [0m [90m 46 |[39m   }[33m,[39m
     [90m 47 |[39m   warn(message[33m:[39m string[33m,[39m meta[33m?[39m[33m:[39m [33mRecord[39m[33m<[39m[33mstring[39m[33m,[39m unknown[33m>[39m) {
    [31m[1m>[22m[39m[90m 48 |[39m     [36mif[39m (shouldLog([32m'warn'[39m)) console[33m.[39mwarn(formatMessage([32m'warn'[39m[33m,[39m message[33m,[39m meta))[33m;[39m
     [90m    |[39m                                    [31m[1m^[22m[39m
     [90m 49 |[39m   }[33m,[39m
     [90m 50 |[39m   error(message[33m:[39m string[33m,[39m meta[33m?[39m[33m:[39m [33mRecord[39m[33m<[39m[33mstring[39m[33m,[39m unknown[33m>[39m) {
     [90m 51 |[39m     [36mif[39m (shouldLog([32m'error'[39m)) console[33m.[39merror(formatMessage([32m'error'[39m[33m,[39m message[33m,[39m meta))[33m;[39m[0m

      at Object.warn (server/logger.ts:48:36)
      at ServerResponse.<anonymous> (server/middleware/requestLogger.ts:47:14)

  console.warn
    {"timestamp":"2026-04-26T18:19:01.681Z","level":"warn","message":"request","requestId":"7eefdcbc-43eb-452f-90e8-9f9bd2d4e97f","method":"POST","path":"/api/branches/5/user","status":404,"duration":"3ms","ip":"::ffff:127.0.0.1","userId":1,"companyId":1,"branchId":1}

    [0m [90m 46 |[39m   }[33m,[39m
     [90m 47 |[39m   warn(message[33m:[39m string[33m,[39m meta[33m?[39m[33m:[39m [33mRecord[39m[33m<[39m[33mstring[39m[33m,[39m unknown[33m>[39m) {
    [31m[1m>[22m[39m[90m 48 |[39m     [36mif[39m (shouldLog([32m'warn'[39m)) console[33m.[39mwarn(formatMessage([32m'warn'[39m[33m,[39m message[33m,[39m meta))[33m;[39m
     [90m    |[39m                                    [31m[1m^[22m[39m
     [90m 49 |[39m   }[33m,[39m
     [90m 50 |[39m   error(message[33m:[39m string[33m,[39m meta[33m?[39m[33m:[39m [33mRecord[39m[33m<[39m[33mstring[39m[33m,[39m unknown[33m>[39m) {
     [90m 51 |[39m     [36mif[39m (shouldLog([32m'error'[39m)) console[33m.[39merror(formatMessage([32m'error'[39m[33m,[39m message[33m,[39m meta))[33m;[39m[0m

      at Object.warn (server/logger.ts:48:36)
      at ServerResponse.<anonymous> (server/middleware/requestLogger.ts:47:14)

  console.warn
    {"timestamp":"2026-04-26T18:19:02.910Z","level":"warn","message":"request","requestId":"37f766a4-d947-4437-92ad-ece6aa03e737","method":"POST","path":"/api/branches/2/user","status":409,"duration":"1204ms","ip":"::ffff:127.0.0.1","userId":1,"companyId":1,"branchId":1}

    [0m [90m 46 |[39m   }[33m,[39m
     [90m 47 |[39m   warn(message[33m:[39m string[33m,[39m meta[33m?[39m[33m:[39m [33mRecord[39m[33m<[39m[33mstring[39m[33m,[39m unknown[33m>[39m) {
    [31m[1m>[22m[39m[90m 48 |[39m     [36mif[39m (shouldLog([32m'warn'[39m)) console[33m.[39mwarn(formatMessage([32m'warn'[39m[33m,[39m message[33m,[39m meta))[33m;[39m
     [90m    |[39m                                    [31m[1m^[22m[39m
     [90m 49 |[39m   }[33m,[39m
     [90m 50 |[39m   error(message[33m:[39m string[33m,[39m meta[33m?[39m[33m:[39m [33mRecord[39m[33m<[39m[33mstring[39m[33m,[39m unknown[33m>[39m) {
     [90m 51 |[39m     [36mif[39m (shouldLog([32m'error'[39m)) console[33m.[39merror(formatMessage([32m'error'[39m[33m,[39m message[33m,[39m meta))[33m;[39m[0m

      at Object.warn (server/logger.ts:48:36)
      at ServerResponse.<anonymous> (server/middleware/requestLogger.ts:47:14)

  console.info
    {"timestamp":"2026-04-26T18:19:02.936Z","level":"info","message":"request","requestId":"ae1d7622-8931-4c62-85d3-637d091e35ad","method":"PUT","path":"/api/branches/2/user/10","status":200,"duration":"4ms","ip":"::ffff:127.0.0.1","userId":1,"companyId":1,"branchId":1}

      at Object.info (server/logger.ts:45:36)

  console.info
    {"timestamp":"2026-04-26T18:19:04.091Z","level":"info","message":"request","requestId":"2e7d5ece-eab7-4ac3-965f-d806c1b51d6a","method":"PUT","path":"/api/branches/2/user/10","status":200,"duration":"1136ms","ip":"::ffff:127.0.0.1","userId":1,"companyId":1,"branchId":1}

      at Object.info (server/logger.ts:45:36)

  console.warn
    {"timestamp":"2026-04-26T18:19:04.116Z","level":"warn","message":"request","requestId":"70c2ba23-8ba7-4221-b333-fb2583f6c17e","method":"PUT","path":"/api/branches/2/user/10","status":400,"duration":"3ms","ip":"::ffff:127.0.0.1","userId":1,"companyId":1,"branchId":1}

    [0m [90m 46 |[39m   }[33m,[39m
     [90m 47 |[39m   warn(message[33m:[39m string[33m,[39m meta[33m?[39m[33m:[39m [33mRecord[39m[33m<[39m[33mstring[39m[33m,[39m unknown[33m>[39m) {
    [31m[1m>[22m[39m[90m 48 |[39m     [36mif[39m (shouldLog([32m'warn'[39m)) console[33m.[39mwarn(formatMessage([32m'warn'[39m[33m,[39m message[33m,[39m meta))[33m;[39m
     [90m    |[39m                                    [31m[1m^[22m[39m
     [90m 49 |[39m   }[33m,[39m
     [90m 50 |[39m   error(message[33m:[39m string[33m,[39m meta[33m?[39m[33m:[39m [33mRecord[39m[33m<[39m[33mstring[39m[33m,[39m unknown[33m>[39m) {
     [90m 51 |[39m     [36mif[39m (shouldLog([32m'error'[39m)) console[33m.[39merror(formatMessage([32m'error'[39m[33m,[39m message[33m,[39m meta))[33m;[39m[0m

      at Object.warn (server/logger.ts:48:36)
      at ServerResponse.<anonymous> (server/middleware/requestLogger.ts:47:14)

  console.warn
    {"timestamp":"2026-04-26T18:19:04.146Z","level":"warn","message":"request","requestId":"7526ab20-77af-41d2-8936-dc06aa06ef88","method":"PUT","path":"/api/branches/2/user/999","status":404,"duration":"3ms","ip":"::ffff:127.0.0.1","userId":1,"companyId":1,"branchId":1}

    [0m [90m 46 |[39m   }[33m,[39m
     [90m 47 |[39m   warn(message[33m:[39m string[33m,[39m meta[33m?[39m[33m:[39m [33mRecord[39m[33m<[39m[33mstring[39m[33m,[39m unknown[33m>[39m) {
    [31m[1m>[22m[39m[90m 48 |[39m     [36mif[39m (shouldLog([32m'warn'[39m)) console[33m.[39mwarn(formatMessage([32m'warn'[39m[33m,[39m message[33m,[39m meta))[33m;[39m
     [90m    |[39m                                    [31m[1m^[22m[39m
     [90m 49 |[39m   }[33m,[39m
     [90m 50 |[39m   error(message[33m:[39m string[33m,[39m meta[33m?[39m[33m:[39m [33mRecord[39m[33m<[39m[33mstring[39m[33m,[39m unknown[33m>[39m) {
     [90m 51 |[39m     [36mif[39m (shouldLog([32m'error'[39m)) console[33m.[39merror(formatMessage([32m'error'[39m[33m,[39m message[33m,[39m meta))[33m;[39m[0m

      at Object.warn (server/logger.ts:48:36)
      at ServerResponse.<anonymous> (server/middleware/requestLogger.ts:47:14)

  console.warn
    {"timestamp":"2026-04-26T18:19:04.172Z","level":"warn","message":"request","requestId":"dc04b423-dd4b-4d94-80c4-25ed4eb8127a","method":"PUT","path":"/api/branches/2/user/10","status":404,"duration":"3ms","ip":"::ffff:127.0.0.1","userId":1,"companyId":1,"branchId":1}

    [0m [90m 46 |[39m   }[33m,[39m
     [90m 47 |[39m   warn(message[33m:[39m string[33m,[39m meta[33m?[39m[33m:[39m [33mRecord[39m[33m<[39m[33mstring[39m[33m,[39m unknown[33m>[39m) {
    [31m[1m>[22m[39m[90m 48 |[39m     [36mif[39m (shouldLog([32m'warn'[39m)) console[33m.[39mwarn(formatMessage([32m'warn'[39m[33m,[39m message[33m,[39m meta))[33m;[39m
     [90m    |[39m                                    [31m[1m^[22m[39m
     [90m 49 |[39m   }[33m,[39m
     [90m 50 |[39m   error(message[33m:[39m string[33m,[39m meta[33m?[39m[33m:[39m [33mRecord[39m[33m<[39m[33mstring[39m[33m,[39m unknown[33m>[39m) {
     [90m 51 |[39m     [36mif[39m (shouldLog([32m'error'[39m)) console[33m.[39merror(formatMessage([32m'error'[39m[33m,[39m message[33m,[39m meta))[33m;[39m[0m

      at Object.warn (server/logger.ts:48:36)
      at ServerResponse.<anonymous> (server/middleware/requestLogger.ts:47:14)

  console.warn
    {"timestamp":"2026-04-26T18:19:04.201Z","level":"warn","message":"request","requestId":"fadbf650-5bdb-4571-b0ef-29134142b0a0","method":"PUT","path":"/api/branches/2/user/10","status":404,"duration":"2ms","ip":"::ffff:127.0.0.1","userId":1,"companyId":1,"branchId":1}

    [0m [90m 46 |[39m   }[33m,[39m
     [90m 47 |[39m   warn(message[33m:[39m string[33m,[39m meta[33m?[39m[33m:[39m [33mRecord[39m[33m<[39m[33mstring[39m[33m,[39m unknown[33m>[39m) {
    [31m[1m>[22m[39m[90m 48 |[39m     [36mif[39m (shouldLog([32m'warn'[39m)) console[33m.[39mwarn(formatMessage([32m'warn'[39m[33m,[39m message[33m,[39m meta))[33m;[39m
     [90m    |[39m                                    [31m[1m^[22m[39m
     [90m 49 |[39m   }[33m,[39m
     [90m 50 |[39m   error(message[33m:[39m string[33m,[39m meta[33m?[39m[33m:[39m [33mRecord[39m[33m<[39m[33mstring[39m[33m,[39m unknown[33m>[39m) {
     [90m 51 |[39m     [36mif[39m (shouldLog([32m'error'[39m)) console[33m.[39merror(formatMessage([32m'error'[39m[33m,[39m message[33m,[39m meta))[33m;[39m[0m

      at Object.warn (server/logger.ts:48:36)
      at ServerResponse.<anonymous> (server/middleware/requestLogger.ts:47:14)

  console.info
    {"timestamp":"2026-04-26T18:19:04.227Z","level":"info","message":"request","requestId":"bf47cd2f-f0b6-4f51-9bee-96d7e5ed26d8","method":"PUT","path":"/api/branches/2/user/10","status":200,"duration":"2ms","ip":"::ffff:127.0.0.1","userId":1,"companyId":1,"branchId":1}

      at Object.info (server/logger.ts:45:36)

  console.info
    {"timestamp":"2026-04-26T18:19:04.252Z","level":"info","message":"request","requestId":"2921e4bf-a120-4dcc-a714-c4bfaa2df4d7","method":"PUT","path":"/api/branches/2/user/10","status":200,"duration":"3ms","ip":"::ffff:127.0.0.1","userId":1,"companyId":1,"branchId":1}

      at Object.info (server/logger.ts:45:36)

  console.error
    PUT /branches/:id/user/:userId error: { code: 'P2002' }

    [0m [90m 949 |[39m     res[33m.[39mjson(updated)[33m;[39m
     [90m 950 |[39m   } [36mcatch[39m (error[33m:[39m any) {
    [31m[1m>[22m[39m[90m 951 |[39m     console[33m.[39merror([32m'PUT /branches/:id/user/:userId error:'[39m[33m,[39m error)[33m;[39m
     [90m     |[39m             [31m[1m^[22m[39m
     [90m 952 |[39m     [36mif[39m (error[33m.[39mcode [33m===[39m [32m'P2002'[39m) {
     [90m 953 |[39m       [36mreturn[39m res[33m.[39mstatus([35m409[39m)[33m.[39mjson({ error[33m:[39m [32m'Username already exists'[39m })[33m;[39m
     [90m 954 |[39m     }[0m

      at server/routes/branchManagement.ts:951:13

  console.warn
    {"timestamp":"2026-04-26T18:19:04.297Z","level":"warn","message":"request","requestId":"9ab432e5-8031-4fec-98da-e53cd37cf2ea","method":"PUT","path":"/api/branches/2/user/10","status":409,"duration":"26ms","ip":"::ffff:127.0.0.1","userId":1,"companyId":1,"branchId":1}

    [0m [90m 46 |[39m   }[33m,[39m
     [90m 47 |[39m   warn(message[33m:[39m string[33m,[39m meta[33m?[39m[33m:[39m [33mRecord[39m[33m<[39m[33mstring[39m[33m,[39m unknown[33m>[39m) {
    [31m[1m>[22m[39m[90m 48 |[39m     [36mif[39m (shouldLog([32m'warn'[39m)) console[33m.[39mwarn(formatMessage([32m'warn'[39m[33m,[39m message[33m,[39m meta))[33m;[39m
     [90m    |[39m                                    [31m[1m^[22m[39m
     [90m 49 |[39m   }[33m,[39m
     [90m 50 |[39m   error(message[33m:[39m string[33m,[39m meta[33m?[39m[33m:[39m [33mRecord[39m[33m<[39m[33mstring[39m[33m,[39m unknown[33m>[39m) {
     [90m 51 |[39m     [36mif[39m (shouldLog([32m'error'[39m)) console[33m.[39merror(formatMessage([32m'error'[39m[33m,[39m message[33m,[39m meta))[33m;[39m[0m

      at Object.warn (server/logger.ts:48:36)
      at ServerResponse.<anonymous> (server/middleware/requestLogger.ts:47:14)

  console.warn
    {"timestamp":"2026-04-26T18:19:04.322Z","level":"warn","message":"request","requestId":"2a05f0cd-f484-40b6-9eb4-dab2aea1f578","method":"PUT","path":"/api/branches/abc/user/xyz","status":400,"duration":"3ms","ip":"::ffff:127.0.0.1","userId":1,"companyId":1,"branchId":1}

    [0m [90m 46 |[39m   }[33m,[39m
     [90m 47 |[39m   warn(message[33m:[39m string[33m,[39m meta[33m?[39m[33m:[39m [33mRecord[39m[33m<[39m[33mstring[39m[33m,[39m unknown[33m>[39m) {
    [31m[1m>[22m[39m[90m 48 |[39m     [36mif[39m (shouldLog([32m'warn'[39m)) console[33m.[39mwarn(formatMessage([32m'warn'[39m[33m,[39m message[33m,[39m meta))[33m;[39m
     [90m    |[39m                                    [31m[1m^[22m[39m
     [90m 49 |[39m   }[33m,[39m
     [90m 50 |[39m   error(message[33m:[39m string[33m,[39m meta[33m?[39m[33m:[39m [33mRecord[39m[33m<[39m[33mstring[39m[33m,[39m unknown[33m>[39m) {
     [90m 51 |[39m     [36mif[39m (shouldLog([32m'error'[39m)) console[33m.[39merror(formatMessage([32m'error'[39m[33m,[39m message[33m,[39m meta))[33m;[39m[0m

      at Object.warn (server/logger.ts:48:36)
      at ServerResponse.<anonymous> (server/middleware/requestLogger.ts:47:14)

PASS tests/integration/branchManagement.test.ts (8.799 s)
  GET /api/branches
    ΓêÜ returns all branches ordered master-first (70 ms)
    ΓêÜ filters by search query (32 ms)
    ΓêÜ includes deleted branches when requested (25 ms)
  GET /api/branches/:id
    ΓêÜ returns branch with children and counts (25 ms)
    ΓêÜ returns 404 for non-existent branch (28 ms)
  GET /api/branches/:id/children
    ΓêÜ returns child branches of a parent (23 ms)
  GET /api/branches/:id/stats
    ΓêÜ returns inventory, sales, users, and transfer counts (23 ms)
  POST /api/branches
    ΓêÜ creates the first branch as master automatically (60 ms)
    ΓêÜ creates a child branch under the master (23 ms)
    ΓêÜ rejects duplicate branch code (36 ms)
    ΓêÜ rejects missing required fields (33 ms)
    ΓêÜ validates parentId must be a master branch (29 ms)
  PUT /api/branches/:id
    ΓêÜ updates branch details and creates audit log (31 ms)
    ΓêÜ returns 404 for non-existent branch (29 ms)
  PUT /api/branches/:id/disable
    ΓêÜ disables an active child branch (32 ms)
    ΓêÜ blocks disabling the master branch (26 ms)
    ΓêÜ returns error if already disabled (29 ms)
  PUT /api/branches/:id/enable
    ΓêÜ enables a disabled branch (28 ms)
    ΓêÜ returns error if already active (28 ms)
  DELETE /api/branches/:id (soft-delete)
    ΓêÜ soft-deletes a branch with no active data (29 ms)
    ΓêÜ blocks deletion of master branch (30 ms)
    ΓêÜ blocks deletion when branch has in-stock labels (29 ms)
    ΓêÜ blocks deletion when branch has active sales & users (34 ms)
    ΓêÜ blocks deletion of already-deleted branch (31 ms)
  DELETE /api/branches/:id/permanent
    ΓêÜ permanently deletes a branch with zero data (25 ms)
    ΓêÜ blocks permanent delete when branch has data (33 ms)
    ΓêÜ blocks permanent delete of master branch (30 ms)
  POST /api/branches/transfer
    ΓêÜ creates an atomic inventory transfer (33 ms)
    ΓêÜ rejects transfer to the same branch (31 ms)
    ΓêÜ rejects transfer without items (30 ms)
    ΓêÜ rejects transfer when source branch not found (28 ms)
    ΓêÜ rejects transfer when destination branch is disabled (48 ms)
    ΓêÜ rejects transfer with missing required fields (36 ms)
    ΓêÜ validates labels belong to source branch within transaction (131 ms)
    ΓêÜ validates labels are IN_STOCK within transaction (51 ms)
  GET /api/branches/transfer/history
    ΓêÜ returns transfer history with pagination (24 ms)
    ΓêÜ filters by branchId (23 ms)
    ΓêÜ filters by date range (23 ms)
  GET /api/branches/audit-log
    ΓêÜ returns audit logs with filters (23 ms)
    ΓêÜ filters by action type (22 ms)
    ΓêÜ filters by date range (23 ms)
    ΓêÜ supports pagination (28 ms)
  POST /api/branches ΓÇö compound unique constraint
    ΓêÜ allows same branch code in different companies (56 ms)
    ΓêÜ rejects duplicate branch code within the same company (33 ms)
    ΓêÜ handles P2002 unique constraint error from database (52 ms)
  GET /api/branches/:id/users
    ΓêÜ returns users of a branch (27 ms)
    ΓêÜ returns empty array when branch has no users (28 ms)
  POST /api/branches/:id/user
    ΓêÜ creates a user for a branch (1224 ms)
    ΓêÜ uses username as fullName when not provided (1167 ms)
    ΓêÜ rejects missing username (27 ms)
    ΓêÜ rejects missing password (35 ms)
    ΓêÜ rejects short password (29 ms)
    ΓêÜ returns 404 for non-existent branch (28 ms)
    ΓêÜ returns 404 for deleted branch (27 ms)
    ΓêÜ rejects duplicate username with P2002 (1229 ms)
  PUT /api/branches/:id/user/:userId
    ΓêÜ updates user details (21 ms)
    ΓêÜ updates password with hashing (1155 ms)
    ΓêÜ rejects short password (30 ms)
    ΓêÜ returns 404 when user not found (25 ms)
    ΓêÜ returns 404 when user belongs to different branch (28 ms)
    ΓêÜ returns 404 when user belongs to different company (25 ms)
    ΓêÜ can disable a user (23 ms)
    ΓêÜ can change user role (23 ms)
    ΓêÜ rejects duplicate username on update (48 ms)
    ΓêÜ returns 400 for invalid IDs (25 ms)

  console.info
    {"timestamp":"2026-04-26T18:19:07.108Z","level":"info","message":"audit","action":"LOGIN","userId":1,"companyId":1,"branchId":1,"ip":"::ffff:127.0.0.1","requestId":"edcb69f1-fc6d-4ada-976b-6f4dacf0be60"}

      at Object.info (server/logger.ts:45:36)

  console.info
    {"timestamp":"2026-04-26T18:19:07.127Z","level":"info","message":"request","requestId":"edcb69f1-fc6d-4ada-976b-6f4dacf0be60","method":"POST","path":"/api/auth/login","status":200,"duration":"362ms","ip":"::ffff:127.0.0.1"}

      at Object.info (server/logger.ts:45:36)

  console.info
    {"timestamp":"2026-04-26T18:19:07.445Z","level":"info","message":"audit","action":"LOGIN_FAILED","ip":"::ffff:127.0.0.1","requestId":"286649ba-91f0-4347-80e8-169016a6d2a4","username":"admin","reason":"invalid_password"}

      at Object.info (server/logger.ts:45:36)

  console.warn
    {"timestamp":"2026-04-26T18:19:07.450Z","level":"warn","message":"request","requestId":"286649ba-91f0-4347-80e8-169016a6d2a4","method":"POST","path":"/api/auth/login","status":401,"duration":"294ms","ip":"::ffff:127.0.0.1"}

    [0m [90m 46 |[39m   }[33m,[39m
     [90m 47 |[39m   warn(message[33m:[39m string[33m,[39m meta[33m?[39m[33m:[39m [33mRecord[39m[33m<[39m[33mstring[39m[33m,[39m unknown[33m>[39m) {
    [31m[1m>[22m[39m[90m 48 |[39m     [36mif[39m (shouldLog([32m'warn'[39m)) console[33m.[39mwarn(formatMessage([32m'warn'[39m[33m,[39m message[33m,[39m meta))[33m;[39m
     [90m    |[39m                                    [31m[1m^[22m[39m
     [90m 49 |[39m   }[33m,[39m
     [90m 50 |[39m   error(message[33m:[39m string[33m,[39m meta[33m?[39m[33m:[39m [33mRecord[39m[33m<[39m[33mstring[39m[33m,[39m unknown[33m>[39m) {
     [90m 51 |[39m     [36mif[39m (shouldLog([32m'error'[39m)) console[33m.[39merror(formatMessage([32m'error'[39m[33m,[39m message[33m,[39m meta))[33m;[39m[0m

      at Object.warn (server/logger.ts:48:36)
      at ServerResponse.<anonymous> (server/middleware/requestLogger.ts:47:14)

  console.info
    {"timestamp":"2026-04-26T18:19:07.476Z","level":"info","message":"audit","action":"LOGIN_FAILED","ip":"::ffff:127.0.0.1","requestId":"89ae8126-ffad-4d3d-957a-d4132696040b","username":"ghost","reason":"invalid_user"}

      at Object.info (server/logger.ts:45:36)

  console.warn
    {"timestamp":"2026-04-26T18:19:07.479Z","level":"warn","message":"request","requestId":"89ae8126-ffad-4d3d-957a-d4132696040b","method":"POST","path":"/api/auth/login","status":401,"duration":"6ms","ip":"::ffff:127.0.0.1"}

    [0m [90m 46 |[39m   }[33m,[39m
     [90m 47 |[39m   warn(message[33m:[39m string[33m,[39m meta[33m?[39m[33m:[39m [33mRecord[39m[33m<[39m[33mstring[39m[33m,[39m unknown[33m>[39m) {
    [31m[1m>[22m[39m[90m 48 |[39m     [36mif[39m (shouldLog([32m'warn'[39m)) console[33m.[39mwarn(formatMessage([32m'warn'[39m[33m,[39m message[33m,[39m meta))[33m;[39m
     [90m    |[39m                                    [31m[1m^[22m[39m
     [90m 49 |[39m   }[33m,[39m
     [90m 50 |[39m   error(message[33m:[39m string[33m,[39m meta[33m?[39m[33m:[39m [33mRecord[39m[33m<[39m[33mstring[39m[33m,[39m unknown[33m>[39m) {
     [90m 51 |[39m     [36mif[39m (shouldLog([32m'error'[39m)) console[33m.[39merror(formatMessage([32m'error'[39m[33m,[39m message[33m,[39m meta))[33m;[39m[0m

      at Object.warn (server/logger.ts:48:36)
      at ServerResponse.<anonymous> (server/middleware/requestLogger.ts:47:14)

  console.info
    {"timestamp":"2026-04-26T18:19:07.511Z","level":"info","message":"audit","action":"LOGIN_FAILED","ip":"::ffff:127.0.0.1","requestId":"a67bb104-fddf-45bd-9b7c-3f677171746b","username":"admin","reason":"invalid_user"}

      at Object.info (server/logger.ts:45:36)

  console.warn
    {"timestamp":"2026-04-26T18:19:07.515Z","level":"warn","message":"request","requestId":"a67bb104-fddf-45bd-9b7c-3f677171746b","method":"POST","path":"/api/auth/login","status":401,"duration":"7ms","ip":"::ffff:127.0.0.1"}

    [0m [90m 46 |[39m   }[33m,[39m
     [90m 47 |[39m   warn(message[33m:[39m string[33m,[39m meta[33m?[39m[33m:[39m [33mRecord[39m[33m<[39m[33mstring[39m[33m,[39m unknown[33m>[39m) {
    [31m[1m>[22m[39m[90m 48 |[39m     [36mif[39m (shouldLog([32m'warn'[39m)) console[33m.[39mwarn(formatMessage([32m'warn'[39m[33m,[39m message[33m,[39m meta))[33m;[39m
     [90m    |[39m                                    [31m[1m^[22m[39m
     [90m 49 |[39m   }[33m,[39m
     [90m 50 |[39m   error(message[33m:[39m string[33m,[39m meta[33m?[39m[33m:[39m [33mRecord[39m[33m<[39m[33mstring[39m[33m,[39m unknown[33m>[39m) {
     [90m 51 |[39m     [36mif[39m (shouldLog([32m'error'[39m)) console[33m.[39merror(formatMessage([32m'error'[39m[33m,[39m message[33m,[39m meta))[33m;[39m[0m

      at Object.warn (server/logger.ts:48:36)
      at ServerResponse.<anonymous> (server/middleware/requestLogger.ts:47:14)

  console.info
    {"timestamp":"2026-04-26T18:19:07.826Z","level":"info","message":"audit","action":"LOGIN","userId":1,"companyId":1,"branchId":1,"ip":"::ffff:127.0.0.1","requestId":"2f255636-1eb6-4ca5-8723-81073d413532"}

      at Object.info (server/logger.ts:45:36)

  console.info
    {"timestamp":"2026-04-26T18:19:07.830Z","level":"info","message":"request","requestId":"2f255636-1eb6-4ca5-8723-81073d413532","method":"POST","path":"/api/auth/login","status":200,"duration":"291ms","ip":"::ffff:127.0.0.1"}

      at Object.info (server/logger.ts:45:36)

  console.info
    {"timestamp":"2026-04-26T18:19:08.980Z","level":"info","message":"audit","action":"USER_CREATED","userId":1,"companyId":1,"branchId":1,"ip":"::ffff:127.0.0.1","requestId":"8ccb6543-42cd-4da3-9a99-5b2854ba4688","targetUserId":2,"username":"newuser"}

      at Object.info (server/logger.ts:45:36)

  console.info
    {"timestamp":"2026-04-26T18:19:08.984Z","level":"info","message":"request","requestId":"8ccb6543-42cd-4da3-9a99-5b2854ba4688","method":"POST","path":"/api/auth/register","status":201,"duration":"1134ms","ip":"::ffff:127.0.0.1","userId":1,"companyId":1,"branchId":1}

      at Object.info (server/logger.ts:45:36)

  console.warn
    {"timestamp":"2026-04-26T18:19:10.282Z","level":"warn","message":"request","requestId":"fe995276-a881-4a0c-86e9-41573f521d84","method":"POST","path":"/api/auth/register","status":409,"duration":"1275ms","ip":"::ffff:127.0.0.1","userId":1,"companyId":1,"branchId":1}

    [0m [90m 46 |[39m   }[33m,[39m
     [90m 47 |[39m   warn(message[33m:[39m string[33m,[39m meta[33m?[39m[33m:[39m [33mRecord[39m[33m<[39m[33mstring[39m[33m,[39m unknown[33m>[39m) {
    [31m[1m>[22m[39m[90m 48 |[39m     [36mif[39m (shouldLog([32m'warn'[39m)) console[33m.[39mwarn(formatMessage([32m'warn'[39m[33m,[39m message[33m,[39m meta))[33m;[39m
     [90m    |[39m                                    [31m[1m^[22m[39m
     [90m 49 |[39m   }[33m,[39m
     [90m 50 |[39m   error(message[33m:[39m string[33m,[39m meta[33m?[39m[33m:[39m [33mRecord[39m[33m<[39m[33mstring[39m[33m,[39m unknown[33m>[39m) {
     [90m 51 |[39m     [36mif[39m (shouldLog([32m'error'[39m)) console[33m.[39merror(formatMessage([32m'error'[39m[33m,[39m message[33m,[39m meta))[33m;[39m[0m

      at Object.warn (server/logger.ts:48:36)
      at ServerResponse.<anonymous> (server/middleware/requestLogger.ts:47:14)

  console.info
    {"timestamp":"2026-04-26T18:19:10.599Z","level":"info","message":"audit","action":"LOGIN","userId":1,"companyId":1,"branchId":1,"ip":"::ffff:127.0.0.1","requestId":"c2ae2fdd-bd78-4608-8f3c-f2ac3c355923"}

      at Object.info (server/logger.ts:45:36)

  console.info
    {"timestamp":"2026-04-26T18:19:10.603Z","level":"info","message":"request","requestId":"c2ae2fdd-bd78-4608-8f3c-f2ac3c355923","method":"POST","path":"/api/auth/login","status":200,"duration":"288ms","ip":"::ffff:127.0.0.1"}

      at Object.info (server/logger.ts:45:36)

  console.info
    {"timestamp":"2026-04-26T18:19:10.629Z","level":"info","message":"request","requestId":"bf9bcb30-6910-4442-b1e3-93796ada39de","method":"GET","path":"/api/auth/me","status":200,"duration":"6ms","ip":"::ffff:127.0.0.1","userId":1,"companyId":1,"branchId":1}

      at Object.info (server/logger.ts:45:36)

  console.warn
    {"timestamp":"2026-04-26T18:19:10.651Z","level":"warn","message":"request","requestId":"6ac795ad-9bfc-48f7-bdcc-fac79bbfd7ac","method":"GET","path":"/api/auth/me","status":401,"duration":"3ms","ip":"::ffff:127.0.0.1"}

    [0m [90m 46 |[39m   }[33m,[39m
     [90m 47 |[39m   warn(message[33m:[39m string[33m,[39m meta[33m?[39m[33m:[39m [33mRecord[39m[33m<[39m[33mstring[39m[33m,[39m unknown[33m>[39m) {
    [31m[1m>[22m[39m[90m 48 |[39m     [36mif[39m (shouldLog([32m'warn'[39m)) console[33m.[39mwarn(formatMessage([32m'warn'[39m[33m,[39m message[33m,[39m meta))[33m;[39m
     [90m    |[39m                                    [31m[1m^[22m[39m
     [90m 49 |[39m   }[33m,[39m
     [90m 50 |[39m   error(message[33m:[39m string[33m,[39m meta[33m?[39m[33m:[39m [33mRecord[39m[33m<[39m[33mstring[39m[33m,[39m unknown[33m>[39m) {
     [90m 51 |[39m     [36mif[39m (shouldLog([32m'error'[39m)) console[33m.[39merror(formatMessage([32m'error'[39m[33m,[39m message[33m,[39m meta))[33m;[39m[0m

      at Object.warn (server/logger.ts:48:36)
      at ServerResponse.<anonymous> (server/middleware/requestLogger.ts:47:14)

  console.warn
    {"timestamp":"2026-04-26T18:19:10.683Z","level":"warn","message":"request","requestId":"8e1ddb21-bf0f-4eaa-acd6-554630c57223","method":"GET","path":"/api/auth/me","status":401,"duration":"4ms","ip":"::ffff:127.0.0.1"}

    [0m [90m 46 |[39m   }[33m,[39m
     [90m 47 |[39m   warn(message[33m:[39m string[33m,[39m meta[33m?[39m[33m:[39m [33mRecord[39m[33m<[39m[33mstring[39m[33m,[39m unknown[33m>[39m) {
    [31m[1m>[22m[39m[90m 48 |[39m     [36mif[39m (shouldLog([32m'warn'[39m)) console[33m.[39mwarn(formatMessage([32m'warn'[39m[33m,[39m message[33m,[39m meta))[33m;[39m
     [90m    |[39m                                    [31m[1m^[22m[39m
     [90m 49 |[39m   }[33m,[39m
     [90m 50 |[39m   error(message[33m:[39m string[33m,[39m meta[33m?[39m[33m:[39m [33mRecord[39m[33m<[39m[33mstring[39m[33m,[39m unknown[33m>[39m) {
     [90m 51 |[39m     [36mif[39m (shouldLog([32m'error'[39m)) console[33m.[39merror(formatMessage([32m'error'[39m[33m,[39m message[33m,[39m meta))[33m;[39m[0m

      at Object.warn (server/logger.ts:48:36)
      at ServerResponse.<anonymous> (server/middleware/requestLogger.ts:47:14)

PASS tests/integration/auth.test.ts (6.317 s)
  POST /api/auth/login
    ΓêÜ returns a token and user on valid credentials (413 ms)
    ΓêÜ returns 401 for wrong password (319 ms)
    ΓêÜ returns 401 for non-existent user (30 ms)
    ΓêÜ returns 401 for inactive user (33 ms)
  POST /api/auth/register
    ΓêÜ creates a new user and returns 201 (1154 ms)
    ΓêÜ returns 409 for duplicate username (1303 ms)
  GET /api/auth/me
    ΓêÜ returns user info for a valid token (340 ms)
    ΓêÜ returns 401 without a token (25 ms)
    ΓêÜ returns 401 for an invalid token (30 ms)

  console.info
    {"timestamp":"2026-04-26T18:19:12.722Z","level":"info","message":"request","requestId":"174f5ef6-7c9a-4d48-8d29-a53e2fbf843b","method":"GET","path":"/api/layaway","status":200,"duration":"6ms","ip":"::ffff:127.0.0.1","userId":1,"companyId":1,"branchId":1}

      at Object.info (server/logger.ts:45:36)

  console.info
    {"timestamp":"2026-04-26T18:19:12.763Z","level":"info","message":"request","requestId":"905e659e-7a6c-46ed-bd7d-4ca562fb272e","method":"GET","path":"/api/layaway","status":200,"duration":"2ms","ip":"::ffff:127.0.0.1","userId":1,"companyId":1,"branchId":1}

      at Object.info (server/logger.ts:45:36)

  console.info
    {"timestamp":"2026-04-26T18:19:12.791Z","level":"info","message":"request","requestId":"f8fc3fdc-5948-4e2f-a94f-febee70adf82","method":"GET","path":"/api/layaway?status=ACTIVE","status":200,"duration":"6ms","ip":"::ffff:127.0.0.1","userId":1,"companyId":1,"branchId":1}

      at Object.info (server/logger.ts:45:36)

  console.info
    {"timestamp":"2026-04-26T18:19:12.820Z","level":"info","message":"request","requestId":"918a0258-94ff-4ba9-b498-475c0b5db115","method":"GET","path":"/api/layaway?customerId=10","status":200,"duration":"4ms","ip":"::ffff:127.0.0.1","userId":1,"companyId":1,"branchId":1}

      at Object.info (server/logger.ts:45:36)

  console.info
    {"timestamp":"2026-04-26T18:19:12.846Z","level":"info","message":"request","requestId":"d15bf179-9575-4e01-982d-f7e63f38558d","method":"GET","path":"/api/layaway?salesmanName=Amit","status":200,"duration":"3ms","ip":"::ffff:127.0.0.1","userId":1,"companyId":1,"branchId":1}

      at Object.info (server/logger.ts:45:36)

  console.info
    {"timestamp":"2026-04-26T18:19:12.871Z","level":"info","message":"request","requestId":"15bf7ad5-8d5c-4d7f-ab3b-be121cfc5b5a","method":"GET","path":"/api/layaway?dateFrom=2025-03-01&dateTo=2025-03-31","status":200,"duration":"3ms","ip":"::ffff:127.0.0.1","userId":1,"companyId":1,"branchId":1}

      at Object.info (server/logger.ts:45:36)

  console.info
    {"timestamp":"2026-04-26T18:19:12.894Z","level":"info","message":"request","requestId":"dbb98c3d-564c-426f-b707-a93df8bdb3b5","method":"GET","path":"/api/layaway?search=LY/1","status":200,"duration":"2ms","ip":"::ffff:127.0.0.1","userId":1,"companyId":1,"branchId":1}

      at Object.info (server/logger.ts:45:36)

  console.info
    {"timestamp":"2026-04-26T18:19:12.922Z","level":"info","message":"request","requestId":"af2a06d8-c3b0-45e7-954f-246b29a370ab","method":"GET","path":"/api/layaway?status=ALL","status":200,"duration":"3ms","ip":"::ffff:127.0.0.1","userId":1,"companyId":1,"branchId":1}

      at Object.info (server/logger.ts:45:36)

  console.error
    Error fetching layaway entries: Error: DB error
        at Object.<anonymous> (C:\Swarnite\tests\integration\layaway.test.ts:328:60)
        at Promise.finally.completed (C:\Swarnite\node_modules\jest-circus\build\jestAdapterInit.js:1557:28)
        at new Promise (<anonymous>)
        at callAsyncCircusFn (C:\Swarnite\node_modules\jest-circus\build\jestAdapterInit.js:1497:10)
        at _callCircusTest (C:\Swarnite\node_modules\jest-circus\build\jestAdapterInit.js:1007:40)
        at processTicksAndRejections (node:internal/process/task_queues:104:5)
        at _runTest (C:\Swarnite\node_modules\jest-circus\build\jestAdapterInit.js:947:3)
        at C:\Swarnite\node_modules\jest-circus\build\jestAdapterInit.js:849:7
        at _runTestsForDescribeBlock (C:\Swarnite\node_modules\jest-circus\build\jestAdapterInit.js:862:11)
        at _runTestsForDescribeBlock (C:\Swarnite\node_modules\jest-circus\build\jestAdapterInit.js:857:11)
        at run (C:\Swarnite\node_modules\jest-circus\build\jestAdapterInit.js:761:3)
        at runAndTransformResultsToJestFormat (C:\Swarnite\node_modules\jest-circus\build\jestAdapterInit.js:1918:21)
        at jestAdapter (C:\Swarnite\node_modules\jest-circus\build\runner.js:101:19)
        at runTestInternal (C:\Swarnite\node_modules\jest-runner\build\index.js:275:16)
        at runTest (C:\Swarnite\node_modules\jest-runner\build\index.js:343:7)

    [0m [90m 72 |[39m     res[33m.[39mjson({ entries[33m,[39m totalAmount })[33m;[39m
     [90m 73 |[39m   } [36mcatch[39m (error) {
    [31m[1m>[22m[39m[90m 74 |[39m     console[33m.[39merror([32m'Error fetching layaway entries:'[39m[33m,[39m error)[33m;[39m
     [90m    |[39m             [31m[1m^[22m[39m
     [90m 75 |[39m     res[33m.[39mstatus([35m500[39m)[33m.[39mjson({ error[33m:[39m [32m'Failed to fetch layaway entries'[39m })[33m;[39m
     [90m 76 |[39m   }
     [90m 77 |[39m })[33m;[39m[0m

      at server/routes/layaway.ts:74:13

  console.error
    {"timestamp":"2026-04-26T18:19:13.010Z","level":"error","message":"request","requestId":"4c664cb8-2f1a-40af-8853-6976c82fb6de","method":"GET","path":"/api/layaway","status":500,"duration":"67ms","ip":"::ffff:127.0.0.1","userId":1,"companyId":1,"branchId":1}

    [0m [90m 49 |[39m   }[33m,[39m
     [90m 50 |[39m   error(message[33m:[39m string[33m,[39m meta[33m?[39m[33m:[39m [33mRecord[39m[33m<[39m[33mstring[39m[33m,[39m unknown[33m>[39m) {
    [31m[1m>[22m[39m[90m 51 |[39m     [36mif[39m (shouldLog([32m'error'[39m)) console[33m.[39merror(formatMessage([32m'error'[39m[33m,[39m message[33m,[39m meta))[33m;[39m
     [90m    |[39m                                     [31m[1m^[22m[39m
     [90m 52 |[39m   }[33m,[39m
     [90m 53 |[39m }[33m;[39m
     [90m 54 |[39m[0m

      at Object.error (server/logger.ts:51:37)
      at ServerResponse.<anonymous> (server/middleware/requestLogger.ts:45:14)

  console.info
    {"timestamp":"2026-04-26T18:19:13.058Z","level":"info","message":"request","requestId":"029708d5-ea12-4129-b74f-0aed705fb0c4","method":"GET","path":"/api/layaway/1","status":200,"duration":"6ms","ip":"::ffff:127.0.0.1","userId":1,"companyId":1,"branchId":1}

      at Object.info (server/logger.ts:45:36)

  console.warn
    {"timestamp":"2026-04-26T18:19:13.086Z","level":"warn","message":"request","requestId":"b38024b4-4a1a-4748-b743-0b189c1cc371","method":"GET","path":"/api/layaway/999","status":404,"duration":"2ms","ip":"::ffff:127.0.0.1","userId":1,"companyId":1,"branchId":1}

    [0m [90m 46 |[39m   }[33m,[39m
     [90m 47 |[39m   warn(message[33m:[39m string[33m,[39m meta[33m?[39m[33m:[39m [33mRecord[39m[33m<[39m[33mstring[39m[33m,[39m unknown[33m>[39m) {
    [31m[1m>[22m[39m[90m 48 |[39m     [36mif[39m (shouldLog([32m'warn'[39m)) console[33m.[39mwarn(formatMessage([32m'warn'[39m[33m,[39m message[33m,[39m meta))[33m;[39m
     [90m    |[39m                                    [31m[1m^[22m[39m
     [90m 49 |[39m   }[33m,[39m
     [90m 50 |[39m   error(message[33m:[39m string[33m,[39m meta[33m?[39m[33m:[39m [33mRecord[39m[33m<[39m[33mstring[39m[33m,[39m unknown[33m>[39m) {
     [90m 51 |[39m     [36mif[39m (shouldLog([32m'error'[39m)) console[33m.[39merror(formatMessage([32m'error'[39m[33m,[39m message[33m,[39m meta))[33m;[39m[0m

      at Object.warn (server/logger.ts:48:36)
      at ServerResponse.<anonymous> (server/middleware/requestLogger.ts:47:14)

  console.error
    {"timestamp":"2026-04-26T18:19:13.120Z","level":"error","message":"request","requestId":"c1c805b4-84aa-4369-a968-515e54dc5d93","method":"GET","path":"/api/layaway/1","status":500,"duration":"3ms","ip":"::ffff:127.0.0.1","userId":1,"companyId":1,"branchId":1}

    [0m [90m 49 |[39m   }[33m,[39m
     [90m 50 |[39m   error(message[33m:[39m string[33m,[39m meta[33m?[39m[33m:[39m [33mRecord[39m[33m<[39m[33mstring[39m[33m,[39m unknown[33m>[39m) {
    [31m[1m>[22m[39m[90m 51 |[39m     [36mif[39m (shouldLog([32m'error'[39m)) console[33m.[39merror(formatMessage([32m'error'[39m[33m,[39m message[33m,[39m meta))[33m;[39m
     [90m    |[39m                                     [31m[1m^[22m[39m
     [90m 52 |[39m   }[33m,[39m
     [90m 53 |[39m }[33m;[39m
     [90m 54 |[39m[0m

      at Object.error (server/logger.ts:51:37)
      at ServerResponse.<anonymous> (server/middleware/requestLogger.ts:45:14)

  console.info
    {"timestamp":"2026-04-26T18:19:13.214Z","level":"info","message":"request","requestId":"369f07d5-25b7-4f69-ad96-6e17c4ef8732","method":"POST","path":"/api/layaway","status":201,"duration":"54ms","ip":"::ffff:127.0.0.1","userId":1,"companyId":1,"branchId":1}

      at Object.info (server/logger.ts:45:36)

  console.info
    {"timestamp":"2026-04-26T18:19:13.248Z","level":"info","message":"request","requestId":"025cc7d9-8329-4796-9e57-2bed5668441f","method":"POST","path":"/api/layaway","status":201,"duration":"5ms","ip":"::ffff:127.0.0.1","userId":1,"companyId":1,"branchId":1}

      at Object.info (server/logger.ts:45:36)

  console.warn
    {"timestamp":"2026-04-26T18:19:13.277Z","level":"warn","message":"request","requestId":"f4b34132-84e1-42d1-a000-3b1a2458efa0","method":"POST","path":"/api/layaway","status":400,"duration":"2ms","ip":"::ffff:127.0.0.1","userId":1,"companyId":1,"branchId":1}

    [0m [90m 46 |[39m   }[33m,[39m
     [90m 47 |[39m   warn(message[33m:[39m string[33m,[39m meta[33m?[39m[33m:[39m [33mRecord[39m[33m<[39m[33mstring[39m[33m,[39m unknown[33m>[39m) {
    [31m[1m>[22m[39m[90m 48 |[39m     [36mif[39m (shouldLog([32m'warn'[39m)) console[33m.[39mwarn(formatMessage([32m'warn'[39m[33m,[39m message[33m,[39m meta))[33m;[39m
     [90m    |[39m                                    [31m[1m^[22m[39m
     [90m 49 |[39m   }[33m,[39m
     [90m 50 |[39m   error(message[33m:[39m string[33m,[39m meta[33m?[39m[33m:[39m [33mRecord[39m[33m<[39m[33mstring[39m[33m,[39m unknown[33m>[39m) {
     [90m 51 |[39m     [36mif[39m (shouldLog([32m'error'[39m)) console[33m.[39merror(formatMessage([32m'error'[39m[33m,[39m message[33m,[39m meta))[33m;[39m[0m

      at Object.warn (server/logger.ts:48:36)
      at ServerResponse.<anonymous> (server/middleware/requestLogger.ts:47:14)

  console.warn
    {"timestamp":"2026-04-26T18:19:13.309Z","level":"warn","message":"request","requestId":"5c88e70b-b402-4a1a-b6f5-07d17c1fd335","method":"POST","path":"/api/layaway","status":400,"duration":"3ms","ip":"::ffff:127.0.0.1","userId":1,"companyId":1,"branchId":1}

    [0m [90m 46 |[39m   }[33m,[39m
     [90m 47 |[39m   warn(message[33m:[39m string[33m,[39m meta[33m?[39m[33m:[39m [33mRecord[39m[33m<[39m[33mstring[39m[33m,[39m unknown[33m>[39m) {
    [31m[1m>[22m[39m[90m 48 |[39m     [36mif[39m (shouldLog([32m'warn'[39m)) console[33m.[39mwarn(formatMessage([32m'warn'[39m[33m,[39m message[33m,[39m meta))[33m;[39m
     [90m    |[39m                                    [31m[1m^[22m[39m
     [90m 49 |[39m   }[33m,[39m
     [90m 50 |[39m   error(message[33m:[39m string[33m,[39m meta[33m?[39m[33m:[39m [33mRecord[39m[33m<[39m[33mstring[39m[33m,[39m unknown[33m>[39m) {
     [90m 51 |[39m     [36mif[39m (shouldLog([32m'error'[39m)) console[33m.[39merror(formatMessage([32m'error'[39m[33m,[39m message[33m,[39m meta))[33m;[39m[0m

      at Object.warn (server/logger.ts:48:36)
      at ServerResponse.<anonymous> (server/middleware/requestLogger.ts:47:14)

  console.warn
    {"timestamp":"2026-04-26T18:19:13.380Z","level":"warn","message":"request","requestId":"025a4d48-5883-4d24-aaee-40b2a9cd567d","method":"POST","path":"/api/layaway","status":400,"duration":"6ms","ip":"::ffff:127.0.0.1","userId":1,"companyId":1,"branchId":1}

    [0m [90m 46 |[39m   }[33m,[39m
     [90m 47 |[39m   warn(message[33m:[39m string[33m,[39m meta[33m?[39m[33m:[39m [33mRecord[39m[33m<[39m[33mstring[39m[33m,[39m unknown[33m>[39m) {
    [31m[1m>[22m[39m[90m 48 |[39m     [36mif[39m (shouldLog([32m'warn'[39m)) console[33m.[39mwarn(formatMessage([32m'warn'[39m[33m,[39m message[33m,[39m meta))[33m;[39m
     [90m    |[39m                                    [31m[1m^[22m[39m
     [90m 49 |[39m   }[33m,[39m
     [90m 50 |[39m   error(message[33m:[39m string[33m,[39m meta[33m?[39m[33m:[39m [33mRecord[39m[33m<[39m[33mstring[39m[33m,[39m unknown[33m>[39m) {
     [90m 51 |[39m     [36mif[39m (shouldLog([32m'error'[39m)) console[33m.[39merror(formatMessage([32m'error'[39m[33m,[39m message[33m,[39m meta))[33m;[39m[0m

      at Object.warn (server/logger.ts:48:36)
      at ServerResponse.<anonymous> (server/middleware/requestLogger.ts:47:14)

  console.info
    {"timestamp":"2026-04-26T18:19:13.417Z","level":"info","message":"request","requestId":"9daefea5-6ffd-42cd-a650-bab0372326a8","method":"POST","path":"/api/layaway","status":201,"duration":"4ms","ip":"::ffff:127.0.0.1","userId":1,"companyId":1,"branchId":1}

      at Object.info (server/logger.ts:45:36)

  console.info
    {"timestamp":"2026-04-26T18:19:13.451Z","level":"info","message":"request","requestId":"9e34aa11-d6f5-4322-9059-bcd9956159b9","method":"POST","path":"/api/layaway","status":201,"duration":"4ms","ip":"::ffff:127.0.0.1","userId":1,"companyId":1,"branchId":1}

      at Object.info (server/logger.ts:45:36)

  console.info
    {"timestamp":"2026-04-26T18:19:13.480Z","level":"info","message":"request","requestId":"dc5aaeec-922e-4021-9eff-b1ceb5cbb87f","method":"POST","path":"/api/layaway","status":201,"duration":"4ms","ip":"::ffff:127.0.0.1","userId":1,"companyId":1,"branchId":1}

      at Object.info (server/logger.ts:45:36)

  console.info
    {"timestamp":"2026-04-26T18:19:13.509Z","level":"info","message":"request","requestId":"4f5a9188-9164-4562-97a8-ebc22a0d928b","method":"POST","path":"/api/layaway","status":201,"duration":"5ms","ip":"::ffff:127.0.0.1","userId":1,"companyId":1,"branchId":1}

      at Object.info (server/logger.ts:45:36)

  console.error
    Error creating layaway entry: Error: Transaction failed
        at Object.<anonymous> (C:\Swarnite\tests\integration\layaway.test.ts:584:72)
        at C:\Swarnite\node_modules\jest-mock\build\index.js:305:39
        at Object.<anonymous> (C:\Swarnite\node_modules\jest-mock\build\index.js:312:13)
        at Object.mockConstructor [as $transaction] (C:\Swarnite\node_modules\jest-mock\build\index.js:57:19)
        at C:\Swarnite\server\routes\layaway.ts:239:33
        at Layer.handle [as handle_request] (C:\Swarnite\node_modules\express\lib\router\layer.js:95:5)
        at next (C:\Swarnite\node_modules\express\lib\router\route.js:149:13)
        at Route.dispatch (C:\Swarnite\node_modules\express\lib\router\route.js:119:3)
        at Layer.handle [as handle_request] (C:\Swarnite\node_modules\express\lib\router\layer.js:95:5)
        at C:\Swarnite\node_modules\express\lib\router\index.js:284:15
        at router.process_params (C:\Swarnite\node_modules\express\lib\router\index.js:346:12)
        at next (C:\Swarnite\node_modules\express\lib\router\index.js:280:10)
        at authenticate (C:\Swarnite\tests\integration\layaway.test.ts:14:5)
        at Layer.handle [as handle_request] (C:\Swarnite\node_modules\express\lib\router\layer.js:95:5)
        at trim_prefix (C:\Swarnite\node_modules\express\lib\router\index.js:328:13)
        at C:\Swarnite\node_modules\express\lib\router\index.js:286:9
        at router.process_params (C:\Swarnite\node_modules\express\lib\router\index.js:346:12)
        at next (C:\Swarnite\node_modules\express\lib\router\index.js:280:10)
        at router.handle (C:\Swarnite\node_modules\express\lib\router\index.js:175:3)
        at router (C:\Swarnite\node_modules\express\lib\router\index.js:47:12)
        at Layer.handle [as handle_request] (C:\Swarnite\node_modules\express\lib\router\layer.js:95:5)
        at trim_prefix (C:\Swarnite\node_modules\express\lib\router\index.js:328:13)
        at C:\Swarnite\node_modules\express\lib\router\index.js:286:9
        at router.process_params (C:\Swarnite\node_modules\express\lib\router\index.js:346:12)
        at next (C:\Swarnite\node_modules\express\lib\router\index.js:280:10)
        at cookieParser (C:\Swarnite\node_modules\cookie-parser\index.js:57:14)
        at Layer.handle [as handle_request] (C:\Swarnite\node_modules\express\lib\router\layer.js:95:5)
        at trim_prefix (C:\Swarnite\node_modules\express\lib\router\index.js:328:13)
        at C:\Swarnite\node_modules\express\lib\router\index.js:286:9
        at router.process_params (C:\Swarnite\node_modules\express\lib\router\index.js:346:12)
        at next (C:\Swarnite\node_modules\express\lib\router\index.js:280:10)
        at urlencodedParser (C:\Swarnite\node_modules\body-parser\lib\types\urlencoded.js:82:7)
        at Layer.handle [as handle_request] (C:\Swarnite\node_modules\express\lib\router\layer.js:95:5)
        at trim_prefix (C:\Swarnite\node_modules\express\lib\router\index.js:328:13)
        at C:\Swarnite\node_modules\express\lib\router\index.js:286:9
        at router.process_params (C:\Swarnite\node_modules\express\lib\router\index.js:346:12)
        at next (C:\Swarnite\node_modules\express\lib\router\index.js:280:10)
        at C:\Swarnite\node_modules\body-parser\lib\read.js:137:5
        at AsyncResource.runInAsyncScope (node:async_hooks:227:14)
        at invokeCallback (C:\Swarnite\node_modules\raw-body\index.js:238:16)
        at done (C:\Swarnite\node_modules\raw-body\index.js:227:7)
        at IncomingMessage.onEnd (C:\Swarnite\node_modules\raw-body\index.js:287:7)
        at IncomingMessage.emit (node:events:509:28)
        at endReadableNT (node:internal/streams/readable:1729:12)
        at processTicksAndRejections (node:internal/process/task_queues:90:21)

    [0m [90m 408 |[39m     res[33m.[39mstatus([35m201[39m)[33m.[39mjson(fullEntry)[33m;[39m
     [90m 409 |[39m   } [36mcatch[39m (error[33m:[39m any) {
    [31m[1m>[22m[39m[90m 410 |[39m     console[33m.[39merror([32m'Error creating layaway entry:'[39m[33m,[39m error)[33m;[39m
     [90m     |[39m             [31m[1m^[22m[39m
     [90m 411 |[39m     res[33m.[39mstatus([35m500[39m)[33m.[39mjson({ error[33m:[39m error[33m?[39m[33m.[39mmessage [33m||[39m [32m'Failed to create layaway entry'[39m })[33m;[39m
     [90m 412 |[39m   }
     [90m 413 |[39m })[33m;[39m[0m

      at server/routes/layaway.ts:410:13

  console.error
    {"timestamp":"2026-04-26T18:19:13.627Z","level":"error","message":"request","requestId":"84f67b4a-ae9a-43d9-85d3-37a69d899234","method":"POST","path":"/api/layaway","status":500,"duration":"96ms","ip":"::ffff:127.0.0.1","userId":1,"companyId":1,"branchId":1}

    [0m [90m 49 |[39m   }[33m,[39m
     [90m 50 |[39m   error(message[33m:[39m string[33m,[39m meta[33m?[39m[33m:[39m [33mRecord[39m[33m<[39m[33mstring[39m[33m,[39m unknown[33m>[39m) {
    [31m[1m>[22m[39m[90m 51 |[39m     [36mif[39m (shouldLog([32m'error'[39m)) console[33m.[39merror(formatMessage([32m'error'[39m[33m,[39m message[33m,[39m meta))[33m;[39m
     [90m    |[39m                                     [31m[1m^[22m[39m
     [90m 52 |[39m   }[33m,[39m
     [90m 53 |[39m }[33m;[39m
     [90m 54 |[39m[0m

      at Object.error (server/logger.ts:51:37)
      at ServerResponse.<anonymous> (server/middleware/requestLogger.ts:45:14)

  console.info
    {"timestamp":"2026-04-26T18:19:13.658Z","level":"info","message":"request","requestId":"83484bb7-384e-47d1-81f7-3371233a85f8","method":"POST","path":"/api/layaway","status":201,"duration":"5ms","ip":"::ffff:127.0.0.1","userId":1,"companyId":1,"branchId":1}

      at Object.info (server/logger.ts:45:36)

  console.info
    {"timestamp":"2026-04-26T18:19:13.683Z","level":"info","message":"request","requestId":"3e52248f-b904-4c62-9fdd-6f72789005ec","method":"POST","path":"/api/layaway","status":201,"duration":"5ms","ip":"::ffff:127.0.0.1","userId":1,"companyId":1,"branchId":1}

      at Object.info (server/logger.ts:45:36)

  console.error
    Error creating layaway entry: Error: Label SC/1 has only 3 pcs in stock
        at C:\Swarnite\server\routes\layaway.ts:366:19
        at processTicksAndRejections (node:internal/process/task_queues:104:5)
        at C:\Swarnite\server\routes\layaway.ts:239:20

    [0m [90m 408 |[39m     res[33m.[39mstatus([35m201[39m)[33m.[39mjson(fullEntry)[33m;[39m
     [90m 409 |[39m   } [36mcatch[39m (error[33m:[39m any) {
    [31m[1m>[22m[39m[90m 410 |[39m     console[33m.[39merror([32m'Error creating layaway entry:'[39m[33m,[39m error)[33m;[39m
     [90m     |[39m             [31m[1m^[22m[39m
     [90m 411 |[39m     res[33m.[39mstatus([35m500[39m)[33m.[39mjson({ error[33m:[39m error[33m?[39m[33m.[39mmessage [33m||[39m [32m'Failed to create layaway entry'[39m })[33m;[39m
     [90m 412 |[39m   }
     [90m 413 |[39m })[33m;[39m[0m

      at server/routes/layaway.ts:410:13

  console.error
    {"timestamp":"2026-04-26T18:19:13.727Z","level":"error","message":"request","requestId":"e554b7df-5610-4412-b87f-f3146ec2eaec","method":"POST","path":"/api/layaway","status":500,"duration":"24ms","ip":"::ffff:127.0.0.1","userId":1,"companyId":1,"branchId":1}

    [0m [90m 49 |[39m   }[33m,[39m
     [90m 50 |[39m   error(message[33m:[39m string[33m,[39m meta[33m?[39m[33m:[39m [33mRecord[39m[33m<[39m[33mstring[39m[33m,[39m unknown[33m>[39m) {
    [31m[1m>[22m[39m[90m 51 |[39m     [36mif[39m (shouldLog([32m'error'[39m)) console[33m.[39merror(formatMessage([32m'error'[39m[33m,[39m message[33m,[39m meta))[33m;[39m
     [90m    |[39m                                     [31m[1m^[22m[39m
     [90m 52 |[39m   }[33m,[39m
     [90m 53 |[39m }[33m;[39m
     [90m 54 |[39m[0m

      at Object.error (server/logger.ts:51:37)
      at ServerResponse.<anonymous> (server/middleware/requestLogger.ts:45:14)

  console.info
    {"timestamp":"2026-04-26T18:19:13.764Z","level":"info","message":"request","requestId":"3771f8e8-821e-49cd-ae9e-02c02db594a0","method":"DELETE","path":"/api/layaway/1","status":200,"duration":"5ms","ip":"::ffff:127.0.0.1","userId":1,"companyId":1,"branchId":1}

      at Object.info (server/logger.ts:45:36)

  console.info
    {"timestamp":"2026-04-26T18:19:13.788Z","level":"info","message":"request","requestId":"51ca38a4-f590-45e0-b77a-20205392e2a6","method":"DELETE","path":"/api/layaway/1","status":200,"duration":"4ms","ip":"::ffff:127.0.0.1","userId":1,"companyId":1,"branchId":1}

      at Object.info (server/logger.ts:45:36)

  console.info
    {"timestamp":"2026-04-26T18:19:13.810Z","level":"info","message":"request","requestId":"941b24b6-042a-4569-bc7f-c0002135a266","method":"DELETE","path":"/api/layaway/1","status":200,"duration":"2ms","ip":"::ffff:127.0.0.1","userId":1,"companyId":1,"branchId":1}

      at Object.info (server/logger.ts:45:36)

  console.warn
    {"timestamp":"2026-04-26T18:19:13.833Z","level":"warn","message":"request","requestId":"46f99171-f837-41a2-9d69-13263b245832","method":"DELETE","path":"/api/layaway/999","status":404,"duration":"2ms","ip":"::ffff:127.0.0.1","userId":1,"companyId":1,"branchId":1}

    [0m [90m 46 |[39m   }[33m,[39m
     [90m 47 |[39m   warn(message[33m:[39m string[33m,[39m meta[33m?[39m[33m:[39m [33mRecord[39m[33m<[39m[33mstring[39m[33m,[39m unknown[33m>[39m) {
    [31m[1m>[22m[39m[90m 48 |[39m     [36mif[39m (shouldLog([32m'warn'[39m)) console[33m.[39mwarn(formatMessage([32m'warn'[39m[33m,[39m message[33m,[39m meta))[33m;[39m
     [90m    |[39m                                    [31m[1m^[22m[39m
     [90m 49 |[39m   }[33m,[39m
     [90m 50 |[39m   error(message[33m:[39m string[33m,[39m meta[33m?[39m[33m:[39m [33mRecord[39m[33m<[39m[33mstring[39m[33m,[39m unknown[33m>[39m) {
     [90m 51 |[39m     [36mif[39m (shouldLog([32m'error'[39m)) console[33m.[39merror(formatMessage([32m'error'[39m[33m,[39m message[33m,[39m meta))[33m;[39m[0m

      at Object.warn (server/logger.ts:48:36)
      at ServerResponse.<anonymous> (server/middleware/requestLogger.ts:47:14)

  console.warn
    {"timestamp":"2026-04-26T18:19:13.860Z","level":"warn","message":"request","requestId":"f0eb5912-c04a-429e-a2d4-4e8208f90df5","method":"DELETE","path":"/api/layaway/1","status":400,"duration":"3ms","ip":"::ffff:127.0.0.1","userId":1,"companyId":1,"branchId":1}

    [0m [90m 46 |[39m   }[33m,[39m
     [90m 47 |[39m   warn(message[33m:[39m string[33m,[39m meta[33m?[39m[33m:[39m [33mRecord[39m[33m<[39m[33mstring[39m[33m,[39m unknown[33m>[39m) {
    [31m[1m>[22m[39m[90m 48 |[39m     [36mif[39m (shouldLog([32m'warn'[39m)) console[33m.[39mwarn(formatMessage([32m'warn'[39m[33m,[39m message[33m,[39m meta))[33m;[39m
     [90m    |[39m                                    [31m[1m^[22m[39m
     [90m 49 |[39m   }[33m,[39m
     [90m 50 |[39m   error(message[33m:[39m string[33m,[39m meta[33m?[39m[33m:[39m [33mRecord[39m[33m<[39m[33mstring[39m[33m,[39m unknown[33m>[39m) {
     [90m 51 |[39m     [36mif[39m (shouldLog([32m'error'[39m)) console[33m.[39merror(formatMessage([32m'error'[39m[33m,[39m message[33m,[39m meta))[33m;[39m[0m

      at Object.warn (server/logger.ts:48:36)
      at ServerResponse.<anonymous> (server/middleware/requestLogger.ts:47:14)

  console.info
    {"timestamp":"2026-04-26T18:19:13.886Z","level":"info","message":"request","requestId":"6715fd1d-7335-4a0c-81c6-e053bb0d9fef","method":"DELETE","path":"/api/layaway/1","status":200,"duration":"2ms","ip":"::ffff:127.0.0.1","userId":1,"companyId":1,"branchId":1}

      at Object.info (server/logger.ts:45:36)

  console.error
    Error cancelling layaway: Error: TX error
        at Object.<anonymous> (C:\Swarnite\tests\integration\layaway.test.ts:783:72)
        at C:\Swarnite\node_modules\jest-mock\build\index.js:305:39
        at Object.<anonymous> (C:\Swarnite\node_modules\jest-mock\build\index.js:312:13)
        at Object.mockConstructor [as $transaction] (C:\Swarnite\node_modules\jest-mock\build\index.js:57:19)
        at C:\Swarnite\server\routes\layaway.ts:798:18
        at processTicksAndRejections (node:internal/process/task_queues:104:5)

    [0m [90m 820 |[39m     res[33m.[39mjson({ message[33m:[39m [32m'Layaway cancelled and items restored to stock'[39m })[33m;[39m
     [90m 821 |[39m   } [36mcatch[39m (error) {
    [31m[1m>[22m[39m[90m 822 |[39m     console[33m.[39merror([32m'Error cancelling layaway:'[39m[33m,[39m error)[33m;[39m
     [90m     |[39m             [31m[1m^[22m[39m
     [90m 823 |[39m     res[33m.[39mstatus([35m500[39m)[33m.[39mjson({ error[33m:[39m [32m'Failed to cancel layaway'[39m })[33m;[39m
     [90m 824 |[39m   }
     [90m 825 |[39m })[33m;[39m[0m

      at server/routes/layaway.ts:822:13

  console.error
    {"timestamp":"2026-04-26T18:19:13.933Z","level":"error","message":"request","requestId":"60129ec9-029c-47b0-b441-ca1c69d8f052","method":"DELETE","path":"/api/layaway/1","status":500,"duration":"26ms","ip":"::ffff:127.0.0.1","userId":1,"companyId":1,"branchId":1}

    [0m [90m 49 |[39m   }[33m,[39m
     [90m 50 |[39m   error(message[33m:[39m string[33m,[39m meta[33m?[39m[33m:[39m [33mRecord[39m[33m<[39m[33mstring[39m[33m,[39m unknown[33m>[39m) {
    [31m[1m>[22m[39m[90m 51 |[39m     [36mif[39m (shouldLog([32m'error'[39m)) console[33m.[39merror(formatMessage([32m'error'[39m[33m,[39m message[33m,[39m meta))[33m;[39m
     [90m    |[39m                                     [31m[1m^[22m[39m
     [90m 52 |[39m   }[33m,[39m
     [90m 53 |[39m }[33m;[39m
     [90m 54 |[39m[0m

      at Object.error (server/logger.ts:51:37)
      at ServerResponse.<anonymous> (server/middleware/requestLogger.ts:45:14)

  console.info
    {"timestamp":"2026-04-26T18:19:13.965Z","level":"info","message":"request","requestId":"03021863-182c-4ed8-9eb0-51c46492ce08","method":"DELETE","path":"/api/layaway/1","status":200,"duration":"4ms","ip":"::ffff:127.0.0.1","userId":1,"companyId":1,"branchId":1}

      at Object.info (server/logger.ts:45:36)

  console.info
    {"timestamp":"2026-04-26T18:19:14.007Z","level":"info","message":"request","requestId":"e4ab6b0b-ffa4-4952-b893-c41c6d115152","method":"PUT","path":"/api/layaway/1","status":200,"duration":"8ms","ip":"::ffff:127.0.0.1","userId":1,"companyId":1,"branchId":1}

      at Object.info (server/logger.ts:45:36)

  console.warn
    {"timestamp":"2026-04-26T18:19:14.032Z","level":"warn","message":"request","requestId":"894e6896-8fcd-416e-9ebb-29a6aa60db65","method":"PUT","path":"/api/layaway/999","status":404,"duration":"2ms","ip":"::ffff:127.0.0.1","userId":1,"companyId":1,"branchId":1}

    [0m [90m 46 |[39m   }[33m,[39m
     [90m 47 |[39m   warn(message[33m:[39m string[33m,[39m meta[33m?[39m[33m:[39m [33mRecord[39m[33m<[39m[33mstring[39m[33m,[39m unknown[33m>[39m) {
    [31m[1m>[22m[39m[90m 48 |[39m     [36mif[39m (shouldLog([32m'warn'[39m)) console[33m.[39mwarn(formatMessage([32m'warn'[39m[33m,[39m message[33m,[39m meta))[33m;[39m
     [90m    |[39m                                    [31m[1m^[22m[39m
     [90m 49 |[39m   }[33m,[39m
     [90m 50 |[39m   error(message[33m:[39m string[33m,[39m meta[33m?[39m[33m:[39m [33mRecord[39m[33m<[39m[33mstring[39m[33m,[39m unknown[33m>[39m) {
     [90m 51 |[39m     [36mif[39m (shouldLog([32m'error'[39m)) console[33m.[39merror(formatMessage([32m'error'[39m[33m,[39m message[33m,[39m meta))[33m;[39m[0m

      at Object.warn (server/logger.ts:48:36)
      at ServerResponse.<anonymous> (server/middleware/requestLogger.ts:47:14)

  console.warn
    {"timestamp":"2026-04-26T18:19:14.065Z","level":"warn","message":"request","requestId":"771c625d-85ae-4d1b-8dd6-de86827fb6fa","method":"PUT","path":"/api/layaway/1","status":400,"duration":"4ms","ip":"::ffff:127.0.0.1","userId":1,"companyId":1,"branchId":1}

    [0m [90m 46 |[39m   }[33m,[39m
     [90m 47 |[39m   warn(message[33m:[39m string[33m,[39m meta[33m?[39m[33m:[39m [33mRecord[39m[33m<[39m[33mstring[39m[33m,[39m unknown[33m>[39m) {
    [31m[1m>[22m[39m[90m 48 |[39m     [36mif[39m (shouldLog([32m'warn'[39m)) console[33m.[39mwarn(formatMessage([32m'warn'[39m[33m,[39m message[33m,[39m meta))[33m;[39m
     [90m    |[39m                                    [31m[1m^[22m[39m
     [90m 49 |[39m   }[33m,[39m
     [90m 50 |[39m   error(message[33m:[39m string[33m,[39m meta[33m?[39m[33m:[39m [33mRecord[39m[33m<[39m[33mstring[39m[33m,[39m unknown[33m>[39m) {
     [90m 51 |[39m     [36mif[39m (shouldLog([32m'error'[39m)) console[33m.[39merror(formatMessage([32m'error'[39m[33m,[39m message[33m,[39m meta))[33m;[39m[0m

      at Object.warn (server/logger.ts:48:36)
      at ServerResponse.<anonymous> (server/middleware/requestLogger.ts:47:14)

  console.error
    Error updating layaway entry: Error: TX error
        at Object.<anonymous> (C:\Swarnite\tests\integration\layaway.test.ts:866:72)
        at C:\Swarnite\node_modules\jest-mock\build\index.js:305:39
        at Object.<anonymous> (C:\Swarnite\node_modules\jest-mock\build\index.js:312:13)
        at Object.mockConstructor [as $transaction] (C:\Swarnite\node_modules\jest-mock\build\index.js:57:19)
        at C:\Swarnite\server\routes\layaway.ts:684:34
        at processTicksAndRejections (node:internal/process/task_queues:104:5)

    [0m [90m 775 |[39m     res[33m.[39mjson(updated)[33m;[39m
     [90m 776 |[39m   } [36mcatch[39m (error) {
    [31m[1m>[22m[39m[90m 777 |[39m     console[33m.[39merror([32m'Error updating layaway entry:'[39m[33m,[39m error)[33m;[39m
     [90m     |[39m             [31m[1m^[22m[39m
     [90m 778 |[39m     res[33m.[39mstatus([35m500[39m)[33m.[39mjson({ error[33m:[39m [32m'Failed to update layaway entry'[39m })[33m;[39m
     [90m 779 |[39m   }
     [90m 780 |[39m })[33m;[39m[0m

      at server/routes/layaway.ts:777:13

  console.error
    {"timestamp":"2026-04-26T18:19:14.126Z","level":"error","message":"request","requestId":"31830cf2-32ae-46e1-8a02-2da6180b643e","method":"PUT","path":"/api/layaway/1","status":500,"duration":"35ms","ip":"::ffff:127.0.0.1","userId":1,"companyId":1,"branchId":1}

    [0m [90m 49 |[39m   }[33m,[39m
     [90m 50 |[39m   error(message[33m:[39m string[33m,[39m meta[33m?[39m[33m:[39m [33mRecord[39m[33m<[39m[33mstring[39m[33m,[39m unknown[33m>[39m) {
    [31m[1m>[22m[39m[90m 51 |[39m     [36mif[39m (shouldLog([32m'error'[39m)) console[33m.[39merror(formatMessage([32m'error'[39m[33m,[39m message[33m,[39m meta))[33m;[39m
     [90m    |[39m                                     [31m[1m^[22m[39m
     [90m 52 |[39m   }[33m,[39m
     [90m 53 |[39m }[33m;[39m
     [90m 54 |[39m[0m

      at Object.error (server/logger.ts:51:37)
      at ServerResponse.<anonymous> (server/middleware/requestLogger.ts:45:14)

  console.info
    {"timestamp":"2026-04-26T18:19:14.157Z","level":"info","message":"request","requestId":"b6580015-43ab-4161-86ae-890d0871d349","method":"POST","path":"/api/layaway/1/payment","status":201,"duration":"5ms","ip":"::ffff:127.0.0.1","userId":1,"companyId":1,"branchId":1}

      at Object.info (server/logger.ts:45:36)

  console.info
    {"timestamp":"2026-04-26T18:19:14.181Z","level":"info","message":"request","requestId":"0792fd98-f1f4-4af1-8dfe-28546f95d9fe","method":"POST","path":"/api/layaway/1/payment","status":201,"duration":"3ms","ip":"::ffff:127.0.0.1","userId":1,"companyId":1,"branchId":1}

      at Object.info (server/logger.ts:45:36)

  console.warn
    {"timestamp":"2026-04-26T18:19:14.203Z","level":"warn","message":"request","requestId":"495bae29-2481-4b87-84f6-4f3e5a431210","method":"POST","path":"/api/layaway/1/payment","status":400,"duration":"3ms","ip":"::ffff:127.0.0.1","userId":1,"companyId":1,"branchId":1}

    [0m [90m 46 |[39m   }[33m,[39m
     [90m 47 |[39m   warn(message[33m:[39m string[33m,[39m meta[33m?[39m[33m:[39m [33mRecord[39m[33m<[39m[33mstring[39m[33m,[39m unknown[33m>[39m) {
    [31m[1m>[22m[39m[90m 48 |[39m     [36mif[39m (shouldLog([32m'warn'[39m)) console[33m.[39mwarn(formatMessage([32m'warn'[39m[33m,[39m message[33m,[39m meta))[33m;[39m
     [90m    |[39m                                    [31m[1m^[22m[39m
     [90m 49 |[39m   }[33m,[39m
     [90m 50 |[39m   error(message[33m:[39m string[33m,[39m meta[33m?[39m[33m:[39m [33mRecord[39m[33m<[39m[33mstring[39m[33m,[39m unknown[33m>[39m) {
     [90m 51 |[39m     [36mif[39m (shouldLog([32m'error'[39m)) console[33m.[39merror(formatMessage([32m'error'[39m[33m,[39m message[33m,[39m meta))[33m;[39m[0m

      at Object.warn (server/logger.ts:48:36)
      at ServerResponse.<anonymous> (server/middleware/requestLogger.ts:47:14)

  console.warn
    {"timestamp":"2026-04-26T18:19:14.232Z","level":"warn","message":"request","requestId":"a2cf2f64-9364-4ee5-8a5f-23cc339379cd","method":"POST","path":"/api/layaway/1/payment","status":400,"duration":"2ms","ip":"::ffff:127.0.0.1","userId":1,"companyId":1,"branchId":1}

    [0m [90m 46 |[39m   }[33m,[39m
     [90m 47 |[39m   warn(message[33m:[39m string[33m,[39m meta[33m?[39m[33m:[39m [33mRecord[39m[33m<[39m[33mstring[39m[33m,[39m unknown[33m>[39m) {
    [31m[1m>[22m[39m[90m 48 |[39m     [36mif[39m (shouldLog([32m'warn'[39m)) console[33m.[39mwarn(formatMessage([32m'warn'[39m[33m,[39m message[33m,[39m meta))[33m;[39m
     [90m    |[39m                                    [31m[1m^[22m[39m
     [90m 49 |[39m   }[33m,[39m
     [90m 50 |[39m   error(message[33m:[39m string[33m,[39m meta[33m?[39m[33m:[39m [33mRecord[39m[33m<[39m[33mstring[39m[33m,[39m unknown[33m>[39m) {
     [90m 51 |[39m     [36mif[39m (shouldLog([32m'error'[39m)) console[33m.[39merror(formatMessage([32m'error'[39m[33m,[39m message[33m,[39m meta))[33m;[39m[0m

      at Object.warn (server/logger.ts:48:36)
      at ServerResponse.<anonymous> (server/middleware/requestLogger.ts:47:14)

  console.warn
    {"timestamp":"2026-04-26T18:19:14.259Z","level":"warn","message":"request","requestId":"28b29175-2878-4302-badf-4a2c720eb6ec","method":"POST","path":"/api/layaway/1/payment","status":400,"duration":"2ms","ip":"::ffff:127.0.0.1","userId":1,"companyId":1,"branchId":1}

    [0m [90m 46 |[39m   }[33m,[39m
     [90m 47 |[39m   warn(message[33m:[39m string[33m,[39m meta[33m?[39m[33m:[39m [33mRecord[39m[33m<[39m[33mstring[39m[33m,[39m unknown[33m>[39m) {
    [31m[1m>[22m[39m[90m 48 |[39m     [36mif[39m (shouldLog([32m'warn'[39m)) console[33m.[39mwarn(formatMessage([32m'warn'[39m[33m,[39m message[33m,[39m meta))[33m;[39m
     [90m    |[39m                                    [31m[1m^[22m[39m
     [90m 49 |[39m   }[33m,[39m
     [90m 50 |[39m   error(message[33m:[39m string[33m,[39m meta[33m?[39m[33m:[39m [33mRecord[39m[33m<[39m[33mstring[39m[33m,[39m unknown[33m>[39m) {
     [90m 51 |[39m     [36mif[39m (shouldLog([32m'error'[39m)) console[33m.[39merror(formatMessage([32m'error'[39m[33m,[39m message[33m,[39m meta))[33m;[39m[0m

      at Object.warn (server/logger.ts:48:36)
      at ServerResponse.<anonymous> (server/middleware/requestLogger.ts:47:14)

  console.error
    Error adding payment: Error: Payment error
        at Object.<anonymous> (C:\Swarnite\tests\integration\layaway.test.ts:974:72)
        at C:\Swarnite\node_modules\jest-mock\build\index.js:305:39
        at Object.<anonymous> (C:\Swarnite\node_modules\jest-mock\build\index.js:312:13)
        at Object.mockConstructor [as $transaction] (C:\Swarnite\node_modules\jest-mock\build\index.js:57:19)
        at C:\Swarnite\server\routes\layaway.ts:427:33
        at Layer.handle [as handle_request] (C:\Swarnite\node_modules\express\lib\router\layer.js:95:5)
        at next (C:\Swarnite\node_modules\express\lib\router\route.js:149:13)
        at Route.dispatch (C:\Swarnite\node_modules\express\lib\router\route.js:119:3)
        at Layer.handle [as handle_request] (C:\Swarnite\node_modules\express\lib\router\layer.js:95:5)
        at C:\Swarnite\node_modules\express\lib\router\index.js:284:15
        at param (C:\Swarnite\node_modules\express\lib\router\index.js:365:14)
        at param (C:\Swarnite\node_modules\express\lib\router\index.js:376:14)
        at router.process_params (C:\Swarnite\node_modules\express\lib\router\index.js:421:3)
        at next (C:\Swarnite\node_modules\express\lib\router\index.js:280:10)
        at authenticate (C:\Swarnite\tests\integration\layaway.test.ts:14:5)
        at Layer.handle [as handle_request] (C:\Swarnite\node_modules\express\lib\router\layer.js:95:5)
        at trim_prefix (C:\Swarnite\node_modules\express\lib\router\index.js:328:13)
        at C:\Swarnite\node_modules\express\lib\router\index.js:286:9
        at router.process_params (C:\Swarnite\node_modules\express\lib\router\index.js:346:12)
        at next (C:\Swarnite\node_modules\express\lib\router\index.js:280:10)
        at router.handle (C:\Swarnite\node_modules\express\lib\router\index.js:175:3)
        at router (C:\Swarnite\node_modules\express\lib\router\index.js:47:12)
        at Layer.handle [as handle_request] (C:\Swarnite\node_modules\express\lib\router\layer.js:95:5)
        at trim_prefix (C:\Swarnite\node_modules\express\lib\router\index.js:328:13)
        at C:\Swarnite\node_modules\express\lib\router\index.js:286:9
        at router.process_params (C:\Swarnite\node_modules\express\lib\router\index.js:346:12)
        at next (C:\Swarnite\node_modules\express\lib\router\index.js:280:10)
        at cookieParser (C:\Swarnite\node_modules\cookie-parser\index.js:57:14)
        at Layer.handle [as handle_request] (C:\Swarnite\node_modules\express\lib\router\layer.js:95:5)
        at trim_prefix (C:\Swarnite\node_modules\express\lib\router\index.js:328:13)
        at C:\Swarnite\node_modules\express\lib\router\index.js:286:9
        at router.process_params (C:\Swarnite\node_modules\express\lib\router\index.js:346:12)
        at next (C:\Swarnite\node_modules\express\lib\router\index.js:280:10)
        at urlencodedParser (C:\Swarnite\node_modules\body-parser\lib\types\urlencoded.js:82:7)
        at Layer.handle [as handle_request] (C:\Swarnite\node_modules\express\lib\router\layer.js:95:5)
        at trim_prefix (C:\Swarnite\node_modules\express\lib\router\index.js:328:13)
        at C:\Swarnite\node_modules\express\lib\router\index.js:286:9
        at router.process_params (C:\Swarnite\node_modules\express\lib\router\index.js:346:12)
        at next (C:\Swarnite\node_modules\express\lib\router\index.js:280:10)
        at C:\Swarnite\node_modules\body-parser\lib\read.js:137:5
        at AsyncResource.runInAsyncScope (node:async_hooks:227:14)
        at invokeCallback (C:\Swarnite\node_modules\raw-body\index.js:238:16)
        at done (C:\Swarnite\node_modules\raw-body\index.js:227:7)
        at IncomingMessage.onEnd (C:\Swarnite\node_modules\raw-body\index.js:287:7)
        at IncomingMessage.emit (node:events:509:28)
        at endReadableNT (node:internal/streams/readable:1729:12)
        at processTicksAndRejections (node:internal/process/task_queues:90:21)

    [0m [90m 490 |[39m     res[33m.[39mstatus([35m201[39m)[33m.[39mjson(result)[33m;[39m
     [90m 491 |[39m   } [36mcatch[39m (error[33m:[39m any) {
    [31m[1m>[22m[39m[90m 492 |[39m     console[33m.[39merror([32m'Error adding payment:'[39m[33m,[39m error)[33m;[39m
     [90m     |[39m             [31m[1m^[22m[39m
     [90m 493 |[39m     res[33m.[39mstatus(error[33m.[39mmessage[33m?[39m[33m.[39mincludes([32m'exceed'[39m) [33m?[39m [35m400[39m [33m:[39m [35m500[39m)
     [90m 494 |[39m       [33m.[39mjson({ error[33m:[39m error[33m.[39mmessage [33m||[39m [32m'Failed to add payment'[39m })[33m;[39m
     [90m 495 |[39m   }[0m

      at server/routes/layaway.ts:492:13

  console.error
    {"timestamp":"2026-04-26T18:19:14.311Z","level":"error","message":"request","requestId":"14a4425f-1767-48fa-8d11-af9e2987ce12","method":"POST","path":"/api/layaway/1/payment","status":500,"duration":"27ms","ip":"::ffff:127.0.0.1","userId":1,"companyId":1,"branchId":1}

    [0m [90m 49 |[39m   }[33m,[39m
     [90m 50 |[39m   error(message[33m:[39m string[33m,[39m meta[33m?[39m[33m:[39m [33mRecord[39m[33m<[39m[33mstring[39m[33m,[39m unknown[33m>[39m) {
    [31m[1m>[22m[39m[90m 51 |[39m     [36mif[39m (shouldLog([32m'error'[39m)) console[33m.[39merror(formatMessage([32m'error'[39m[33m,[39m message[33m,[39m meta))[33m;[39m
     [90m    |[39m                                     [31m[1m^[22m[39m
     [90m 52 |[39m   }[33m,[39m
     [90m 53 |[39m }[33m;[39m
     [90m 54 |[39m[0m

      at Object.error (server/logger.ts:51:37)
      at ServerResponse.<anonymous> (server/middleware/requestLogger.ts:45:14)

  console.info
    {"timestamp":"2026-04-26T18:19:14.338Z","level":"info","message":"request","requestId":"af234dcb-fc03-4c05-bea1-3d8706c5ac68","method":"POST","path":"/api/layaway/1/payment","status":201,"duration":"4ms","ip":"::ffff:127.0.0.1","userId":1,"companyId":1,"branchId":1}

      at Object.info (server/logger.ts:45:36)

  console.info
    {"timestamp":"2026-04-26T18:19:14.364Z","level":"info","message":"request","requestId":"045d506a-e607-4ba2-8278-14b6c55035e3","method":"POST","path":"/api/layaway/1/payment","status":201,"duration":"4ms","ip":"::ffff:127.0.0.1","userId":1,"companyId":1,"branchId":1}

      at Object.info (server/logger.ts:45:36)

  console.info
    {"timestamp":"2026-04-26T18:19:14.386Z","level":"info","message":"request","requestId":"13cf871e-fe34-43ab-b74e-52ce653dceb9","method":"POST","path":"/api/layaway/1/payment","status":201,"duration":"4ms","ip":"::ffff:127.0.0.1","userId":1,"companyId":1,"branchId":1}

      at Object.info (server/logger.ts:45:36)

  console.info
    {"timestamp":"2026-04-26T18:19:14.415Z","level":"info","message":"request","requestId":"b8c5cf07-de2b-4bd5-bd85-e6be3aeaf6fe","method":"POST","path":"/api/layaway/1/payment","status":201,"duration":"4ms","ip":"::ffff:127.0.0.1","userId":1,"companyId":1,"branchId":1}

      at Object.info (server/logger.ts:45:36)

  console.info
    {"timestamp":"2026-04-26T18:19:14.441Z","level":"info","message":"request","requestId":"ac5ee674-9978-4e22-9db5-d7f22c684971","method":"POST","path":"/api/layaway/1/convert","status":200,"duration":"7ms","ip":"::ffff:127.0.0.1","userId":1,"companyId":1,"branchId":1}

      at Object.info (server/logger.ts:45:36)

  console.error
    Error converting layaway: Error: Layaway status CANCELLED cannot be converted
        at C:\Swarnite\server\routes\layaway.ts:514:15
        at processTicksAndRejections (node:internal/process/task_queues:104:5)

    [0m [90m 660 |[39m     res[33m.[39mjson({ message[33m:[39m [32m'Layaway converted successfully'[39m[33m,[39m layaway[33m:[39m result[33m.[39mconverted[33m,[39m saleVoucherNo[33m:[39m result[33m.[39msaleVoucherNo })[33m;[39m
     [90m 661 |[39m   } [36mcatch[39m (error[33m:[39m any) {
    [31m[1m>[22m[39m[90m 662 |[39m     console[33m.[39merror([32m'Error converting layaway:'[39m[33m,[39m error)[33m;[39m
     [90m     |[39m             [31m[1m^[22m[39m
     [90m 663 |[39m     res[33m.[39mstatus([35m400[39m)[33m.[39mjson({ error[33m:[39m error[33m.[39mmessage [33m||[39m [32m'Failed to convert layaway'[39m })[33m;[39m
     [90m 664 |[39m   }
     [90m 665 |[39m })[33m;[39m[0m

      at server/routes/layaway.ts:662:13

  console.warn
    {"timestamp":"2026-04-26T18:19:14.487Z","level":"warn","message":"request","requestId":"2cf098d4-77ea-4df2-9489-1bf481134e4f","method":"POST","path":"/api/layaway/1/convert","status":400,"duration":"25ms","ip":"::ffff:127.0.0.1","userId":1,"companyId":1,"branchId":1}

    [0m [90m 46 |[39m   }[33m,[39m
     [90m 47 |[39m   warn(message[33m:[39m string[33m,[39m meta[33m?[39m[33m:[39m [33mRecord[39m[33m<[39m[33mstring[39m[33m,[39m unknown[33m>[39m) {
    [31m[1m>[22m[39m[90m 48 |[39m     [36mif[39m (shouldLog([32m'warn'[39m)) console[33m.[39mwarn(formatMessage([32m'warn'[39m[33m,[39m message[33m,[39m meta))[33m;[39m
     [90m    |[39m                                    [31m[1m^[22m[39m
     [90m 49 |[39m   }[33m,[39m
     [90m 50 |[39m   error(message[33m:[39m string[33m,[39m meta[33m?[39m[33m:[39m [33mRecord[39m[33m<[39m[33mstring[39m[33m,[39m unknown[33m>[39m) {
     [90m 51 |[39m     [36mif[39m (shouldLog([32m'error'[39m)) console[33m.[39merror(formatMessage([32m'error'[39m[33m,[39m message[33m,[39m meta))[33m;[39m[0m

      at Object.warn (server/logger.ts:48:36)
      at ServerResponse.<anonymous> (server/middleware/requestLogger.ts:47:14)

  console.error
    Error converting layaway: Error: Layaway not found
        at C:\Swarnite\server\routes\layaway.ts:512:27
        at processTicksAndRejections (node:internal/process/task_queues:104:5)

    [0m [90m 660 |[39m     res[33m.[39mjson({ message[33m:[39m [32m'Layaway converted successfully'[39m[33m,[39m layaway[33m:[39m result[33m.[39mconverted[33m,[39m saleVoucherNo[33m:[39m result[33m.[39msaleVoucherNo })[33m;[39m
     [90m 661 |[39m   } [36mcatch[39m (error[33m:[39m any) {
    [31m[1m>[22m[39m[90m 662 |[39m     console[33m.[39merror([32m'Error converting layaway:'[39m[33m,[39m error)[33m;[39m
     [90m     |[39m             [31m[1m^[22m[39m
     [90m 663 |[39m     res[33m.[39mstatus([35m400[39m)[33m.[39mjson({ error[33m:[39m error[33m.[39mmessage [33m||[39m [32m'Failed to convert layaway'[39m })[33m;[39m
     [90m 664 |[39m   }
     [90m 665 |[39m })[33m;[39m[0m

      at server/routes/layaway.ts:662:13

  console.warn
    {"timestamp":"2026-04-26T18:19:14.536Z","level":"warn","message":"request","requestId":"1c132934-7547-4480-b536-2e0c49cf6ec9","method":"POST","path":"/api/layaway/999/convert","status":400,"duration":"23ms","ip":"::ffff:127.0.0.1","userId":1,"companyId":1,"branchId":1}

    [0m [90m 46 |[39m   }[33m,[39m
     [90m 47 |[39m   warn(message[33m:[39m string[33m,[39m meta[33m?[39m[33m:[39m [33mRecord[39m[33m<[39m[33mstring[39m[33m,[39m unknown[33m>[39m) {
    [31m[1m>[22m[39m[90m 48 |[39m     [36mif[39m (shouldLog([32m'warn'[39m)) console[33m.[39mwarn(formatMessage([32m'warn'[39m[33m,[39m message[33m,[39m meta))[33m;[39m
     [90m    |[39m                                    [31m[1m^[22m[39m
     [90m 49 |[39m   }[33m,[39m
     [90m 50 |[39m   error(message[33m:[39m string[33m,[39m meta[33m?[39m[33m:[39m [33mRecord[39m[33m<[39m[33mstring[39m[33m,[39m unknown[33m>[39m) {
     [90m 51 |[39m     [36mif[39m (shouldLog([32m'error'[39m)) console[33m.[39merror(formatMessage([32m'error'[39m[33m,[39m message[33m,[39m meta))[33m;[39m[0m

      at Object.warn (server/logger.ts:48:36)
      at ServerResponse.<anonymous> (server/middleware/requestLogger.ts:47:14)

  console.info
    {"timestamp":"2026-04-26T18:19:14.571Z","level":"info","message":"request","requestId":"ba221dbd-293c-40ae-9e7b-42c63435ac66","method":"POST","path":"/api/layaway/1/convert","status":200,"duration":"3ms","ip":"::ffff:127.0.0.1","userId":1,"companyId":1,"branchId":1}

      at Object.info (server/logger.ts:45:36)

PASS tests/integration/layaway.test.ts
  GET /api/layaway
    ΓêÜ returns all layaway entries (42 ms)
    ΓêÜ returns empty array when no entries exist (33 ms)
    ΓêÜ filters by status (30 ms)
    ΓêÜ filters by customerId (26 ms)
    ΓêÜ filters by salesmanName (24 ms)
    ΓêÜ filters by date range (25 ms)
    ΓêÜ filters by search string (23 ms)
    ΓêÜ status=ALL does not add status filter (27 ms)
    ΓêÜ handles server error gracefully (98 ms)
  GET /api/layaway/:id
    ΓêÜ returns a single layaway entry with items and payments (38 ms)
    ΓêÜ returns 404 for non-existent entry (31 ms)
    ΓêÜ handles server error (36 ms)
  POST /api/layaway
    ΓêÜ creates a layaway entry, decrements pcsCount, updates customer balance (86 ms)
    ΓêÜ creates entry with multiple items, decrements pcsCount for each (33 ms)
    ΓêÜ rejects when accountId is missing (31 ms)
    ΓêÜ rejects when items array is empty (31 ms)
    ΓêÜ rejects when items is missing (71 ms)
    ΓêÜ creates entry with narration support (31 ms)
    ΓêÜ skips customer balance update when dueAmount is 0 (34 ms)
    ΓêÜ handles items without labelId (virtual items) (25 ms)
    ΓêÜ uses correct voucher number prefix LY (28 ms)
    ΓêÜ handles server error during creation (122 ms)
    ΓêÜ partial layaway: decrements pcsCount but keeps status IN_STOCK when pcs remain (24 ms)
    ΓêÜ full layaway: sets status to LAYAWAY when all pcs are consumed (24 ms)
    ΓêÜ rejects layaway when requested pcs exceed available stock (56 ms)
  DELETE /api/layaway/:id
    ΓêÜ cancels layaway and restores pcsCount for all labels (25 ms)
    ΓêÜ reverses customer balance and restores pcsCount on cancellation (23 ms)
    ΓêÜ does not reverse balance when dueAmount is 0 (20 ms)
    ΓêÜ returns 404 for non-existent layaway (26 ms)
    ΓêÜ returns 400 when layaway is already cancelled (26 ms)
    ΓêÜ handles items without labelId (no label restore needed) (23 ms)
    ΓêÜ handles server error during cancellation (50 ms)
    ΓêÜ restores multiple pcs to label stock on cancellation (26 ms)
  PUT /api/layaway/:id
    ΓêÜ updates layaway entry, restores old pcsCount and decrements new (41 ms)
    ΓêÜ returns 404 for non-existent entry (27 ms)
    ΓêÜ returns 400 when modifying cancelled layaway (33 ms)
    ΓêÜ handles server error (59 ms)
  POST /api/layaway/:id/payment
    ΓêÜ adds payment and updates layaway balances (29 ms)
    ΓêÜ marks layaway as READY_FOR_CONVERSION when fully paid (22 ms)
    ΓêÜ rejects payment with invalid amount (28 ms)
    ΓêÜ rejects payment with negative amount (27 ms)
    ΓêÜ rejects payment without amount (27 ms)
    ΓêÜ handles server error during payment (50 ms)
    ΓêÜ increments cashAmount when paymentMode is Cash (24 ms)
    ΓêÜ increments bankAmount when paymentMode is Bank (22 ms)
    ΓêÜ increments upiAmount when paymentMode is UPI (28 ms)
    ΓêÜ increments cardAmount when paymentMode is Card (22 ms)
  POST /api/layaway/:id/convert
    ΓêÜ converts layaway to sale reusing the layaway voucher number (25 ms)
    ΓêÜ returns 400 for CANCELLED layaway (51 ms)
    ΓêÜ returns 400 for non-existent layaway (50 ms)
    ΓêÜ distributes final payment into correct mode bucket (32 ms)

  console.info
    {"timestamp":"2026-04-26T18:19:16.468Z","level":"info","message":"request","requestId":"2803926c-ea56-42e9-ae2f-228b135c1f86","method":"GET","path":"/api/sales","status":200,"duration":"6ms","ip":"::ffff:127.0.0.1","userId":1,"companyId":1,"branchId":1}

      at Object.info (server/logger.ts:45:36)

  console.info
    {"timestamp":"2026-04-26T18:19:16.499Z","level":"info","message":"request","requestId":"285bda32-172c-4428-b1f7-34fb1372653e","method":"GET","path":"/api/sales","status":200,"duration":"2ms","ip":"::ffff:127.0.0.1","userId":1,"companyId":1,"branchId":1}

      at Object.info (server/logger.ts:45:36)

  console.info
    {"timestamp":"2026-04-26T18:19:16.526Z","level":"info","message":"request","requestId":"9fecf4f4-4c50-4da6-b120-8fb40181a1bb","method":"GET","path":"/api/sales?dateFrom=2026-03-01&dateTo=2026-03-31","status":200,"duration":"4ms","ip":"::ffff:127.0.0.1","userId":1,"companyId":1,"branchId":1}

      at Object.info (server/logger.ts:45:36)

  console.info
    {"timestamp":"2026-04-26T18:19:16.552Z","level":"info","message":"request","requestId":"733739fc-0194-4ae4-91c4-4f733c3d41b2","method":"GET","path":"/api/sales?dateFrom=2026-03-01","status":200,"duration":"3ms","ip":"::ffff:127.0.0.1","userId":1,"companyId":1,"branchId":1}

      at Object.info (server/logger.ts:45:36)

  console.info
    {"timestamp":"2026-04-26T18:19:16.578Z","level":"info","message":"request","requestId":"c03f3b31-8915-4f65-ba8b-aa4edde67056","method":"GET","path":"/api/sales?dateTo=2026-03-31","status":200,"duration":"2ms","ip":"::ffff:127.0.0.1","userId":1,"companyId":1,"branchId":1}

      at Object.info (server/logger.ts:45:36)

  console.info
    {"timestamp":"2026-04-26T18:19:16.603Z","level":"info","message":"request","requestId":"b0f26500-f18d-4df4-b07c-7fe65656cd92","method":"GET","path":"/api/sales?customerId=10","status":200,"duration":"3ms","ip":"::ffff:127.0.0.1","userId":1,"companyId":1,"branchId":1}

      at Object.info (server/logger.ts:45:36)

  console.info
    {"timestamp":"2026-04-26T18:19:16.626Z","level":"info","message":"request","requestId":"f097a24f-6843-449b-b014-02c1b20b1c1f","method":"GET","path":"/api/sales?salesmanId=1","status":200,"duration":"3ms","ip":"::ffff:127.0.0.1","userId":1,"companyId":1,"branchId":1}

      at Object.info (server/logger.ts:45:36)

  console.info
    {"timestamp":"2026-04-26T18:19:16.651Z","level":"info","message":"request","requestId":"47871b08-34f5-4b17-9521-16663a49beda","method":"GET","path":"/api/sales?voucherNo=JGI/1","status":200,"duration":"4ms","ip":"::ffff:127.0.0.1","userId":1,"companyId":1,"branchId":1}

      at Object.info (server/logger.ts:45:36)

  console.info
    {"timestamp":"2026-04-26T18:19:16.674Z","level":"info","message":"request","requestId":"39b233eb-a75f-4e92-b7a5-4067bb131b86","method":"GET","path":"/api/sales?status=ACTIVE","status":200,"duration":"2ms","ip":"::ffff:127.0.0.1","userId":1,"companyId":1,"branchId":1}

      at Object.info (server/logger.ts:45:36)

  console.info
    {"timestamp":"2026-04-26T18:19:16.697Z","level":"info","message":"request","requestId":"96ee6350-3eaa-40d1-bc82-1434f663d975","method":"GET","path":"/api/sales?status=CANCELLED","status":200,"duration":"3ms","ip":"::ffff:127.0.0.1","userId":1,"companyId":1,"branchId":1}

      at Object.info (server/logger.ts:45:36)

  console.info
    {"timestamp":"2026-04-26T18:19:16.718Z","level":"info","message":"request","requestId":"6e8b5b20-833b-41db-b518-927d683ea64f","method":"GET","path":"/api/sales?status=ALL","status":200,"duration":"3ms","ip":"::ffff:127.0.0.1","userId":1,"companyId":1,"branchId":1}

      at Object.info (server/logger.ts:45:36)

  console.info
    {"timestamp":"2026-04-26T18:19:16.741Z","level":"info","message":"request","requestId":"4f7c5575-c414-4007-b151-26ec27229e61","method":"GET","path":"/api/sales?salesmanName=Amit","status":200,"duration":"3ms","ip":"::ffff:127.0.0.1","userId":1,"companyId":1,"branchId":1}

      at Object.info (server/logger.ts:45:36)

  console.info
    {"timestamp":"2026-04-26T18:19:16.765Z","level":"info","message":"request","requestId":"d6fa260e-ec7c-4849-a2c2-db2a970b0b2d","method":"GET","path":"/api/sales?salesmanId=1&salesmanName=Amit","status":200,"duration":"4ms","ip":"::ffff:127.0.0.1","userId":1,"companyId":1,"branchId":1}

      at Object.info (server/logger.ts:45:36)

  console.info
    {"timestamp":"2026-04-26T18:19:16.803Z","level":"info","message":"request","requestId":"6fbad495-5e1d-4760-88fe-8e6bca557361","method":"GET","path":"/api/sales?narration=wedding","status":200,"duration":"2ms","ip":"::ffff:127.0.0.1","userId":1,"companyId":1,"branchId":1}

      at Object.info (server/logger.ts:45:36)

  console.info
    {"timestamp":"2026-04-26T18:19:16.831Z","level":"info","message":"request","requestId":"b6a3da39-eabc-45bb-807c-9e1b34eea709","method":"GET","path":"/api/sales?reference=REF001","status":200,"duration":"4ms","ip":"::ffff:127.0.0.1","userId":1,"companyId":1,"branchId":1}

      at Object.info (server/logger.ts:45:36)

  console.info
    {"timestamp":"2026-04-26T18:19:16.866Z","level":"info","message":"request","requestId":"c6a33b09-3efc-4170-87e5-02816aadcef1","method":"GET","path":"/api/sales?minAmount=50000","status":200,"duration":"3ms","ip":"::ffff:127.0.0.1","userId":1,"companyId":1,"branchId":1}

      at Object.info (server/logger.ts:45:36)

  console.info
    {"timestamp":"2026-04-26T18:19:16.888Z","level":"info","message":"request","requestId":"4ff6ee30-8ca8-403c-ae9d-e21ec6f4e393","method":"GET","path":"/api/sales?maxAmount=100000","status":200,"duration":"3ms","ip":"::ffff:127.0.0.1","userId":1,"companyId":1,"branchId":1}

      at Object.info (server/logger.ts:45:36)

  console.info
    {"timestamp":"2026-04-26T18:19:16.914Z","level":"info","message":"request","requestId":"0e97fe3e-71cc-4e38-8b88-1278b9564bf7","method":"GET","path":"/api/sales?minAmount=50000&maxAmount=100000","status":200,"duration":"3ms","ip":"::ffff:127.0.0.1","userId":1,"companyId":1,"branchId":1}

      at Object.info (server/logger.ts:45:36)

  console.info
    {"timestamp":"2026-04-26T18:19:16.946Z","level":"info","message":"request","requestId":"727d8db1-d530-4d0b-9066-18e2bf281a72","method":"GET","path":"/api/sales?minDue=1000&maxDue=10000","status":200,"duration":"3ms","ip":"::ffff:127.0.0.1","userId":1,"companyId":1,"branchId":1}

      at Object.info (server/logger.ts:45:36)

  console.info
    {"timestamp":"2026-04-26T18:19:16.973Z","level":"info","message":"request","requestId":"f014605c-3354-4e2f-aa45-6dd45e59a888","method":"GET","path":"/api/sales?minGrossWeight=5&maxGrossWeight=15","status":200,"duration":"4ms","ip":"::ffff:127.0.0.1","userId":1,"companyId":1,"branchId":1}

      at Object.info (server/logger.ts:45:36)

  console.info
    {"timestamp":"2026-04-26T18:19:17.000Z","level":"info","message":"request","requestId":"df193c93-5048-4453-b5e6-a47adfffcf5b","method":"GET","path":"/api/sales?minNetWeight=4&maxNetWeight=10","status":200,"duration":"5ms","ip":"::ffff:127.0.0.1","userId":1,"companyId":1,"branchId":1}

      at Object.info (server/logger.ts:45:36)

  console.info
    {"timestamp":"2026-04-26T18:19:17.025Z","level":"info","message":"request","requestId":"2e66bd43-91ab-469d-8c47-489def386463","method":"GET","path":"/api/sales?paymentMode=CASH","status":200,"duration":"3ms","ip":"::ffff:127.0.0.1","userId":1,"companyId":1,"branchId":1}

      at Object.info (server/logger.ts:45:36)

  console.info
    {"timestamp":"2026-04-26T18:19:17.052Z","level":"info","message":"request","requestId":"b0d9b16f-66b2-47c2-8f1a-4aaf97285510","method":"GET","path":"/api/sales?paymentMode=BANK","status":200,"duration":"3ms","ip":"::ffff:127.0.0.1","userId":1,"companyId":1,"branchId":1}

      at Object.info (server/logger.ts:45:36)

  console.info
    {"timestamp":"2026-04-26T18:19:17.074Z","level":"info","message":"request","requestId":"f2a66c7a-2b2f-4ba8-9bd8-0ed858d29484","method":"GET","path":"/api/sales?paymentMode=CARD","status":200,"duration":"2ms","ip":"::ffff:127.0.0.1","userId":1,"companyId":1,"branchId":1}

      at Object.info (server/logger.ts:45:36)

  console.info
    {"timestamp":"2026-04-26T18:19:17.100Z","level":"info","message":"request","requestId":"994007de-015b-49b6-82d4-1c213b1a4090","method":"GET","path":"/api/sales?paymentMode=OLD_GOLD","status":200,"duration":"2ms","ip":"::ffff:127.0.0.1","userId":1,"companyId":1,"branchId":1}

      at Object.info (server/logger.ts:45:36)

  console.info
    {"timestamp":"2026-04-26T18:19:17.121Z","level":"info","message":"request","requestId":"eab13aae-3ab4-45d5-b335-eacdc01aab1a","method":"GET","path":"/api/sales?paymentMode=UPI","status":200,"duration":"2ms","ip":"::ffff:127.0.0.1","userId":1,"companyId":1,"branchId":1}

      at Object.info (server/logger.ts:45:36)

  console.info
    {"timestamp":"2026-04-26T18:19:17.145Z","level":"info","message":"request","requestId":"8dbdcad8-152f-4f83-8293-f8e786468fb1","method":"GET","path":"/api/sales?paymentMode=DUE","status":200,"duration":"3ms","ip":"::ffff:127.0.0.1","userId":1,"companyId":1,"branchId":1}

      at Object.info (server/logger.ts:45:36)

  console.info
    {"timestamp":"2026-04-26T18:19:17.166Z","level":"info","message":"request","requestId":"eefe1ce1-69f4-484c-9b4a-106f857b7631","method":"GET","path":"/api/sales?labelNo=GN/51","status":200,"duration":"3ms","ip":"::ffff:127.0.0.1","userId":1,"companyId":1,"branchId":1}

      at Object.info (server/logger.ts:45:36)

  console.info
    {"timestamp":"2026-04-26T18:19:17.188Z","level":"info","message":"request","requestId":"8931fc22-4259-4a17-945f-969c6d30cf1a","method":"GET","path":"/api/sales?itemName=Necklace","status":200,"duration":"3ms","ip":"::ffff:127.0.0.1","userId":1,"companyId":1,"branchId":1}

      at Object.info (server/logger.ts:45:36)

  console.info
    {"timestamp":"2026-04-26T18:19:17.209Z","level":"info","message":"request","requestId":"87bd7009-0ec3-4102-b1cb-4f8692fa1eb8","method":"GET","path":"/api/sales?labelNo=GN&itemName=Gold","status":200,"duration":"2ms","ip":"::ffff:127.0.0.1","userId":1,"companyId":1,"branchId":1}

      at Object.info (server/logger.ts:45:36)

  console.info
    {"timestamp":"2026-04-26T18:19:17.230Z","level":"info","message":"request","requestId":"64bd0983-5af8-4ca6-8e6c-326ee3f5e224","method":"GET","path":"/api/sales?search=wedding","status":200,"duration":"3ms","ip":"::ffff:127.0.0.1","userId":1,"companyId":1,"branchId":1}

      at Object.info (server/logger.ts:45:36)

  console.info
    {"timestamp":"2026-04-26T18:19:17.254Z","level":"info","message":"request","requestId":"7d38b919-c153-4b78-931a-983def423058","method":"GET","path":"/api/sales","status":200,"duration":"2ms","ip":"::ffff:127.0.0.1","userId":1,"companyId":1,"branchId":1}

      at Object.info (server/logger.ts:45:36)

  console.info
    {"timestamp":"2026-04-26T18:19:17.276Z","level":"info","message":"request","requestId":"32a7c202-9af0-4ee7-aef7-cab4ce1557d0","method":"GET","path":"/api/sales?sortBy=voucherAmount&sortOrder=asc","status":200,"duration":"3ms","ip":"::ffff:127.0.0.1","userId":1,"companyId":1,"branchId":1}

      at Object.info (server/logger.ts:45:36)

  console.info
    {"timestamp":"2026-04-26T18:19:17.299Z","level":"info","message":"request","requestId":"39d61e76-a012-430b-8ad3-25ef12ed5950","method":"GET","path":"/api/sales?sortBy=dueAmount&sortOrder=desc","status":200,"duration":"3ms","ip":"::ffff:127.0.0.1","userId":1,"companyId":1,"branchId":1}

      at Object.info (server/logger.ts:45:36)

  console.info
    {"timestamp":"2026-04-26T18:19:17.321Z","level":"info","message":"request","requestId":"8469170d-9019-4df7-9d88-1b49c9df81fc","method":"GET","path":"/api/sales?sortBy=totalGrossWeight&sortOrder=asc","status":200,"duration":"3ms","ip":"::ffff:127.0.0.1","userId":1,"companyId":1,"branchId":1}

      at Object.info (server/logger.ts:45:36)

  console.info
    {"timestamp":"2026-04-26T18:19:17.344Z","level":"info","message":"request","requestId":"5739151b-d9a3-46a0-a052-2d8a6c322396","method":"GET","path":"/api/sales?sortBy=INVALID_FIELD","status":200,"duration":"3ms","ip":"::ffff:127.0.0.1","userId":1,"companyId":1,"branchId":1}

      at Object.info (server/logger.ts:45:36)

  console.info
    {"timestamp":"2026-04-26T18:19:17.369Z","level":"info","message":"request","requestId":"30478d61-84b0-4856-9aca-5b6c36b4bbef","method":"GET","path":"/api/sales?sortOrder=INVALID","status":200,"duration":"3ms","ip":"::ffff:127.0.0.1","userId":1,"companyId":1,"branchId":1}

      at Object.info (server/logger.ts:45:36)

  console.info
    {"timestamp":"2026-04-26T18:19:17.396Z","level":"info","message":"request","requestId":"42f82a3f-398c-43b8-b19d-48d08d4fff3d","method":"GET","path":"/api/sales?page=3&limit=20","status":200,"duration":"3ms","ip":"::ffff:127.0.0.1","userId":1,"companyId":1,"branchId":1}

      at Object.info (server/logger.ts:45:36)

  console.info
    {"timestamp":"2026-04-26T18:19:17.429Z","level":"info","message":"request","requestId":"50b59dd0-ad90-48e0-8955-9a80d8e2cba4","method":"GET","path":"/api/sales?dateFrom=2026-03-01&dateTo=2026-03-31&status=ACTIVE&salesmanName=Amit&minAmount=50000&paymentMode=CASH&sortBy=voucherAmount&sortOrder=desc","status":200,"duration":"4ms","ip":"::ffff:127.0.0.1","userId":1,"companyId":1,"branchId":1}

      at Object.info (server/logger.ts:45:36)

  console.error
    Error fetching sales: Error: DB error
        at Object.<anonymous> (C:\Swarnite\tests\integration\sales.test.ts:554:60)
        at Promise.finally.completed (C:\Swarnite\node_modules\jest-circus\build\jestAdapterInit.js:1557:28)
        at new Promise (<anonymous>)
        at callAsyncCircusFn (C:\Swarnite\node_modules\jest-circus\build\jestAdapterInit.js:1497:10)
        at _callCircusTest (C:\Swarnite\node_modules\jest-circus\build\jestAdapterInit.js:1007:40)
        at processTicksAndRejections (node:internal/process/task_queues:104:5)
        at _runTest (C:\Swarnite\node_modules\jest-circus\build\jestAdapterInit.js:947:3)
        at C:\Swarnite\node_modules\jest-circus\build\jestAdapterInit.js:849:7
        at _runTestsForDescribeBlock (C:\Swarnite\node_modules\jest-circus\build\jestAdapterInit.js:862:11)
        at _runTestsForDescribeBlock (C:\Swarnite\node_modules\jest-circus\build\jestAdapterInit.js:857:11)
        at run (C:\Swarnite\node_modules\jest-circus\build\jestAdapterInit.js:761:3)
        at runAndTransformResultsToJestFormat (C:\Swarnite\node_modules\jest-circus\build\jestAdapterInit.js:1918:21)
        at jestAdapter (C:\Swarnite\node_modules\jest-circus\build\runner.js:101:19)
        at runTestInternal (C:\Swarnite\node_modules\jest-runner\build\index.js:275:16)
        at runTest (C:\Swarnite\node_modules\jest-runner\build\index.js:343:7)

    [0m [90m 196 |[39m     res[33m.[39mjson({ vouchers[33m,[39m total[33m,[39m page[33m:[39m [33mNumber[39m(page)[33m,[39m limit[33m:[39m [33mNumber[39m(limit) })[33m;[39m
     [90m 197 |[39m   } [36mcatch[39m (error) {
    [31m[1m>[22m[39m[90m 198 |[39m     console[33m.[39merror([32m'Error fetching sales:'[39m[33m,[39m error)[33m;[39m
     [90m     |[39m             [31m[1m^[22m[39m
     [90m 199 |[39m     res[33m.[39mstatus([35m500[39m)[33m.[39mjson({ error[33m:[39m [32m'Failed to fetch sales vouchers'[39m })[33m;[39m
     [90m 200 |[39m   }
     [90m 201 |[39m })[33m;[39m[0m

      at server/routes/sales.ts:198:13

  console.error
    {"timestamp":"2026-04-26T18:19:17.513Z","level":"error","message":"request","requestId":"6851e583-8571-47ef-a522-485e7714f294","method":"GET","path":"/api/sales","status":500,"duration":"56ms","ip":"::ffff:127.0.0.1","userId":1,"companyId":1,"branchId":1}

    [0m [90m 49 |[39m   }[33m,[39m
     [90m 50 |[39m   error(message[33m:[39m string[33m,[39m meta[33m?[39m[33m:[39m [33mRecord[39m[33m<[39m[33mstring[39m[33m,[39m unknown[33m>[39m) {
    [31m[1m>[22m[39m[90m 51 |[39m     [36mif[39m (shouldLog([32m'error'[39m)) console[33m.[39merror(formatMessage([32m'error'[39m[33m,[39m message[33m,[39m meta))[33m;[39m
     [90m    |[39m                                     [31m[1m^[22m[39m
     [90m 52 |[39m   }[33m,[39m
     [90m 53 |[39m }[33m;[39m
     [90m 54 |[39m[0m

      at Object.error (server/logger.ts:51:37)
      at ServerResponse.<anonymous> (server/middleware/requestLogger.ts:45:14)

  console.info
    {"timestamp":"2026-04-26T18:19:17.567Z","level":"info","message":"request","requestId":"4aaeeddc-56c2-4379-afde-111f923f0a2a","method":"GET","path":"/api/sales/1","status":200,"duration":"7ms","ip":"::ffff:127.0.0.1","userId":1,"companyId":1,"branchId":1}

      at Object.info (server/logger.ts:45:36)

  console.warn
    {"timestamp":"2026-04-26T18:19:17.595Z","level":"warn","message":"request","requestId":"0215a22b-2488-401f-bab7-4119a503cbdb","method":"GET","path":"/api/sales/999","status":404,"duration":"2ms","ip":"::ffff:127.0.0.1","userId":1,"companyId":1,"branchId":1}

    [0m [90m 46 |[39m   }[33m,[39m
     [90m 47 |[39m   warn(message[33m:[39m string[33m,[39m meta[33m?[39m[33m:[39m [33mRecord[39m[33m<[39m[33mstring[39m[33m,[39m unknown[33m>[39m) {
    [31m[1m>[22m[39m[90m 48 |[39m     [36mif[39m (shouldLog([32m'warn'[39m)) console[33m.[39mwarn(formatMessage([32m'warn'[39m[33m,[39m message[33m,[39m meta))[33m;[39m
     [90m    |[39m                                    [31m[1m^[22m[39m
     [90m 49 |[39m   }[33m,[39m
     [90m 50 |[39m   error(message[33m:[39m string[33m,[39m meta[33m?[39m[33m:[39m [33mRecord[39m[33m<[39m[33mstring[39m[33m,[39m unknown[33m>[39m) {
     [90m 51 |[39m     [36mif[39m (shouldLog([32m'error'[39m)) console[33m.[39merror(formatMessage([32m'error'[39m[33m,[39m message[33m,[39m meta))[33m;[39m[0m

      at Object.warn (server/logger.ts:48:36)
      at ServerResponse.<anonymous> (server/middleware/requestLogger.ts:47:14)

  console.error
    {"timestamp":"2026-04-26T18:19:17.624Z","level":"error","message":"request","requestId":"880b9545-4839-4540-833a-2b70352ee18c","method":"GET","path":"/api/sales/1","status":500,"duration":"2ms","ip":"::ffff:127.0.0.1","userId":1,"companyId":1,"branchId":1}

    [0m [90m 49 |[39m   }[33m,[39m
     [90m 50 |[39m   error(message[33m:[39m string[33m,[39m meta[33m?[39m[33m:[39m [33mRecord[39m[33m<[39m[33mstring[39m[33m,[39m unknown[33m>[39m) {
    [31m[1m>[22m[39m[90m 51 |[39m     [36mif[39m (shouldLog([32m'error'[39m)) console[33m.[39merror(formatMessage([32m'error'[39m[33m,[39m message[33m,[39m meta))[33m;[39m
     [90m    |[39m                                     [31m[1m^[22m[39m
     [90m 52 |[39m   }[33m,[39m
     [90m 53 |[39m }[33m;[39m
     [90m 54 |[39m[0m

      at Object.error (server/logger.ts:51:37)
      at ServerResponse.<anonymous> (server/middleware/requestLogger.ts:45:14)

  console.log
    Payment validation: {
      totalPaid: 70000,
      previousOs: 0,
      voucherAmt: 77722,
      maxAllowed: 77722,
      passes: true
    }

      at server/routes/sales.ts:250:13

  console.info
    {"timestamp":"2026-04-26T18:19:17.753Z","level":"info","message":"request","requestId":"c7ede7c4-f15c-4cd5-8866-f3494b77a9fc","method":"POST","path":"/api/sales","status":201,"duration":"99ms","ip":"::ffff:127.0.0.1","userId":1,"companyId":1,"branchId":1}

      at Object.info (server/logger.ts:45:36)

  console.log
    Payment validation: {
      totalPaid: 70000,
      previousOs: 0,
      voucherAmt: 77722,
      maxAllowed: 77722,
      passes: true
    }

      at server/routes/sales.ts:250:13

  console.error
    Error creating sales voucher: Error: Label GB/13 is not available for sale (status: SOLD)
        at C:\Swarnite\server\routes\sales.ts:368:21
        at processTicksAndRejections (node:internal/process/task_queues:104:5)
        at C:\Swarnite\server\routes\sales.ts:265:21

    [0m [90m 527 |[39m     res[33m.[39mstatus([35m201[39m)[33m.[39mjson(fullVoucher)[33m;[39m
     [90m 528 |[39m   } [36mcatch[39m (error[33m:[39m any) {
    [31m[1m>[22m[39m[90m 529 |[39m     console[33m.[39merror([32m'Error creating sales voucher:'[39m[33m,[39m error)[33m;[39m
     [90m     |[39m             [31m[1m^[22m[39m
     [90m 530 |[39m     [90m// Provide more specific error messages[39m
     [90m 531 |[39m     [36mif[39m (error[33m.[39mcode [33m===[39m [32m'P2002'[39m [33m&&[39m error[33m.[39mmeta[33m?[39m[33m.[39mtarget[33m?[39m[33m.[39mincludes([32m'voucherNo'[39m)) {
     [90m 532 |[39m       [36mreturn[39m res[33m.[39mstatus([35m409[39m)[33m.[39mjson({ error[33m:[39m [32m'Voucher number conflict. Please try again.'[39m })[33m;[39m[0m

      at server/routes/sales.ts:529:13

  console.warn
    {"timestamp":"2026-04-26T18:19:17.826Z","level":"warn","message":"request","requestId":"97de1899-4645-4c3b-9a6d-dd901da85cf2","method":"POST","path":"/api/sales","status":400,"duration":"52ms","ip":"::ffff:127.0.0.1","userId":1,"companyId":1,"branchId":1}

    [0m [90m 46 |[39m   }[33m,[39m
     [90m 47 |[39m   warn(message[33m:[39m string[33m,[39m meta[33m?[39m[33m:[39m [33mRecord[39m[33m<[39m[33mstring[39m[33m,[39m unknown[33m>[39m) {
    [31m[1m>[22m[39m[90m 48 |[39m     [36mif[39m (shouldLog([32m'warn'[39m)) console[33m.[39mwarn(formatMessage([32m'warn'[39m[33m,[39m message[33m,[39m meta))[33m;[39m
     [90m    |[39m                                    [31m[1m^[22m[39m
     [90m 49 |[39m   }[33m,[39m
     [90m 50 |[39m   error(message[33m:[39m string[33m,[39m meta[33m?[39m[33m:[39m [33mRecord[39m[33m<[39m[33mstring[39m[33m,[39m unknown[33m>[39m) {
     [90m 51 |[39m     [36mif[39m (shouldLog([32m'error'[39m)) console[33m.[39merror(formatMessage([32m'error'[39m[33m,[39m message[33m,[39m meta))[33m;[39m[0m

      at Object.warn (server/logger.ts:48:36)
      at ServerResponse.<anonymous> (server/middleware/requestLogger.ts:47:14)

  console.log
    Payment validation: {
      totalPaid: 70000,
      previousOs: 0,
      voucherAmt: 77722,
      maxAllowed: 77722,
      passes: true
    }

      at server/routes/sales.ts:250:13

  console.error
    Error creating sales voucher: Error: DB error
        at Object.<anonymous> (C:\Swarnite\tests\integration\sales.test.ts:668:61)
        at Promise.finally.completed (C:\Swarnite\node_modules\jest-circus\build\jestAdapterInit.js:1557:28)
        at new Promise (<anonymous>)
        at callAsyncCircusFn (C:\Swarnite\node_modules\jest-circus\build\jestAdapterInit.js:1497:10)
        at _callCircusTest (C:\Swarnite\node_modules\jest-circus\build\jestAdapterInit.js:1007:40)
        at processTicksAndRejections (node:internal/process/task_queues:104:5)
        at _runTest (C:\Swarnite\node_modules\jest-circus\build\jestAdapterInit.js:947:3)
        at C:\Swarnite\node_modules\jest-circus\build\jestAdapterInit.js:849:7
        at _runTestsForDescribeBlock (C:\Swarnite\node_modules\jest-circus\build\jestAdapterInit.js:862:11)
        at _runTestsForDescribeBlock (C:\Swarnite\node_modules\jest-circus\build\jestAdapterInit.js:857:11)
        at run (C:\Swarnite\node_modules\jest-circus\build\jestAdapterInit.js:761:3)
        at runAndTransformResultsToJestFormat (C:\Swarnite\node_modules\jest-circus\build\jestAdapterInit.js:1918:21)
        at jestAdapter (C:\Swarnite\node_modules\jest-circus\build\runner.js:101:19)
        at runTestInternal (C:\Swarnite\node_modules\jest-runner\build\index.js:275:16)
        at runTest (C:\Swarnite\node_modules\jest-runner\build\index.js:343:7)

    [0m [90m 527 |[39m     res[33m.[39mstatus([35m201[39m)[33m.[39mjson(fullVoucher)[33m;[39m
     [90m 528 |[39m   } [36mcatch[39m (error[33m:[39m any) {
    [31m[1m>[22m[39m[90m 529 |[39m     console[33m.[39merror([32m'Error creating sales voucher:'[39m[33m,[39m error)[33m;[39m
     [90m     |[39m             [31m[1m^[22m[39m
     [90m 530 |[39m     [90m// Provide more specific error messages[39m
     [90m 531 |[39m     [36mif[39m (error[33m.[39mcode [33m===[39m [32m'P2002'[39m [33m&&[39m error[33m.[39mmeta[33m?[39m[33m.[39mtarget[33m?[39m[33m.[39mincludes([32m'voucherNo'[39m)) {
     [90m 532 |[39m       [36mreturn[39m res[33m.[39mstatus([35m409[39m)[33m.[39mjson({ error[33m:[39m [32m'Voucher number conflict. Please try again.'[39m })[33m;[39m[0m

      at server/routes/sales.ts:529:13

  console.warn
    {"timestamp":"2026-04-26T18:19:17.876Z","level":"warn","message":"request","requestId":"3e0089dc-bdc6-47f8-a302-dcfbacc64d62","method":"POST","path":"/api/sales","status":400,"duration":"26ms","ip":"::ffff:127.0.0.1","userId":1,"companyId":1,"branchId":1}

    [0m [90m 46 |[39m   }[33m,[39m
     [90m 47 |[39m   warn(message[33m:[39m string[33m,[39m meta[33m?[39m[33m:[39m [33mRecord[39m[33m<[39m[33mstring[39m[33m,[39m unknown[33m>[39m) {
    [31m[1m>[22m[39m[90m 48 |[39m     [36mif[39m (shouldLog([32m'warn'[39m)) console[33m.[39mwarn(formatMessage([32m'warn'[39m[33m,[39m message[33m,[39m meta))[33m;[39m
     [90m    |[39m                                    [31m[1m^[22m[39m
     [90m 49 |[39m   }[33m,[39m
     [90m 50 |[39m   error(message[33m:[39m string[33m,[39m meta[33m?[39m[33m:[39m [33mRecord[39m[33m<[39m[33mstring[39m[33m,[39m unknown[33m>[39m) {
     [90m 51 |[39m     [36mif[39m (shouldLog([32m'error'[39m)) console[33m.[39merror(formatMessage([32m'error'[39m[33m,[39m message[33m,[39m meta))[33m;[39m[0m

      at Object.warn (server/logger.ts:48:36)
      at ServerResponse.<anonymous> (server/middleware/requestLogger.ts:47:14)

  console.log
    Payment validation: {
      totalPaid: 64120,
      previousOs: 0,
      voucherAmt: 77722,
      maxAllowed: 77722,
      passes: true
    }

      at server/routes/sales.ts:250:13

  console.info
    {"timestamp":"2026-04-26T18:19:17.911Z","level":"info","message":"request","requestId":"acfd78d4-95a8-4584-90f3-50ab9049f893","method":"POST","path":"/api/sales","status":201,"duration":"11ms","ip":"::ffff:127.0.0.1","userId":1,"companyId":1,"branchId":1}

      at Object.info (server/logger.ts:45:36)

  console.log
    Payment validation: {
      totalPaid: 70000,
      previousOs: 0,
      voucherAmt: 77722,
      maxAllowed: 77722,
      passes: true
    }

      at server/routes/sales.ts:250:13

  console.info
    {"timestamp":"2026-04-26T18:19:17.944Z","level":"info","message":"request","requestId":"98971bbe-542c-44c5-aa68-c9dcd8ea7099","method":"POST","path":"/api/sales","status":201,"duration":"13ms","ip":"::ffff:127.0.0.1","userId":1,"companyId":1,"branchId":1}

      at Object.info (server/logger.ts:45:36)

  console.info
    {"timestamp":"2026-04-26T18:19:17.969Z","level":"info","message":"request","requestId":"f5819d0e-d30e-4326-a58c-4a8d20da1284","method":"DELETE","path":"/api/sales/1","status":200,"duration":"3ms","ip":"::ffff:127.0.0.1","userId":1,"companyId":1,"branchId":1}

      at Object.info (server/logger.ts:45:36)

  console.error
    {"timestamp":"2026-04-26T18:19:17.991Z","level":"error","message":"request","requestId":"e6774f9d-cc3f-43fc-a8a0-454fc3420c35","method":"DELETE","path":"/api/sales/1","status":500,"duration":"3ms","ip":"::ffff:127.0.0.1","userId":1,"companyId":1,"branchId":1}

    [0m [90m 49 |[39m   }[33m,[39m
     [90m 50 |[39m   error(message[33m:[39m string[33m,[39m meta[33m?[39m[33m:[39m [33mRecord[39m[33m<[39m[33mstring[39m[33m,[39m unknown[33m>[39m) {
    [31m[1m>[22m[39m[90m 51 |[39m     [36mif[39m (shouldLog([32m'error'[39m)) console[33m.[39merror(formatMessage([32m'error'[39m[33m,[39m message[33m,[39m meta))[33m;[39m
     [90m    |[39m                                     [31m[1m^[22m[39m
     [90m 52 |[39m   }[33m,[39m
     [90m 53 |[39m }[33m;[39m
     [90m 54 |[39m[0m

      at Object.error (server/logger.ts:51:37)
      at ServerResponse.<anonymous> (server/middleware/requestLogger.ts:45:14)

  console.log
    Payment validation: {
      totalPaid: 100000,
      previousOs: 0,
      voucherAmt: 77722,
      maxAllowed: 77722,
      passes: false
    }

      at server/routes/sales.ts:250:13

  console.warn
    {"timestamp":"2026-04-26T18:19:18.025Z","level":"warn","message":"request","requestId":"8beafaa8-42d1-4cee-bb69-9833547e4b23","method":"POST","path":"/api/sales","status":400,"duration":"9ms","ip":"::ffff:127.0.0.1","userId":1,"companyId":1,"branchId":1}

    [0m [90m 46 |[39m   }[33m,[39m
     [90m 47 |[39m   warn(message[33m:[39m string[33m,[39m meta[33m?[39m[33m:[39m [33mRecord[39m[33m<[39m[33mstring[39m[33m,[39m unknown[33m>[39m) {
    [31m[1m>[22m[39m[90m 48 |[39m     [36mif[39m (shouldLog([32m'warn'[39m)) console[33m.[39mwarn(formatMessage([32m'warn'[39m[33m,[39m message[33m,[39m meta))[33m;[39m
     [90m    |[39m                                    [31m[1m^[22m[39m
     [90m 49 |[39m   }[33m,[39m
     [90m 50 |[39m   error(message[33m:[39m string[33m,[39m meta[33m?[39m[33m:[39m [33mRecord[39m[33m<[39m[33mstring[39m[33m,[39m unknown[33m>[39m) {
     [90m 51 |[39m     [36mif[39m (shouldLog([32m'error'[39m)) console[33m.[39merror(formatMessage([32m'error'[39m[33m,[39m message[33m,[39m meta))[33m;[39m[0m

      at Object.warn (server/logger.ts:48:36)
      at ServerResponse.<anonymous> (server/middleware/requestLogger.ts:47:14)

  console.log
    Payment validation: {
      totalPaid: 77722,
      previousOs: 0,
      voucherAmt: 77722,
      maxAllowed: 77722,
      passes: true
    }

      at server/routes/sales.ts:250:13

  console.info
    {"timestamp":"2026-04-26T18:19:18.064Z","level":"info","message":"request","requestId":"d0ae68ad-caae-41d6-8e1c-0b8159cbbed7","method":"POST","path":"/api/sales","status":201,"duration":"14ms","ip":"::ffff:127.0.0.1","userId":1,"companyId":1,"branchId":1}

      at Object.info (server/logger.ts:45:36)

  console.error
    Error updating sales voucher: Error: Total payment cannot exceed voucher amount
        at C:\Swarnite\server\routes\sales.ts:564:15
        at processTicksAndRejections (node:internal/process/task_queues:104:5)

    [0m [90m 614 |[39m     res[33m.[39mjson(fullVoucher)[33m;[39m
     [90m 615 |[39m   } [36mcatch[39m (error[33m:[39m any) {
    [31m[1m>[22m[39m[90m 616 |[39m     console[33m.[39merror([32m'Error updating sales voucher:'[39m[33m,[39m error)[33m;[39m
     [90m     |[39m             [31m[1m^[22m[39m
     [90m 617 |[39m     res[33m.[39mstatus(error[33m.[39mmessage [33m===[39m [32m'Voucher not found'[39m [33m?[39m [35m404[39m [33m:[39m error[33m.[39mmessage[33m?[39m[33m.[39mincludes([32m'Cannot edit'[39m) [33m||[39m error[33m.[39mmessage[33m?[39m[33m.[39mincludes([32m'cannot exceed'[39m) [33m?[39m [35m400[39m [33m:[39m [35m500[39m)
     [90m 618 |[39m       [33m.[39mjson({ error[33m:[39m error[33m.[39mmessage [33m||[39m [32m'Failed to update voucher'[39m })[33m;[39m
     [90m 619 |[39m   }[0m

      at server/routes/sales.ts:616:13

  console.warn
    {"timestamp":"2026-04-26T18:19:18.105Z","level":"warn","message":"request","requestId":"005ae130-9ad0-430d-a41f-524f2390e6df","method":"PUT","path":"/api/sales/1","status":400,"duration":"21ms","ip":"::ffff:127.0.0.1","userId":1,"companyId":1,"branchId":1}

    [0m [90m 46 |[39m   }[33m,[39m
     [90m 47 |[39m   warn(message[33m:[39m string[33m,[39m meta[33m?[39m[33m:[39m [33mRecord[39m[33m<[39m[33mstring[39m[33m,[39m unknown[33m>[39m) {
    [31m[1m>[22m[39m[90m 48 |[39m     [36mif[39m (shouldLog([32m'warn'[39m)) console[33m.[39mwarn(formatMessage([32m'warn'[39m[33m,[39m message[33m,[39m meta))[33m;[39m
     [90m    |[39m                                    [31m[1m^[22m[39m
     [90m 49 |[39m   }[33m,[39m
     [90m 50 |[39m   error(message[33m:[39m string[33m,[39m meta[33m?[39m[33m:[39m [33mRecord[39m[33m<[39m[33mstring[39m[33m,[39m unknown[33m>[39m) {
     [90m 51 |[39m     [36mif[39m (shouldLog([32m'error'[39m)) console[33m.[39merror(formatMessage([32m'error'[39m[33m,[39m message[33m,[39m meta))[33m;[39m[0m

      at Object.warn (server/logger.ts:48:36)
      at ServerResponse.<anonymous> (server/middleware/requestLogger.ts:47:14)

  console.log
    Payment validation: {
      totalPaid: 30000,
      previousOs: 0,
      voucherAmt: 77722,
      maxAllowed: 77722,
      passes: true
    }

      at server/routes/sales.ts:250:13

  console.info
    {"timestamp":"2026-04-26T18:19:18.157Z","level":"info","message":"request","requestId":"83c96c55-e00c-4986-bc7c-b8bd3ca0f0a1","method":"POST","path":"/api/sales","status":201,"duration":"12ms","ip":"::ffff:127.0.0.1","userId":1,"companyId":1,"branchId":1}

      at Object.info (server/logger.ts:45:36)

  console.info
    {"timestamp":"2026-04-26T18:19:18.180Z","level":"info","message":"request","requestId":"eca35fbc-3a76-4168-870e-e7e05b3e9d28","method":"GET","path":"/api/sales/4","status":200,"duration":"3ms","ip":"::ffff:127.0.0.1","userId":1,"companyId":1,"branchId":1}

      at Object.info (server/logger.ts:45:36)

  console.error
    Error updating sales voucher: Error: Cannot edit a closed voucher. Vouchers are automatically closed after 20 days.
        at C:\Swarnite\server\routes\sales.ts:557:47
        at processTicksAndRejections (node:internal/process/task_queues:104:5)

    [0m [90m 614 |[39m     res[33m.[39mjson(fullVoucher)[33m;[39m
     [90m 615 |[39m   } [36mcatch[39m (error[33m:[39m any) {
    [31m[1m>[22m[39m[90m 616 |[39m     console[33m.[39merror([32m'Error updating sales voucher:'[39m[33m,[39m error)[33m;[39m
     [90m     |[39m             [31m[1m^[22m[39m
     [90m 617 |[39m     res[33m.[39mstatus(error[33m.[39mmessage [33m===[39m [32m'Voucher not found'[39m [33m?[39m [35m404[39m [33m:[39m error[33m.[39mmessage[33m?[39m[33m.[39mincludes([32m'Cannot edit'[39m) [33m||[39m error[33m.[39mmessage[33m?[39m[33m.[39mincludes([32m'cannot exceed'[39m) [33m?[39m [35m400[39m [33m:[39m [35m500[39m)
     [90m 618 |[39m       [33m.[39mjson({ error[33m:[39m error[33m.[39mmessage [33m||[39m [32m'Failed to update voucher'[39m })[33m;[39m
     [90m 619 |[39m   }[0m

      at server/routes/sales.ts:616:13

  console.warn
    {"timestamp":"2026-04-26T18:19:18.224Z","level":"warn","message":"request","requestId":"0492734b-dfb8-4d28-a975-9d1f11b8efd4","method":"PUT","path":"/api/sales/5","status":400,"duration":"21ms","ip":"::ffff:127.0.0.1","userId":1,"companyId":1,"branchId":1}

    [0m [90m 46 |[39m   }[33m,[39m
     [90m 47 |[39m   warn(message[33m:[39m string[33m,[39m meta[33m?[39m[33m:[39m [33mRecord[39m[33m<[39m[33mstring[39m[33m,[39m unknown[33m>[39m) {
    [31m[1m>[22m[39m[90m 48 |[39m     [36mif[39m (shouldLog([32m'warn'[39m)) console[33m.[39mwarn(formatMessage([32m'warn'[39m[33m,[39m message[33m,[39m meta))[33m;[39m
     [90m    |[39m                                    [31m[1m^[22m[39m
     [90m 49 |[39m   }[33m,[39m
     [90m 50 |[39m   error(message[33m:[39m string[33m,[39m meta[33m?[39m[33m:[39m [33mRecord[39m[33m<[39m[33mstring[39m[33m,[39m unknown[33m>[39m) {
     [90m 51 |[39m     [36mif[39m (shouldLog([32m'error'[39m)) console[33m.[39merror(formatMessage([32m'error'[39m[33m,[39m message[33m,[39m meta))[33m;[39m[0m

      at Object.warn (server/logger.ts:48:36)
      at ServerResponse.<anonymous> (server/middleware/requestLogger.ts:47:14)

  console.info
    {"timestamp":"2026-04-26T18:19:18.252Z","level":"info","message":"request","requestId":"f6e47371-c3e0-43e0-8e4f-16096177e3f5","method":"GET","path":"/api/sales/1","status":200,"duration":"2ms","ip":"::ffff:127.0.0.1","userId":1,"companyId":1,"branchId":1}

      at Object.info (server/logger.ts:45:36)

  console.info
    {"timestamp":"2026-04-26T18:19:18.275Z","level":"info","message":"request","requestId":"f9e9f544-5998-4c50-a686-2b6a6957b0ad","method":"GET","path":"/api/sales","status":200,"duration":"2ms","ip":"::ffff:127.0.0.1","userId":1,"companyId":1,"branchId":1}

      at Object.info (server/logger.ts:45:36)

  console.log
    Payment validation: {
      totalPaid: 70000,
      previousOs: 0,
      voucherAmt: 77722,
      maxAllowed: 77722,
      passes: true
    }

      at server/routes/sales.ts:250:13

  console.info
    {"timestamp":"2026-04-26T18:19:18.308Z","level":"info","message":"request","requestId":"24db9b4f-07b6-48df-8dd2-14ef7ae849cb","method":"POST","path":"/api/sales","status":201,"duration":"11ms","ip":"::ffff:127.0.0.1","userId":1,"companyId":1,"branchId":1}

      at Object.info (server/logger.ts:45:36)

  console.log
    Payment validation: {
      totalPaid: 70000,
      previousOs: 0,
      voucherAmt: 77722,
      maxAllowed: 77722,
      passes: true
    }

      at server/routes/sales.ts:250:13

  console.info
    {"timestamp":"2026-04-26T18:19:18.341Z","level":"info","message":"request","requestId":"2ab3954b-34fd-48ec-b309-e40443ab5673","method":"POST","path":"/api/sales","status":201,"duration":"11ms","ip":"::ffff:127.0.0.1","userId":1,"companyId":1,"branchId":1}

      at Object.info (server/logger.ts:45:36)

  console.log
    Payment validation: {
      totalPaid: 70000,
      previousOs: 0,
      voucherAmt: 77722,
      maxAllowed: 77722,
      passes: true
    }

      at server/routes/sales.ts:250:13

  console.error
    Error creating sales voucher: Error: Label GN/51 has only 2 pcs available, cannot sell 5
        at C:\Swarnite\server\routes\sales.ts:372:21
        at processTicksAndRejections (node:internal/process/task_queues:104:5)
        at C:\Swarnite\server\routes\sales.ts:265:21

    [0m [90m 527 |[39m     res[33m.[39mstatus([35m201[39m)[33m.[39mjson(fullVoucher)[33m;[39m
     [90m 528 |[39m   } [36mcatch[39m (error[33m:[39m any) {
    [31m[1m>[22m[39m[90m 529 |[39m     console[33m.[39merror([32m'Error creating sales voucher:'[39m[33m,[39m error)[33m;[39m
     [90m     |[39m             [31m[1m^[22m[39m
     [90m 530 |[39m     [90m// Provide more specific error messages[39m
     [90m 531 |[39m     [36mif[39m (error[33m.[39mcode [33m===[39m [32m'P2002'[39m [33m&&[39m error[33m.[39mmeta[33m?[39m[33m.[39mtarget[33m?[39m[33m.[39mincludes([32m'voucherNo'[39m)) {
     [90m 532 |[39m       [36mreturn[39m res[33m.[39mstatus([35m409[39m)[33m.[39mjson({ error[33m:[39m [32m'Voucher number conflict. Please try again.'[39m })[33m;[39m[0m

      at server/routes/sales.ts:529:13

  console.warn
    {"timestamp":"2026-04-26T18:19:18.390Z","level":"warn","message":"request","requestId":"fc8f01b5-5b49-496a-9290-86d45d2600a1","method":"POST","path":"/api/sales","status":400,"duration":"29ms","ip":"::ffff:127.0.0.1","userId":1,"companyId":1,"branchId":1}

    [0m [90m 46 |[39m   }[33m,[39m
     [90m 47 |[39m   warn(message[33m:[39m string[33m,[39m meta[33m?[39m[33m:[39m [33mRecord[39m[33m<[39m[33mstring[39m[33m,[39m unknown[33m>[39m) {
    [31m[1m>[22m[39m[90m 48 |[39m     [36mif[39m (shouldLog([32m'warn'[39m)) console[33m.[39mwarn(formatMessage([32m'warn'[39m[33m,[39m message[33m,[39m meta))[33m;[39m
     [90m    |[39m                                    [31m[1m^[22m[39m
     [90m 49 |[39m   }[33m,[39m
     [90m 50 |[39m   error(message[33m:[39m string[33m,[39m meta[33m?[39m[33m:[39m [33mRecord[39m[33m<[39m[33mstring[39m[33m,[39m unknown[33m>[39m) {
     [90m 51 |[39m     [36mif[39m (shouldLog([32m'error'[39m)) console[33m.[39merror(formatMessage([32m'error'[39m[33m,[39m message[33m,[39m meta))[33m;[39m[0m

      at Object.warn (server/logger.ts:48:36)
      at ServerResponse.<anonymous> (server/middleware/requestLogger.ts:47:14)

  console.log
    Payment validation: {
      totalPaid: 70000,
      previousOs: 0,
      voucherAmt: 77722,
      maxAllowed: 77722,
      passes: true
    }

      at server/routes/sales.ts:250:13

  console.error
    Error creating sales voucher: Error: Invalid pcs count: -1. Must sell at least 1 pc.
        at C:\Swarnite\server\routes\sales.ts:375:21
        at processTicksAndRejections (node:internal/process/task_queues:104:5)
        at C:\Swarnite\server\routes\sales.ts:265:21

    [0m [90m 527 |[39m     res[33m.[39mstatus([35m201[39m)[33m.[39mjson(fullVoucher)[33m;[39m
     [90m 528 |[39m   } [36mcatch[39m (error[33m:[39m any) {
    [31m[1m>[22m[39m[90m 529 |[39m     console[33m.[39merror([32m'Error creating sales voucher:'[39m[33m,[39m error)[33m;[39m
     [90m     |[39m             [31m[1m^[22m[39m
     [90m 530 |[39m     [90m// Provide more specific error messages[39m
     [90m 531 |[39m     [36mif[39m (error[33m.[39mcode [33m===[39m [32m'P2002'[39m [33m&&[39m error[33m.[39mmeta[33m?[39m[33m.[39mtarget[33m?[39m[33m.[39mincludes([32m'voucherNo'[39m)) {
     [90m 532 |[39m       [36mreturn[39m res[33m.[39mstatus([35m409[39m)[33m.[39mjson({ error[33m:[39m [32m'Voucher number conflict. Please try again.'[39m })[33m;[39m[0m

      at server/routes/sales.ts:529:13

  console.warn
    {"timestamp":"2026-04-26T18:19:18.440Z","level":"warn","message":"request","requestId":"a869083f-8c2c-42f7-83cf-f82808227330","method":"POST","path":"/api/sales","status":400,"duration":"25ms","ip":"::ffff:127.0.0.1","userId":1,"companyId":1,"branchId":1}

    [0m [90m 46 |[39m   }[33m,[39m
     [90m 47 |[39m   warn(message[33m:[39m string[33m,[39m meta[33m?[39m[33m:[39m [33mRecord[39m[33m<[39m[33mstring[39m[33m,[39m unknown[33m>[39m) {
    [31m[1m>[22m[39m[90m 48 |[39m     [36mif[39m (shouldLog([32m'warn'[39m)) console[33m.[39mwarn(formatMessage([32m'warn'[39m[33m,[39m message[33m,[39m meta))[33m;[39m
     [90m    |[39m                                    [31m[1m^[22m[39m
     [90m 49 |[39m   }[33m,[39m
     [90m 50 |[39m   error(message[33m:[39m string[33m,[39m meta[33m?[39m[33m:[39m [33mRecord[39m[33m<[39m[33mstring[39m[33m,[39m unknown[33m>[39m) {
     [90m 51 |[39m     [36mif[39m (shouldLog([32m'error'[39m)) console[33m.[39merror(formatMessage([32m'error'[39m[33m,[39m message[33m,[39m meta))[33m;[39m[0m

      at Object.warn (server/logger.ts:48:36)
      at ServerResponse.<anonymous> (server/middleware/requestLogger.ts:47:14)

PASS tests/integration/sales.test.ts
  GET /api/sales
    ΓêÜ returns all sales vouchers with default pagination (37 ms)
    ΓêÜ returns empty array when no vouchers exist (25 ms)
    ΓêÜ filters by dateFrom and dateTo (26 ms)
    ΓêÜ filters by dateFrom only (26 ms)
    ΓêÜ filters by dateTo only (24 ms)
    ΓêÜ filters by customerId (23 ms)
    ΓêÜ filters by salesmanId (22 ms)
    ΓêÜ filters by voucherNo partial match (23 ms)
    ΓêÜ filters by status=ACTIVE (21 ms)
    ΓêÜ filters by status=CANCELLED (22 ms)
    ΓêÜ status=ALL does not add status filter (22 ms)
    ΓêÜ filters by salesmanName partial match (23 ms)
    ΓêÜ salesmanName is ignored when salesmanId is present (24 ms)
    ΓêÜ filters by narration partial match (37 ms)
    ΓêÜ filters by reference partial match (26 ms)
    ΓêÜ filters by minAmount (32 ms)
    ΓêÜ filters by maxAmount (23 ms)
    ΓêÜ filters by amount range (min + max) (24 ms)
    ΓêÜ filters by due amount range (30 ms)
    ΓêÜ filters by gross weight range (29 ms)
    ΓêÜ filters by net weight range (25 ms)
    ΓêÜ filters by paymentMode=CASH (cashAmount > 0) (25 ms)
    ΓêÜ filters by paymentMode=BANK (25 ms)
    ΓêÜ filters by paymentMode=CARD (22 ms)
    ΓêÜ filters by paymentMode=OLD_GOLD (25 ms)
    ΓêÜ filters by paymentMode=UPI (21 ms)
    ΓêÜ filters by paymentMode=DUE (22 ms)
    ΓêÜ filters by labelNo (item-level search) (19 ms)
    ΓêÜ filters by itemName (item-level search) (23 ms)
    ΓêÜ combines label and item name filter (20 ms)
    ΓêÜ search queries across voucherNo, customer, narration, reference, salesman (21 ms)
    ΓêÜ sorts by voucherDate desc by default (22 ms)
    ΓêÜ sorts by voucherAmount asc when requested (22 ms)
    ΓêÜ sorts by dueAmount desc (23 ms)
    ΓêÜ sorts by totalGrossWeight (21 ms)
    ΓêÜ rejects invalid sort field and defaults to voucherDate (23 ms)
    ΓêÜ rejects invalid sort order and defaults to desc (24 ms)
    ΓêÜ paginates with page and limit params (29 ms)
    ΓêÜ combines multiple filters together (35 ms)
    ΓêÜ handles server error gracefully (83 ms)
  GET /api/sales/:id
    ΓêÜ returns a single sales voucher with all relations (51 ms)
    ΓêÜ returns 404 for non-existent voucher (29 ms)
    ΓêÜ handles server error (28 ms)
  POST /api/sales
    ΓêÜ creates a sales voucher and updates label to SOLD (122 ms)
    ΓêÜ rejects sale when label is already SOLD (75 ms)
    ΓêÜ handles server error during creation (49 ms)
    ΓêÜ creates a PurchaseVoucher when oldGoldDetails is provided (31 ms)
    ΓêÜ does not create PurchaseVoucher when oldGoldAmount is 0 (33 ms)
  DELETE /api/sales/:id
    ΓêÜ cancels voucher, restores labels and customer balance (23 ms)
    ΓêÜ handles server error during cancellation (25 ms)
  Payment overpayment validation
    ΓêÜ POST rejects when total payment exceeds voucher amount (33 ms)
    ΓêÜ POST allows payment equal to voucher amount (35 ms)
    ΓêÜ PUT rejects when total payment exceeds voucher amount (58 ms)
    ΓêÜ POST allows partial payment (due > 0) (33 ms)
  CLOSED voucher handling
    ΓêÜ GET detail auto-closes a stale ACTIVE voucher (>20 days) (21 ms)
    ΓêÜ PUT rejects editing a CLOSED voucher (48 ms)
    ΓêÜ GET detail does NOT close a recent ACTIVE voucher (25 ms)
    ΓêÜ GET list calls auto-close for stale vouchers (22 ms)
  Label pcs handling
    ΓêÜ POST decrements label pcsCount and keeps IN_STOCK when pcs remain (31 ms)
    ΓêÜ POST sets label status to SOLD when all pcs are sold (33 ms)
    ΓêÜ POST rejects when selling more pcs than available (52 ms)
    ΓêÜ POST rejects when pcs is less than 1 (49 ms)

  console.info
    {"timestamp":"2026-04-26T18:19:20.399Z","level":"info","message":"request","requestId":"83f9205a-ad03-4df8-a6e8-5277d204dcde","method":"POST","path":"/api/layaway","status":201,"duration":"49ms","ip":"::ffff:127.0.0.1","userId":1,"companyId":1,"branchId":1}

      at Object.info (server/logger.ts:45:36)

  console.info
    {"timestamp":"2026-04-26T18:19:20.434Z","level":"info","message":"request","requestId":"a31d8b25-18de-4e01-a032-c68718e1934c","method":"POST","path":"/api/layaway","status":201,"duration":"5ms","ip":"::ffff:127.0.0.1","userId":1,"companyId":1,"branchId":1}

      at Object.info (server/logger.ts:45:36)

  console.warn
    {"timestamp":"2026-04-26T18:19:20.464Z","level":"warn","message":"request","requestId":"1361e91f-dac4-46ad-90ef-15de6ee0b544","method":"POST","path":"/api/layaway","status":400,"duration":"5ms","ip":"::ffff:127.0.0.1","userId":1,"companyId":1,"branchId":1}

    [0m [90m 46 |[39m   }[33m,[39m
     [90m 47 |[39m   warn(message[33m:[39m string[33m,[39m meta[33m?[39m[33m:[39m [33mRecord[39m[33m<[39m[33mstring[39m[33m,[39m unknown[33m>[39m) {
    [31m[1m>[22m[39m[90m 48 |[39m     [36mif[39m (shouldLog([32m'warn'[39m)) console[33m.[39mwarn(formatMessage([32m'warn'[39m[33m,[39m message[33m,[39m meta))[33m;[39m
     [90m    |[39m                                    [31m[1m^[22m[39m
     [90m 49 |[39m   }[33m,[39m
     [90m 50 |[39m   error(message[33m:[39m string[33m,[39m meta[33m?[39m[33m:[39m [33mRecord[39m[33m<[39m[33mstring[39m[33m,[39m unknown[33m>[39m) {
     [90m 51 |[39m     [36mif[39m (shouldLog([32m'error'[39m)) console[33m.[39merror(formatMessage([32m'error'[39m[33m,[39m message[33m,[39m meta))[33m;[39m[0m

      at Object.warn (server/logger.ts:48:36)
      at ServerResponse.<anonymous> (server/middleware/requestLogger.ts:47:14)

  console.warn
    {"timestamp":"2026-04-26T18:19:20.495Z","level":"warn","message":"request","requestId":"234cc0b9-2530-4fcf-9a2e-c1e9131f72b2","method":"POST","path":"/api/layaway","status":400,"duration":"4ms","ip":"::ffff:127.0.0.1","userId":1,"companyId":1,"branchId":1}

    [0m [90m 46 |[39m   }[33m,[39m
     [90m 47 |[39m   warn(message[33m:[39m string[33m,[39m meta[33m?[39m[33m:[39m [33mRecord[39m[33m<[39m[33mstring[39m[33m,[39m unknown[33m>[39m) {
    [31m[1m>[22m[39m[90m 48 |[39m     [36mif[39m (shouldLog([32m'warn'[39m)) console[33m.[39mwarn(formatMessage([32m'warn'[39m[33m,[39m message[33m,[39m meta))[33m;[39m
     [90m    |[39m                                    [31m[1m^[22m[39m
     [90m 49 |[39m   }[33m,[39m
     [90m 50 |[39m   error(message[33m:[39m string[33m,[39m meta[33m?[39m[33m:[39m [33mRecord[39m[33m<[39m[33mstring[39m[33m,[39m unknown[33m>[39m) {
     [90m 51 |[39m     [36mif[39m (shouldLog([32m'error'[39m)) console[33m.[39merror(formatMessage([32m'error'[39m[33m,[39m message[33m,[39m meta))[33m;[39m[0m

      at Object.warn (server/logger.ts:48:36)
      at ServerResponse.<anonymous> (server/middleware/requestLogger.ts:47:14)

  console.log
    Payment validation: {
      totalPaid: 56650,
      previousOs: 0,
      voucherAmt: 56650,
      maxAllowed: 56650,
      passes: true
    }

      at server/routes/sales.ts:250:13

  console.info
    {"timestamp":"2026-04-26T18:19:20.552Z","level":"info","message":"request","requestId":"fae7ef9e-723d-4ad1-a957-24dcbca94382","method":"POST","path":"/api/sales","status":201,"duration":"30ms","ip":"::ffff:127.0.0.1","userId":1,"companyId":1,"branchId":1}

      at Object.info (server/logger.ts:45:36)

  console.log
    Payment validation: {
      totalPaid: 56650,
      previousOs: 0,
      voucherAmt: 56650,
      maxAllowed: 56650,
      passes: true
    }

      at server/routes/sales.ts:250:13

  console.info
    {"timestamp":"2026-04-26T18:19:20.590Z","level":"info","message":"request","requestId":"b3dcf24d-b8cc-40cb-9f9a-de0a430ebdf1","method":"POST","path":"/api/sales","status":201,"duration":"12ms","ip":"::ffff:127.0.0.1","userId":1,"companyId":1,"branchId":1}

      at Object.info (server/logger.ts:45:36)

  console.log
    Payment validation: {
      totalPaid: 56650,
      previousOs: 0,
      voucherAmt: 56650,
      maxAllowed: 56650,
      passes: true
    }

      at server/routes/sales.ts:250:13

  console.error
    Error creating sales voucher: Error: Label GP/1 is not available for sale (status: SOLD)
        at C:\Swarnite\server\routes\sales.ts:368:21
        at processTicksAndRejections (node:internal/process/task_queues:104:5)
        at C:\Swarnite\server\routes\sales.ts:265:21

    [0m [90m 527 |[39m     res[33m.[39mstatus([35m201[39m)[33m.[39mjson(fullVoucher)[33m;[39m
     [90m 528 |[39m   } [36mcatch[39m (error[33m:[39m any) {
    [31m[1m>[22m[39m[90m 529 |[39m     console[33m.[39merror([32m'Error creating sales voucher:'[39m[33m,[39m error)[33m;[39m
     [90m     |[39m             [31m[1m^[22m[39m
     [90m 530 |[39m     [90m// Provide more specific error messages[39m
     [90m 531 |[39m     [36mif[39m (error[33m.[39mcode [33m===[39m [32m'P2002'[39m [33m&&[39m error[33m.[39mmeta[33m?[39m[33m.[39mtarget[33m?[39m[33m.[39mincludes([32m'voucherNo'[39m)) {
     [90m 532 |[39m       [36mreturn[39m res[33m.[39mstatus([35m409[39m)[33m.[39mjson({ error[33m:[39m [32m'Voucher number conflict. Please try again.'[39m })[33m;[39m[0m

      at server/routes/sales.ts:529:13

  console.warn
    {"timestamp":"2026-04-26T18:19:20.664Z","level":"warn","message":"request","requestId":"04920d16-b4b2-4135-a8eb-5410bf32f432","method":"POST","path":"/api/sales","status":400,"duration":"54ms","ip":"::ffff:127.0.0.1","userId":1,"companyId":1,"branchId":1}

    [0m [90m 46 |[39m   }[33m,[39m
     [90m 47 |[39m   warn(message[33m:[39m string[33m,[39m meta[33m?[39m[33m:[39m [33mRecord[39m[33m<[39m[33mstring[39m[33m,[39m unknown[33m>[39m) {
    [31m[1m>[22m[39m[90m 48 |[39m     [36mif[39m (shouldLog([32m'warn'[39m)) console[33m.[39mwarn(formatMessage([32m'warn'[39m[33m,[39m message[33m,[39m meta))[33m;[39m
     [90m    |[39m                                    [31m[1m^[22m[39m
     [90m 49 |[39m   }[33m,[39m
     [90m 50 |[39m   error(message[33m:[39m string[33m,[39m meta[33m?[39m[33m:[39m [33mRecord[39m[33m<[39m[33mstring[39m[33m,[39m unknown[33m>[39m) {
     [90m 51 |[39m     [36mif[39m (shouldLog([32m'error'[39m)) console[33m.[39merror(formatMessage([32m'error'[39m[33m,[39m message[33m,[39m meta))[33m;[39m[0m

      at Object.warn (server/logger.ts:48:36)
      at ServerResponse.<anonymous> (server/middleware/requestLogger.ts:47:14)

  console.log
    Payment validation: {
      totalPaid: 56650,
      previousOs: 0,
      voucherAmt: 56650,
      maxAllowed: 56650,
      passes: true
    }

      at server/routes/sales.ts:250:13

  console.error
    Error creating sales voucher: Error: Label 100 not accessible from your branch
        at C:\Swarnite\server\routes\sales.ts:365:21
        at processTicksAndRejections (node:internal/process/task_queues:104:5)
        at C:\Swarnite\server\routes\sales.ts:265:21

    [0m [90m 527 |[39m     res[33m.[39mstatus([35m201[39m)[33m.[39mjson(fullVoucher)[33m;[39m
     [90m 528 |[39m   } [36mcatch[39m (error[33m:[39m any) {
    [31m[1m>[22m[39m[90m 529 |[39m     console[33m.[39merror([32m'Error creating sales voucher:'[39m[33m,[39m error)[33m;[39m
     [90m     |[39m             [31m[1m^[22m[39m
     [90m 530 |[39m     [90m// Provide more specific error messages[39m
     [90m 531 |[39m     [36mif[39m (error[33m.[39mcode [33m===[39m [32m'P2002'[39m [33m&&[39m error[33m.[39mmeta[33m?[39m[33m.[39mtarget[33m?[39m[33m.[39mincludes([32m'voucherNo'[39m)) {
     [90m 532 |[39m       [36mreturn[39m res[33m.[39mstatus([35m409[39m)[33m.[39mjson({ error[33m:[39m [32m'Voucher number conflict. Please try again.'[39m })[33m;[39m[0m

      at server/routes/sales.ts:529:13

  console.warn
    {"timestamp":"2026-04-26T18:19:20.725Z","level":"warn","message":"request","requestId":"dc5142c8-b058-424d-8af5-8b96c7d2c9f8","method":"POST","path":"/api/sales","status":400,"duration":"31ms","ip":"::ffff:127.0.0.1","userId":1,"companyId":1,"branchId":1}

    [0m [90m 46 |[39m   }[33m,[39m
     [90m 47 |[39m   warn(message[33m:[39m string[33m,[39m meta[33m?[39m[33m:[39m [33mRecord[39m[33m<[39m[33mstring[39m[33m,[39m unknown[33m>[39m) {
    [31m[1m>[22m[39m[90m 48 |[39m     [36mif[39m (shouldLog([32m'warn'[39m)) console[33m.[39mwarn(formatMessage([32m'warn'[39m[33m,[39m message[33m,[39m meta))[33m;[39m
     [90m    |[39m                                    [31m[1m^[22m[39m
     [90m 49 |[39m   }[33m,[39m
     [90m 50 |[39m   error(message[33m:[39m string[33m,[39m meta[33m?[39m[33m:[39m [33mRecord[39m[33m<[39m[33mstring[39m[33m,[39m unknown[33m>[39m) {
     [90m 51 |[39m     [36mif[39m (shouldLog([32m'error'[39m)) console[33m.[39merror(formatMessage([32m'error'[39m[33m,[39m message[33m,[39m meta))[33m;[39m[0m

      at Object.warn (server/logger.ts:48:36)
      at ServerResponse.<anonymous> (server/middleware/requestLogger.ts:47:14)

  console.log
    Payment validation: {
      totalPaid: 56650,
      previousOs: 0,
      voucherAmt: 56650,
      maxAllowed: 56650,
      passes: true
    }

      at server/routes/sales.ts:250:13

  console.info
    {"timestamp":"2026-04-26T18:19:20.768Z","level":"info","message":"request","requestId":"927f9c38-071a-45fa-b2c1-92ddd73f7baf","method":"POST","path":"/api/sales","status":201,"duration":"12ms","ip":"::ffff:127.0.0.1","userId":1,"companyId":1,"branchId":1}

      at Object.info (server/logger.ts:45:36)

  console.log
    Payment validation: {
      totalPaid: 25000,
      previousOs: 0,
      voucherAmt: 36050,
      maxAllowed: 36050,
      passes: true
    }

      at server/routes/sales.ts:250:13

  console.info
    {"timestamp":"2026-04-26T18:19:20.806Z","level":"info","message":"request","requestId":"fe6406eb-137d-4ab3-93fb-279756bbaa2d","method":"POST","path":"/api/sales","status":201,"duration":"13ms","ip":"::ffff:127.0.0.1","userId":1,"companyId":1,"branchId":1}

      at Object.info (server/logger.ts:45:36)

  console.log
    Payment validation: {
      totalPaid: 30000,
      previousOs: 0,
      voucherAmt: 36050,
      maxAllowed: 36050,
      passes: true
    }

      at server/routes/sales.ts:250:13

  console.info
    {"timestamp":"2026-04-26T18:19:20.842Z","level":"info","message":"request","requestId":"bfb7dd4f-b1b4-470c-adfd-dd16de7dcb96","method":"POST","path":"/api/sales","status":201,"duration":"12ms","ip":"::ffff:127.0.0.1","userId":1,"companyId":1,"branchId":1}

      at Object.info (server/logger.ts:45:36)

  console.log
    Payment validation: {
      totalPaid: 10000,
      previousOs: 0,
      voucherAmt: 36050,
      maxAllowed: 36050,
      passes: true
    }

      at server/routes/sales.ts:250:13

  console.info
    {"timestamp":"2026-04-26T18:19:20.876Z","level":"info","message":"request","requestId":"178b1e37-198d-462f-a775-230c79ca182e","method":"POST","path":"/api/sales","status":201,"duration":"11ms","ip":"::ffff:127.0.0.1","userId":1,"companyId":1,"branchId":1}

      at Object.info (server/logger.ts:45:36)

  console.log
    Payment validation: {
      totalPaid: 36050,
      previousOs: 0,
      voucherAmt: 36050,
      maxAllowed: 36050,
      passes: true
    }

      at server/routes/sales.ts:250:13

  console.info
    {"timestamp":"2026-04-26T18:19:20.910Z","level":"info","message":"request","requestId":"73f3dde1-615c-4d62-b07a-21c43e3fcaa4","method":"POST","path":"/api/sales","status":201,"duration":"11ms","ip":"::ffff:127.0.0.1","userId":1,"companyId":1,"branchId":1}

      at Object.info (server/logger.ts:45:36)

PASS tests/integration/cart-flow.test.ts
  Cart ΓåÆ Layaway: multi-item creation
    ΓêÜ creates layaway with 2 cart items, each label pcsCount decremented (86 ms)
    ΓêÜ creates layaway from cart with multi-pcs label, only partial pcs taken (28 ms)
    ΓêÜ rejects cart layaway when customer not specified (31 ms)
    ΓêÜ rejects cart layaway when items array is empty (29 ms)
  Cart ΓåÆ Sales: multi-item creation
    ΓêÜ creates sale from 2 cart items, marks both labels SOLD (53 ms)
    ΓêÜ creates sale from cart with multi-pcs label, sells 1 pc out of 5 (37 ms)
    ΓêÜ rejects cart sale when a label is already SOLD (79 ms)
    ΓêÜ rejects cart sale without customer (61 ms)
    ΓêÜ creates sale with empty items array (voucher-only) (36 ms)
  Old Gold Purchase adjustment in Sales
    ΓêÜ creates sale with oldGoldAmount included in payment (39 ms)
    ΓêÜ reduces customer balance increment by oldGoldAmount in payment (35 ms)
    ΓêÜ creates sale with ogAmount = 0 (no old gold) (32 ms)
    ΓêÜ full payment with old gold covers entire bill (33 ms)

  console.info
    {"timestamp":"2026-04-26T18:19:22.770Z","level":"info","message":"request","requestId":"7c7fd056-50c9-4b3e-81c1-2f9eb1579fe5","method":"GET","path":"/api/customer-payments","status":200,"duration":"6ms","ip":"::ffff:127.0.0.1","userId":1,"companyId":1,"branchId":1}

      at Object.info (server/logger.ts:45:36)

  console.info
    {"timestamp":"2026-04-26T18:19:22.797Z","level":"info","message":"request","requestId":"a5a1001a-d7b8-495e-9cd5-d069b9ca67ab","method":"GET","path":"/api/customer-payments","status":200,"duration":"2ms","ip":"::ffff:127.0.0.1","userId":1,"companyId":1,"branchId":1}

      at Object.info (server/logger.ts:45:36)

  console.info
    {"timestamp":"2026-04-26T18:19:22.819Z","level":"info","message":"request","requestId":"2078b51c-0a75-4afd-895a-7e336e1985dd","method":"GET","path":"/api/customer-payments","status":200,"duration":"3ms","ip":"::ffff:127.0.0.1","userId":1,"companyId":1,"branchId":1}

      at Object.info (server/logger.ts:45:36)

  console.info
    {"timestamp":"2026-04-26T18:19:22.843Z","level":"info","message":"request","requestId":"95f3ec4e-abf3-4775-8a25-191d0c0150ec","method":"GET","path":"/api/customer-payments","status":200,"duration":"4ms","ip":"::ffff:127.0.0.1","userId":1,"companyId":1,"branchId":1}

      at Object.info (server/logger.ts:45:36)

  console.info
    {"timestamp":"2026-04-26T18:19:22.866Z","level":"info","message":"request","requestId":"04db14f2-829c-445e-b6c2-3bd0d5f6e0b8","method":"GET","path":"/api/customer-payments","status":200,"duration":"2ms","ip":"::ffff:127.0.0.1","userId":1,"companyId":1,"branchId":1}

      at Object.info (server/logger.ts:45:36)

  console.info
    {"timestamp":"2026-04-26T18:19:22.889Z","level":"info","message":"request","requestId":"8b1658e7-08cd-4e24-bb51-030b80effa8a","method":"GET","path":"/api/customer-payments","status":200,"duration":"2ms","ip":"::ffff:127.0.0.1","userId":1,"companyId":1,"branchId":1}

      at Object.info (server/logger.ts:45:36)

  console.info
    {"timestamp":"2026-04-26T18:19:22.912Z","level":"info","message":"request","requestId":"8f438234-2e4d-4bb2-a768-d7e46349aff2","method":"GET","path":"/api/customer-payments?paymentType=SALE","status":200,"duration":"3ms","ip":"::ffff:127.0.0.1","userId":1,"companyId":1,"branchId":1}

      at Object.info (server/logger.ts:45:36)

  console.info
    {"timestamp":"2026-04-26T18:19:22.935Z","level":"info","message":"request","requestId":"6048a838-6d01-4e43-8c4f-31dc628bbd14","method":"GET","path":"/api/customer-payments?paymentType=LAYAWAY","status":200,"duration":"3ms","ip":"::ffff:127.0.0.1","userId":1,"companyId":1,"branchId":1}

      at Object.info (server/logger.ts:45:36)

  console.info
    {"timestamp":"2026-04-26T18:19:22.959Z","level":"info","message":"request","requestId":"0866c481-3925-49ae-94a6-a7ebd720b66e","method":"GET","path":"/api/customer-payments?paymentType=SCHEME","status":200,"duration":"3ms","ip":"::ffff:127.0.0.1","userId":1,"companyId":1,"branchId":1}

      at Object.info (server/logger.ts:45:36)

  console.info
    {"timestamp":"2026-04-26T18:19:22.982Z","level":"info","message":"request","requestId":"ed46de13-0a73-4fe3-b5e1-05028f3d5fca","method":"GET","path":"/api/customer-payments?paymentType=ADVANCE","status":200,"duration":"2ms","ip":"::ffff:127.0.0.1","userId":1,"companyId":1,"branchId":1}

      at Object.info (server/logger.ts:45:36)

  console.info
    {"timestamp":"2026-04-26T18:19:23.007Z","level":"info","message":"request","requestId":"b60c6ec9-1bcc-4a18-a92f-d6573e9065ba","method":"GET","path":"/api/customer-payments?accountId=10","status":200,"duration":"2ms","ip":"::ffff:127.0.0.1","userId":1,"companyId":1,"branchId":1}

      at Object.info (server/logger.ts:45:36)

  console.info
    {"timestamp":"2026-04-26T18:19:23.028Z","level":"info","message":"request","requestId":"9a5f079b-8869-40a1-bad5-8de70d9c5cf3","method":"GET","path":"/api/customer-payments?paymentType=LAYAWAY","status":200,"duration":"1ms","ip":"::ffff:127.0.0.1","userId":1,"companyId":1,"branchId":1}

      at Object.info (server/logger.ts:45:36)

  console.info
    {"timestamp":"2026-04-26T18:19:23.051Z","level":"info","message":"request","requestId":"ecc7487a-ec6a-40bd-9492-0c05d70c2ee3","method":"GET","path":"/api/customer-payments?page=2&limit=2","status":200,"duration":"3ms","ip":"::ffff:127.0.0.1","userId":1,"companyId":1,"branchId":1}

      at Object.info (server/logger.ts:45:36)

  console.error
    Error listing customer payments: Error: DB fail
        at Object.<anonymous> (C:\Swarnite\tests\integration\customerPayments.test.ts:351:59)
        at Promise.finally.completed (C:\Swarnite\node_modules\jest-circus\build\jestAdapterInit.js:1557:28)
        at new Promise (<anonymous>)
        at callAsyncCircusFn (C:\Swarnite\node_modules\jest-circus\build\jestAdapterInit.js:1497:10)
        at _callCircusTest (C:\Swarnite\node_modules\jest-circus\build\jestAdapterInit.js:1007:40)
        at processTicksAndRejections (node:internal/process/task_queues:104:5)
        at _runTest (C:\Swarnite\node_modules\jest-circus\build\jestAdapterInit.js:947:3)
        at C:\Swarnite\node_modules\jest-circus\build\jestAdapterInit.js:849:7
        at _runTestsForDescribeBlock (C:\Swarnite\node_modules\jest-circus\build\jestAdapterInit.js:862:11)
        at _runTestsForDescribeBlock (C:\Swarnite\node_modules\jest-circus\build\jestAdapterInit.js:857:11)
        at run (C:\Swarnite\node_modules\jest-circus\build\jestAdapterInit.js:761:3)
        at runAndTransformResultsToJestFormat (C:\Swarnite\node_modules\jest-circus\build\jestAdapterInit.js:1918:21)
        at jestAdapter (C:\Swarnite\node_modules\jest-circus\build\runner.js:101:19)
        at runTestInternal (C:\Swarnite\node_modules\jest-runner\build\index.js:275:16)
        at runTest (C:\Swarnite\node_modules\jest-runner\build\index.js:343:7)

    [0m [90m 251 |[39m     res[33m.[39mjson({ payments[33m:[39m paginatedResults[33m,[39m total[33m,[39m page[33m:[39m pageNum[33m,[39m limit[33m:[39m pageSize })[33m;[39m
     [90m 252 |[39m   } [36mcatch[39m (error) {
    [31m[1m>[22m[39m[90m 253 |[39m     console[33m.[39merror([32m'Error listing customer payments:'[39m[33m,[39m error)[33m;[39m
     [90m     |[39m             [31m[1m^[22m[39m
     [90m 254 |[39m     res[33m.[39mstatus([35m500[39m)[33m.[39mjson({ error[33m:[39m [32m'Failed to list customer payments'[39m })[33m;[39m
     [90m 255 |[39m   }
     [90m 256 |[39m })[33m;[39m[0m

      at server/routes/customerPayments.ts:253:13

  console.error
    {"timestamp":"2026-04-26T18:19:23.106Z","level":"error","message":"request","requestId":"8c5c4596-49ef-4041-9f04-1ba17aa2375b","method":"GET","path":"/api/customer-payments","status":500,"duration":"37ms","ip":"::ffff:127.0.0.1","userId":1,"companyId":1,"branchId":1}

    [0m [90m 49 |[39m   }[33m,[39m
     [90m 50 |[39m   error(message[33m:[39m string[33m,[39m meta[33m?[39m[33m:[39m [33mRecord[39m[33m<[39m[33mstring[39m[33m,[39m unknown[33m>[39m) {
    [31m[1m>[22m[39m[90m 51 |[39m     [36mif[39m (shouldLog([32m'error'[39m)) console[33m.[39merror(formatMessage([32m'error'[39m[33m,[39m message[33m,[39m meta))[33m;[39m
     [90m    |[39m                                     [31m[1m^[22m[39m
     [90m 52 |[39m   }[33m,[39m
     [90m 53 |[39m }[33m;[39m
     [90m 54 |[39m[0m

      at Object.error (server/logger.ts:51:37)
      at ServerResponse.<anonymous> (server/middleware/requestLogger.ts:45:14)

  console.info
    {"timestamp":"2026-04-26T18:19:23.132Z","level":"info","message":"request","requestId":"344a2de9-9193-44df-9478-6a86c6c4228a","method":"GET","path":"/api/customer-payments/1","status":200,"duration":"4ms","ip":"::ffff:127.0.0.1","userId":1,"companyId":1,"branchId":1}

      at Object.info (server/logger.ts:45:36)

  console.warn
    {"timestamp":"2026-04-26T18:19:23.155Z","level":"warn","message":"request","requestId":"90f07f4a-7154-426b-8071-eed31ea9486b","method":"GET","path":"/api/customer-payments/999","status":404,"duration":"3ms","ip":"::ffff:127.0.0.1","userId":1,"companyId":1,"branchId":1}

    [0m [90m 46 |[39m   }[33m,[39m
     [90m 47 |[39m   warn(message[33m:[39m string[33m,[39m meta[33m?[39m[33m:[39m [33mRecord[39m[33m<[39m[33mstring[39m[33m,[39m unknown[33m>[39m) {
    [31m[1m>[22m[39m[90m 48 |[39m     [36mif[39m (shouldLog([32m'warn'[39m)) console[33m.[39mwarn(formatMessage([32m'warn'[39m[33m,[39m message[33m,[39m meta))[33m;[39m
     [90m    |[39m                                    [31m[1m^[22m[39m
     [90m 49 |[39m   }[33m,[39m
     [90m 50 |[39m   error(message[33m:[39m string[33m,[39m meta[33m?[39m[33m:[39m [33mRecord[39m[33m<[39m[33mstring[39m[33m,[39m unknown[33m>[39m) {
     [90m 51 |[39m     [36mif[39m (shouldLog([32m'error'[39m)) console[33m.[39merror(formatMessage([32m'error'[39m[33m,[39m message[33m,[39m meta))[33m;[39m[0m

      at Object.warn (server/logger.ts:48:36)
      at ServerResponse.<anonymous> (server/middleware/requestLogger.ts:47:14)

  console.info
    {"timestamp":"2026-04-26T18:19:23.216Z","level":"info","message":"request","requestId":"785c4944-f18f-4a45-912c-7ce6651a046b","method":"POST","path":"/api/customer-payments","status":201,"duration":"37ms","ip":"::ffff:127.0.0.1","userId":1,"companyId":1,"branchId":1}

      at Object.info (server/logger.ts:45:36)

  console.info
    {"timestamp":"2026-04-26T18:19:23.240Z","level":"info","message":"request","requestId":"116d9cf7-1b8b-4aae-95d7-ec76c7fb7dfc","method":"POST","path":"/api/customer-payments","status":201,"duration":"4ms","ip":"::ffff:127.0.0.1","userId":1,"companyId":1,"branchId":1}

      at Object.info (server/logger.ts:45:36)

  console.info
    {"timestamp":"2026-04-26T18:19:23.264Z","level":"info","message":"request","requestId":"6c24d2e2-46e9-4345-b443-95bd46fbafdd","method":"POST","path":"/api/customer-payments","status":201,"duration":"4ms","ip":"::ffff:127.0.0.1","userId":1,"companyId":1,"branchId":1}

      at Object.info (server/logger.ts:45:36)

  console.info
    {"timestamp":"2026-04-26T18:19:23.291Z","level":"info","message":"request","requestId":"ba59b18d-9350-409b-ab9d-3021cec669de","method":"POST","path":"/api/customer-payments","status":201,"duration":"5ms","ip":"::ffff:127.0.0.1","userId":1,"companyId":1,"branchId":1}

      at Object.info (server/logger.ts:45:36)

  console.warn
    {"timestamp":"2026-04-26T18:19:23.318Z","level":"warn","message":"request","requestId":"23e95d71-9b72-4896-b2f8-ceac724b425c","method":"POST","path":"/api/customer-payments","status":400,"duration":"3ms","ip":"::ffff:127.0.0.1","userId":1,"companyId":1,"branchId":1}

    [0m [90m 46 |[39m   }[33m,[39m
     [90m 47 |[39m   warn(message[33m:[39m string[33m,[39m meta[33m?[39m[33m:[39m [33mRecord[39m[33m<[39m[33mstring[39m[33m,[39m unknown[33m>[39m) {
    [31m[1m>[22m[39m[90m 48 |[39m     [36mif[39m (shouldLog([32m'warn'[39m)) console[33m.[39mwarn(formatMessage([32m'warn'[39m[33m,[39m message[33m,[39m meta))[33m;[39m
     [90m    |[39m                                    [31m[1m^[22m[39m
     [90m 49 |[39m   }[33m,[39m
     [90m 50 |[39m   error(message[33m:[39m string[33m,[39m meta[33m?[39m[33m:[39m [33mRecord[39m[33m<[39m[33mstring[39m[33m,[39m unknown[33m>[39m) {
     [90m 51 |[39m     [36mif[39m (shouldLog([32m'error'[39m)) console[33m.[39merror(formatMessage([32m'error'[39m[33m,[39m message[33m,[39m meta))[33m;[39m[0m

      at Object.warn (server/logger.ts:48:36)
      at ServerResponse.<anonymous> (server/middleware/requestLogger.ts:47:14)

  console.warn
    {"timestamp":"2026-04-26T18:19:23.353Z","level":"warn","message":"request","requestId":"8a584c3e-ac48-4e2d-8d02-be9a51b967a6","method":"POST","path":"/api/customer-payments","status":400,"duration":"3ms","ip":"::ffff:127.0.0.1","userId":1,"companyId":1,"branchId":1}

    [0m [90m 46 |[39m   }[33m,[39m
     [90m 47 |[39m   warn(message[33m:[39m string[33m,[39m meta[33m?[39m[33m:[39m [33mRecord[39m[33m<[39m[33mstring[39m[33m,[39m unknown[33m>[39m) {
    [31m[1m>[22m[39m[90m 48 |[39m     [36mif[39m (shouldLog([32m'warn'[39m)) console[33m.[39mwarn(formatMessage([32m'warn'[39m[33m,[39m message[33m,[39m meta))[33m;[39m
     [90m    |[39m                                    [31m[1m^[22m[39m
     [90m 49 |[39m   }[33m,[39m
     [90m 50 |[39m   error(message[33m:[39m string[33m,[39m meta[33m?[39m[33m:[39m [33mRecord[39m[33m<[39m[33mstring[39m[33m,[39m unknown[33m>[39m) {
     [90m 51 |[39m     [36mif[39m (shouldLog([32m'error'[39m)) console[33m.[39merror(formatMessage([32m'error'[39m[33m,[39m message[33m,[39m meta))[33m;[39m[0m

      at Object.warn (server/logger.ts:48:36)
      at ServerResponse.<anonymous> (server/middleware/requestLogger.ts:47:14)

  console.warn
    {"timestamp":"2026-04-26T18:19:23.388Z","level":"warn","message":"request","requestId":"116474f1-21da-48ab-b127-74a0b10228ea","method":"POST","path":"/api/customer-payments","status":400,"duration":"3ms","ip":"::ffff:127.0.0.1","userId":1,"companyId":1,"branchId":1}

    [0m [90m 46 |[39m   }[33m,[39m
     [90m 47 |[39m   warn(message[33m:[39m string[33m,[39m meta[33m?[39m[33m:[39m [33mRecord[39m[33m<[39m[33mstring[39m[33m,[39m unknown[33m>[39m) {
    [31m[1m>[22m[39m[90m 48 |[39m     [36mif[39m (shouldLog([32m'warn'[39m)) console[33m.[39mwarn(formatMessage([32m'warn'[39m[33m,[39m message[33m,[39m meta))[33m;[39m
     [90m    |[39m                                    [31m[1m^[22m[39m
     [90m 49 |[39m   }[33m,[39m
     [90m 50 |[39m   error(message[33m:[39m string[33m,[39m meta[33m?[39m[33m:[39m [33mRecord[39m[33m<[39m[33mstring[39m[33m,[39m unknown[33m>[39m) {
     [90m 51 |[39m     [36mif[39m (shouldLog([32m'error'[39m)) console[33m.[39merror(formatMessage([32m'error'[39m[33m,[39m message[33m,[39m meta))[33m;[39m[0m

      at Object.warn (server/logger.ts:48:36)
      at ServerResponse.<anonymous> (server/middleware/requestLogger.ts:47:14)

  console.warn
    {"timestamp":"2026-04-26T18:19:23.421Z","level":"warn","message":"request","requestId":"b7e4e325-4fd8-4340-91e5-ec6da5297778","method":"POST","path":"/api/customer-payments","status":400,"duration":"3ms","ip":"::ffff:127.0.0.1","userId":1,"companyId":1,"branchId":1}

    [0m [90m 46 |[39m   }[33m,[39m
     [90m 47 |[39m   warn(message[33m:[39m string[33m,[39m meta[33m?[39m[33m:[39m [33mRecord[39m[33m<[39m[33mstring[39m[33m,[39m unknown[33m>[39m) {
    [31m[1m>[22m[39m[90m 48 |[39m     [36mif[39m (shouldLog([32m'warn'[39m)) console[33m.[39mwarn(formatMessage([32m'warn'[39m[33m,[39m message[33m,[39m meta))[33m;[39m
     [90m    |[39m                                    [31m[1m^[22m[39m
     [90m 49 |[39m   }[33m,[39m
     [90m 50 |[39m   error(message[33m:[39m string[33m,[39m meta[33m?[39m[33m:[39m [33mRecord[39m[33m<[39m[33mstring[39m[33m,[39m unknown[33m>[39m) {
     [90m 51 |[39m     [36mif[39m (shouldLog([32m'error'[39m)) console[33m.[39merror(formatMessage([32m'error'[39m[33m,[39m message[33m,[39m meta))[33m;[39m[0m

      at Object.warn (server/logger.ts:48:36)
      at ServerResponse.<anonymous> (server/middleware/requestLogger.ts:47:14)

  console.error
    Error creating customer payment: Error: Account not found
        at C:\Swarnite\server\routes\customerPayments.ts:481:27
        at processTicksAndRejections (node:internal/process/task_queues:104:5)
        at C:\Swarnite\server\routes\customerPayments.ts:453:21

    [0m [90m 538 |[39m     res[33m.[39mstatus([35m201[39m)[33m.[39mjson(fullPayment)[33m;[39m
     [90m 539 |[39m   } [36mcatch[39m (error[33m:[39m any) {
    [31m[1m>[22m[39m[90m 540 |[39m     console[33m.[39merror([32m'Error creating customer payment:'[39m[33m,[39m error)[33m;[39m
     [90m     |[39m             [31m[1m^[22m[39m
     [90m 541 |[39m     [36mif[39m (error[33m.[39mmessage [33m===[39m [32m'Account not found'[39m) {
     [90m 542 |[39m       [36mreturn[39m res[33m.[39mstatus([35m404[39m)[33m.[39mjson({ error[33m:[39m [32m'Account not found'[39m })[33m;[39m
     [90m 543 |[39m     }[0m

      at server/routes/customerPayments.ts:540:13

  console.warn
    {"timestamp":"2026-04-26T18:19:23.496Z","level":"warn","message":"request","requestId":"359fd233-9255-4c67-b50c-c6f3cfc66dca","method":"POST","path":"/api/customer-payments","status":404,"duration":"50ms","ip":"::ffff:127.0.0.1","userId":1,"companyId":1,"branchId":1}

    [0m [90m 46 |[39m   }[33m,[39m
     [90m 47 |[39m   warn(message[33m:[39m string[33m,[39m meta[33m?[39m[33m:[39m [33mRecord[39m[33m<[39m[33mstring[39m[33m,[39m unknown[33m>[39m) {
    [31m[1m>[22m[39m[90m 48 |[39m     [36mif[39m (shouldLog([32m'warn'[39m)) console[33m.[39mwarn(formatMessage([32m'warn'[39m[33m,[39m message[33m,[39m meta))[33m;[39m
     [90m    |[39m                                    [31m[1m^[22m[39m
     [90m 49 |[39m   }[33m,[39m
     [90m 50 |[39m   error(message[33m:[39m string[33m,[39m meta[33m?[39m[33m:[39m [33mRecord[39m[33m<[39m[33mstring[39m[33m,[39m unknown[33m>[39m) {
     [90m 51 |[39m     [36mif[39m (shouldLog([32m'error'[39m)) console[33m.[39merror(formatMessage([32m'error'[39m[33m,[39m message[33m,[39m meta))[33m;[39m[0m

      at Object.warn (server/logger.ts:48:36)
      at ServerResponse.<anonymous> (server/middleware/requestLogger.ts:47:14)

  console.info
    {"timestamp":"2026-04-26T18:19:23.527Z","level":"info","message":"request","requestId":"6217dd63-6012-4221-9d38-14c0b476d282","method":"POST","path":"/api/customer-payments","status":201,"duration":"3ms","ip":"::ffff:127.0.0.1","userId":1,"companyId":1,"branchId":1}

      at Object.info (server/logger.ts:45:36)

  console.info
    {"timestamp":"2026-04-26T18:19:23.553Z","level":"info","message":"request","requestId":"7dd682c3-3af0-4ef4-9591-92fd643d9fad","method":"POST","path":"/api/customer-payments","status":201,"duration":"4ms","ip":"::ffff:127.0.0.1","userId":1,"companyId":1,"branchId":1}

      at Object.info (server/logger.ts:45:36)

  console.info
    {"timestamp":"2026-04-26T18:19:23.582Z","level":"info","message":"request","requestId":"cd1d5f19-1c49-4d48-9375-7ae037c7b3ea","method":"POST","path":"/api/customer-payments","status":201,"duration":"7ms","ip":"::ffff:127.0.0.1","userId":1,"companyId":1,"branchId":1}

      at Object.info (server/logger.ts:45:36)

  console.info
    {"timestamp":"2026-04-26T18:19:23.609Z","level":"info","message":"request","requestId":"1bbed457-6bf9-4cac-ac92-2f0045805b51","method":"POST","path":"/api/customer-payments","status":201,"duration":"3ms","ip":"::ffff:127.0.0.1","userId":1,"companyId":1,"branchId":1}

      at Object.info (server/logger.ts:45:36)

  console.info
    {"timestamp":"2026-04-26T18:19:23.635Z","level":"info","message":"request","requestId":"7761ae30-4e6b-4f27-8ead-12a280f33c5c","method":"DELETE","path":"/api/customer-payments/1","status":200,"duration":"4ms","ip":"::ffff:127.0.0.1","userId":1,"companyId":1,"branchId":1}

      at Object.info (server/logger.ts:45:36)

  console.warn
    {"timestamp":"2026-04-26T18:19:23.657Z","level":"warn","message":"request","requestId":"f63f1fc4-cde0-4da8-a803-746c55350b01","method":"DELETE","path":"/api/customer-payments/999","status":404,"duration":"4ms","ip":"::ffff:127.0.0.1","userId":1,"companyId":1,"branchId":1}

    [0m [90m 46 |[39m   }[33m,[39m
     [90m 47 |[39m   warn(message[33m:[39m string[33m,[39m meta[33m?[39m[33m:[39m [33mRecord[39m[33m<[39m[33mstring[39m[33m,[39m unknown[33m>[39m) {
    [31m[1m>[22m[39m[90m 48 |[39m     [36mif[39m (shouldLog([32m'warn'[39m)) console[33m.[39mwarn(formatMessage([32m'warn'[39m[33m,[39m message[33m,[39m meta))[33m;[39m
     [90m    |[39m                                    [31m[1m^[22m[39m
     [90m 49 |[39m   }[33m,[39m
     [90m 50 |[39m   error(message[33m:[39m string[33m,[39m meta[33m?[39m[33m:[39m [33mRecord[39m[33m<[39m[33mstring[39m[33m,[39m unknown[33m>[39m) {
     [90m 51 |[39m     [36mif[39m (shouldLog([32m'error'[39m)) console[33m.[39merror(formatMessage([32m'error'[39m[33m,[39m message[33m,[39m meta))[33m;[39m[0m

      at Object.warn (server/logger.ts:48:36)
      at ServerResponse.<anonymous> (server/middleware/requestLogger.ts:47:14)

  console.warn
    {"timestamp":"2026-04-26T18:19:23.687Z","level":"warn","message":"request","requestId":"cc370a2d-f4aa-4e3d-a804-917f8b1b5103","method":"DELETE","path":"/api/customer-payments/3","status":400,"duration":"3ms","ip":"::ffff:127.0.0.1","userId":1,"companyId":1,"branchId":1}

    [0m [90m 46 |[39m   }[33m,[39m
     [90m 47 |[39m   warn(message[33m:[39m string[33m,[39m meta[33m?[39m[33m:[39m [33mRecord[39m[33m<[39m[33mstring[39m[33m,[39m unknown[33m>[39m) {
    [31m[1m>[22m[39m[90m 48 |[39m     [36mif[39m (shouldLog([32m'warn'[39m)) console[33m.[39mwarn(formatMessage([32m'warn'[39m[33m,[39m message[33m,[39m meta))[33m;[39m
     [90m    |[39m                                    [31m[1m^[22m[39m
     [90m 49 |[39m   }[33m,[39m
     [90m 50 |[39m   error(message[33m:[39m string[33m,[39m meta[33m?[39m[33m:[39m [33mRecord[39m[33m<[39m[33mstring[39m[33m,[39m unknown[33m>[39m) {
     [90m 51 |[39m     [36mif[39m (shouldLog([32m'error'[39m)) console[33m.[39merror(formatMessage([32m'error'[39m[33m,[39m message[33m,[39m meta))[33m;[39m[0m

      at Object.warn (server/logger.ts:48:36)
      at ServerResponse.<anonymous> (server/middleware/requestLogger.ts:47:14)

  console.info
    {"timestamp":"2026-04-26T18:19:23.718Z","level":"info","message":"request","requestId":"8310c199-5491-484b-875d-c7cbfa8b1e1c","method":"DELETE","path":"/api/customer-payments/1","status":200,"duration":"4ms","ip":"::ffff:127.0.0.1","userId":1,"companyId":1,"branchId":1}

      at Object.info (server/logger.ts:45:36)

  console.info
    {"timestamp":"2026-04-26T18:19:23.825Z","level":"info","message":"request","requestId":"0e3c0d05-5ca7-415c-a99f-60efc43af2a1","method":"GET","path":"/api/customer-payments/balance/10","status":200,"duration":"84ms","ip":"::ffff:127.0.0.1","userId":1,"companyId":1,"branchId":1}

      at Object.info (server/logger.ts:45:36)

  console.info
    {"timestamp":"2026-04-26T18:19:23.853Z","level":"info","message":"request","requestId":"44eaeca0-7254-4325-b4f6-1246a972e978","method":"GET","path":"/api/customer-payments/balance/10","status":200,"duration":"3ms","ip":"::ffff:127.0.0.1","userId":1,"companyId":1,"branchId":1}

      at Object.info (server/logger.ts:45:36)

  console.info
    {"timestamp":"2026-04-26T18:19:23.878Z","level":"info","message":"request","requestId":"8ee97f2c-e76b-424a-afd1-07e8129e1719","method":"GET","path":"/api/customer-payments/balance/10","status":200,"duration":"3ms","ip":"::ffff:127.0.0.1","userId":1,"companyId":1,"branchId":1}

      at Object.info (server/logger.ts:45:36)

  console.warn
    {"timestamp":"2026-04-26T18:19:23.902Z","level":"warn","message":"request","requestId":"bf061f66-3d8f-4a2e-a965-5c5141e75e76","method":"GET","path":"/api/customer-payments/balance/999","status":404,"duration":"3ms","ip":"::ffff:127.0.0.1","userId":1,"companyId":1,"branchId":1}

    [0m [90m 46 |[39m   }[33m,[39m
     [90m 47 |[39m   warn(message[33m:[39m string[33m,[39m meta[33m?[39m[33m:[39m [33mRecord[39m[33m<[39m[33mstring[39m[33m,[39m unknown[33m>[39m) {
    [31m[1m>[22m[39m[90m 48 |[39m     [36mif[39m (shouldLog([32m'warn'[39m)) console[33m.[39mwarn(formatMessage([32m'warn'[39m[33m,[39m message[33m,[39m meta))[33m;[39m
     [90m    |[39m                                    [31m[1m^[22m[39m
     [90m 49 |[39m   }[33m,[39m
     [90m 50 |[39m   error(message[33m:[39m string[33m,[39m meta[33m?[39m[33m:[39m [33mRecord[39m[33m<[39m[33mstring[39m[33m,[39m unknown[33m>[39m) {
     [90m 51 |[39m     [36mif[39m (shouldLog([32m'error'[39m)) console[33m.[39merror(formatMessage([32m'error'[39m[33m,[39m message[33m,[39m meta))[33m;[39m[0m

      at Object.warn (server/logger.ts:48:36)
      at ServerResponse.<anonymous> (server/middleware/requestLogger.ts:47:14)

  console.info
    {"timestamp":"2026-04-26T18:19:23.929Z","level":"info","message":"request","requestId":"0ae4f5fd-f88a-419b-a04a-9f178a47775d","method":"GET","path":"/api/customer-payments/balance/10?dateFrom=2026-03-01&dateTo=2026-03-31","status":200,"duration":"2ms","ip":"::ffff:127.0.0.1","userId":1,"companyId":1,"branchId":1}

      at Object.info (server/logger.ts:45:36)

  console.info
    {"timestamp":"2026-04-26T18:19:23.952Z","level":"info","message":"request","requestId":"c4370929-3944-40ff-8f1f-a50edd2e7b79","method":"GET","path":"/api/customer-payments/balance/10","status":200,"duration":"3ms","ip":"::ffff:127.0.0.1","userId":1,"companyId":1,"branchId":1}

      at Object.info (server/logger.ts:45:36)

  console.info
    {"timestamp":"2026-04-26T18:19:23.976Z","level":"info","message":"request","requestId":"023d701f-9a32-4596-ac90-268bee06faba","method":"GET","path":"/api/customer-payments/balance/10","status":200,"duration":"3ms","ip":"::ffff:127.0.0.1","userId":1,"companyId":1,"branchId":1}

      at Object.info (server/logger.ts:45:36)

PASS tests/integration/customerPayments.test.ts
  GET /api/customer-payments
    ΓêÜ returns empty list when no payments exist from any source (58 ms)
    ΓêÜ returns customer payments with source=PAYMENT (21 ms)
    ΓêÜ returns sale payments with source=SALE (22 ms)
    ΓêÜ returns layaway payments with source=LAYAWAY (24 ms)
    ΓêÜ returns scheme installments with source=SCHEME (22 ms)
    ΓêÜ combines all 4 sources in a single response (22 ms)
    ΓêÜ filters to only SALE type when paymentType=SALE (23 ms)
    ΓêÜ filters to only LAYAWAY type (21 ms)
    ΓêÜ filters to only SCHEME type (24 ms)
    ΓêÜ filters to only ADVANCE type (standard payment) (24 ms)
    ΓêÜ filters by accountId across all sources (23 ms)
    ΓêÜ layaway payment mode maps correctly to amount fields (21 ms)
    ΓêÜ paginates unified results in-memory (20 ms)
    ΓêÜ handles server error gracefully (59 ms)
  GET /api/customer-payments/:id
    ΓêÜ returns payment by id (22 ms)
    ΓêÜ returns 404 when not found (25 ms)
  POST /api/customer-payments
    ΓêÜ creates a due payment and updates customer balance (57 ms)
    ΓêÜ creates an advance payment with multiple sources (24 ms)
    ΓêÜ creates a payment with UPI amount included in total (24 ms)
    ΓêÜ creates a payment with only UPI amount (26 ms)
    ΓêÜ rejects zero total when all payment sources are zero including UPI (31 ms)
    ΓêÜ rejects missing accountId (35 ms)
    ΓêÜ rejects zero payment amount (34 ms)
    ΓêÜ rejects invalid payment type (29 ms)
    ΓêÜ returns 404 when account not found in transaction (75 ms)
    ΓêÜ uses correct balance calculation (decrement) (26 ms)
    ΓêÜ sets balanceType to CR when balance goes negative from advance (26 ms)
    ΓêÜ creates a payment with old gold included in total (30 ms)
    ΓêÜ creates a payment with only old gold (no cash/bank/card/upi) (25 ms)
  DELETE /api/customer-payments/:id
    ΓêÜ cancels a payment and reverses balance (24 ms)
    ΓêÜ returns 404 for non-existent payment (26 ms)
    ΓêÜ returns 400 for already cancelled payment (29 ms)
    ΓêÜ sets balanceType to DR after cancellation reversal (25 ms)
  GET /api/customer-payments/balance/:accountId
    ΓêÜ returns balance history for a customer (108 ms)
    ΓêÜ includes sales as debit entries in history (26 ms)
    ΓêÜ includes advance used entries when advanceAmount > 0 (25 ms)
    ΓêÜ returns 404 when account not found (28 ms)
    ΓêÜ supports date range filtering (21 ms)
    ΓêÜ calculates running balance correctly (24 ms)
    ΓêÜ includes UPI payment in balance history entries (22 ms)

  console.info
    {"timestamp":"2026-04-26T18:19:25.801Z","level":"info","message":"request","requestId":"855718ea-9b08-469f-8599-c23fd2530d64","method":"GET","path":"/api/masters/metal-types","status":200,"duration":"6ms","ip":"::ffff:127.0.0.1","userId":1,"companyId":1,"branchId":1}

      at Object.info (server/logger.ts:45:36)

  console.info
    {"timestamp":"2026-04-26T18:19:25.833Z","level":"info","message":"request","requestId":"fb7ba3f3-9e78-4fc2-9037-a5c16cf90bd9","method":"GET","path":"/api/masters/metal-types","status":200,"duration":"3ms","ip":"::ffff:127.0.0.1","userId":1,"companyId":1,"branchId":1}

      at Object.info (server/logger.ts:45:36)

  console.info
    {"timestamp":"2026-04-26T18:19:25.908Z","level":"info","message":"request","requestId":"c994a28f-2b29-41ae-a58a-b16d818d0606","method":"POST","path":"/api/masters/metal-types","status":201,"duration":"52ms","ip":"::ffff:127.0.0.1","userId":1,"companyId":1,"branchId":1}

      at Object.info (server/logger.ts:45:36)

  console.info
    {"timestamp":"2026-04-26T18:19:25.942Z","level":"info","message":"request","requestId":"2f44518c-8e16-4f07-9d73-55c316c98164","method":"GET","path":"/api/masters/item-groups","status":200,"duration":"4ms","ip":"::ffff:127.0.0.1","userId":1,"companyId":1,"branchId":1}

      at Object.info (server/logger.ts:45:36)

  console.info
    {"timestamp":"2026-04-26T18:19:25.967Z","level":"info","message":"request","requestId":"9ad9bef7-c521-445c-b82d-92b0911f8cc3","method":"POST","path":"/api/masters/item-groups","status":201,"duration":"4ms","ip":"::ffff:127.0.0.1","userId":1,"companyId":1,"branchId":1}

      at Object.info (server/logger.ts:45:36)

  console.info
    {"timestamp":"2026-04-26T18:19:25.989Z","level":"info","message":"request","requestId":"76877ae4-f56c-411d-b3e5-3d332afa5945","method":"GET","path":"/api/masters/purities","status":200,"duration":"3ms","ip":"::ffff:127.0.0.1","userId":1,"companyId":1,"branchId":1}

      at Object.info (server/logger.ts:45:36)

  console.info
    {"timestamp":"2026-04-26T18:19:26.014Z","level":"info","message":"request","requestId":"09ca234c-8d99-4926-b298-83a311458a40","method":"POST","path":"/api/masters/purities","status":201,"duration":"3ms","ip":"::ffff:127.0.0.1","userId":1,"companyId":1,"branchId":1}

      at Object.info (server/logger.ts:45:36)

  console.info
    {"timestamp":"2026-04-26T18:19:26.037Z","level":"info","message":"request","requestId":"38ca7817-529e-46f6-be0e-dc7c824ec6fd","method":"GET","path":"/api/masters/metal-rates","status":200,"duration":"3ms","ip":"::ffff:127.0.0.1","userId":1,"companyId":1,"branchId":1}

      at Object.info (server/logger.ts:45:36)

  console.info
    {"timestamp":"2026-04-26T18:19:26.059Z","level":"info","message":"request","requestId":"120c57be-0b5f-4cd8-9c61-cb9adb787e87","method":"GET","path":"/api/masters/metal-rates?date=2024-12-25","status":200,"duration":"2ms","ip":"::ffff:127.0.0.1","userId":1,"companyId":1,"branchId":1}

      at Object.info (server/logger.ts:45:36)

  console.info
    {"timestamp":"2026-04-26T18:19:26.084Z","level":"info","message":"request","requestId":"ecd33d90-2cec-4805-9982-2c879e28e57e","method":"GET","path":"/api/masters/metal-rates/latest","status":200,"duration":"3ms","ip":"::ffff:127.0.0.1","userId":1,"companyId":1,"branchId":1}

      at Object.info (server/logger.ts:45:36)

  console.info
    {"timestamp":"2026-04-26T18:19:26.108Z","level":"info","message":"request","requestId":"927a294c-c9f2-4179-9116-313cff211351","method":"POST","path":"/api/masters/metal-rates","status":201,"duration":"3ms","ip":"::ffff:127.0.0.1","userId":1,"companyId":1,"branchId":1}

      at Object.info (server/logger.ts:45:36)

  console.info
    {"timestamp":"2026-04-26T18:19:26.131Z","level":"info","message":"request","requestId":"53e132f7-4b89-4345-a107-e3b40c9d1277","method":"GET","path":"/api/masters/salesmen","status":200,"duration":"3ms","ip":"::ffff:127.0.0.1","userId":1,"companyId":1,"branchId":1}

      at Object.info (server/logger.ts:45:36)

  console.info
    {"timestamp":"2026-04-26T18:19:26.153Z","level":"info","message":"request","requestId":"bc63392d-4e52-4c0c-89a3-23b5ba6e6a10","method":"GET","path":"/api/masters/counters","status":200,"duration":"3ms","ip":"::ffff:127.0.0.1","userId":1,"companyId":1,"branchId":1}

      at Object.info (server/logger.ts:45:36)

  console.info
    {"timestamp":"2026-04-26T18:19:26.175Z","level":"info","message":"request","requestId":"d15dc9ee-ede0-44c1-82fa-c8cd8661e9d5","method":"GET","path":"/api/masters/counters?branchId=1","status":200,"duration":"2ms","ip":"::ffff:127.0.0.1","userId":1,"companyId":1,"branchId":1}

      at Object.info (server/logger.ts:45:36)

  console.info
    {"timestamp":"2026-04-26T18:19:26.197Z","level":"info","message":"request","requestId":"d1c3a4d6-2be4-4c62-8d40-ef539c293c9a","method":"GET","path":"/api/masters/gst-config","status":200,"duration":"3ms","ip":"::ffff:127.0.0.1","userId":1,"companyId":1,"branchId":1}

      at Object.info (server/logger.ts:45:36)

  console.info
    {"timestamp":"2026-04-26T18:19:26.219Z","level":"info","message":"request","requestId":"8e381af7-d66d-4f19-b8de-a91ee8c6957d","method":"GET","path":"/api/masters/company","status":200,"duration":"3ms","ip":"::ffff:127.0.0.1","userId":1,"companyId":1,"branchId":1}

      at Object.info (server/logger.ts:45:36)

  console.info
    {"timestamp":"2026-04-26T18:19:26.243Z","level":"info","message":"request","requestId":"89202c5d-dfcc-411c-95c8-bc24d073b547","method":"GET","path":"/api/masters/company","status":200,"duration":"3ms","ip":"::ffff:127.0.0.1","userId":1,"companyId":1,"branchId":1}

      at Object.info (server/logger.ts:45:36)

  console.info
    {"timestamp":"2026-04-26T18:19:26.266Z","level":"info","message":"request","requestId":"29aa60ce-77fb-4f66-8d04-5b16b6ce7a87","method":"POST","path":"/api/masters/company","status":200,"duration":"3ms","ip":"::ffff:127.0.0.1","userId":1,"companyId":1,"branchId":1}

      at Object.info (server/logger.ts:45:36)

  console.info
    {"timestamp":"2026-04-26T18:19:26.288Z","level":"info","message":"request","requestId":"ad182179-fd89-448f-9b8b-61429d90c488","method":"POST","path":"/api/masters/company","status":200,"duration":"2ms","ip":"::ffff:127.0.0.1","userId":1,"companyId":1,"branchId":1}

      at Object.info (server/logger.ts:45:36)

PASS tests/integration/masters.test.ts
  GET /api/masters/metal-types
    ΓêÜ returns all active metal types (39 ms)
    ΓêÜ returns empty array when no metal types (27 ms)
  POST /api/masters/metal-types
    ΓêÜ creates a new metal type (78 ms)
  GET /api/masters/item-groups
    ΓêÜ returns all active item groups with metal type (27 ms)
  POST /api/masters/item-groups
    ΓêÜ creates a new item group (24 ms)
  GET /api/masters/purities
    ΓêÜ returns all active purities (23 ms)
  POST /api/masters/purities
    ΓêÜ creates a new purity (23 ms)
  GET /api/masters/metal-rates
    ΓêÜ returns metal rates (20 ms)
    ΓêÜ filters by date when query param provided (23 ms)
  GET /api/masters/metal-rates/latest
    ΓêÜ returns latest rates per metal/purity combo (23 ms)
  POST /api/masters/metal-rates
    ΓêÜ creates a new metal rate (23 ms)
  GET /api/masters/salesmen
    ΓêÜ returns all active salesmen (20 ms)
  GET /api/masters/counters
    ΓêÜ returns all active counters (22 ms)
    ΓêÜ filters counters by branchId (23 ms)
  GET /api/masters/gst-config
    ΓêÜ returns active GST configurations (20 ms)
  GET /api/masters/company
    ΓêÜ returns the company info (22 ms)
    ΓêÜ returns null when no company exists (22 ms)
  POST /api/masters/company
    ΓêÜ creates a new company if none exists (21 ms)
    ΓêÜ updates existing company (26 ms)

  console.info
    {"timestamp":"2026-04-26T18:19:27.974Z","level":"info","message":"request","requestId":"08bd5f79-e9c3-4a90-a81a-e78f26cb0771","method":"GET","path":"/api/reports/daily-sales?dateFrom=2026-03-12&dateTo=2026-03-12","status":200,"duration":"24ms","ip":"::ffff:127.0.0.1","userId":1,"companyId":1,"branchId":1}

      at Object.info (server/logger.ts:45:36)

  console.info
    {"timestamp":"2026-04-26T18:19:28.002Z","level":"info","message":"request","requestId":"77444495-eab6-4256-8d0e-673962e84366","method":"GET","path":"/api/reports/daily-sales?dateFrom=2026-03-12&dateTo=2026-03-12","status":200,"duration":"3ms","ip":"::ffff:127.0.0.1","userId":1,"companyId":1,"branchId":1}

      at Object.info (server/logger.ts:45:36)

  console.info
    {"timestamp":"2026-04-26T18:19:28.028Z","level":"info","message":"request","requestId":"d53b99b4-e387-4525-a604-e953cce2080b","method":"GET","path":"/api/reports/daily-sales?dateFrom=2026-03-12&dateTo=2026-03-12","status":200,"duration":"5ms","ip":"::ffff:127.0.0.1","userId":1,"companyId":1,"branchId":1}

      at Object.info (server/logger.ts:45:36)

  console.info
    {"timestamp":"2026-04-26T18:19:28.053Z","level":"info","message":"request","requestId":"8dee5be6-6a83-4d45-b6fe-339040a848de","method":"GET","path":"/api/reports/daily-sales?dateFrom=2026-03-12&dateTo=2026-03-12","status":200,"duration":"3ms","ip":"::ffff:127.0.0.1","userId":1,"companyId":1,"branchId":1}

      at Object.info (server/logger.ts:45:36)

  console.info
    {"timestamp":"2026-04-26T18:19:28.076Z","level":"info","message":"request","requestId":"78725ebc-cbd8-4b91-b709-cc6f5e775d55","method":"GET","path":"/api/reports/daily-sales?dateFrom=2026-03-12&dateTo=2026-03-12","status":200,"duration":"3ms","ip":"::ffff:127.0.0.1","userId":1,"companyId":1,"branchId":1}

      at Object.info (server/logger.ts:45:36)

  console.info
    {"timestamp":"2026-04-26T18:19:28.098Z","level":"info","message":"request","requestId":"76d4e8c3-0aa3-4632-82bf-88e9a21e02eb","method":"GET","path":"/api/reports/daily-sales?dateFrom=2026-03-12&dateTo=2026-03-12","status":200,"duration":"3ms","ip":"::ffff:127.0.0.1","userId":1,"companyId":1,"branchId":1}

      at Object.info (server/logger.ts:45:36)

  console.info
    {"timestamp":"2026-04-26T18:19:28.122Z","level":"info","message":"request","requestId":"2ef9514f-6023-4d81-802c-6a163d782be2","method":"GET","path":"/api/reports/daily-sales?dateFrom=2026-03-12&dateTo=2026-03-12","status":200,"duration":"5ms","ip":"::ffff:127.0.0.1","userId":1,"companyId":1,"branchId":1}

      at Object.info (server/logger.ts:45:36)

  console.info
    {"timestamp":"2026-04-26T18:19:28.146Z","level":"info","message":"request","requestId":"801a8da4-c09e-46c6-9c1d-e850a4ba8afa","method":"GET","path":"/api/reports/daily-sales?dateFrom=2026-03-12&dateTo=2026-03-12","status":200,"duration":"3ms","ip":"::ffff:127.0.0.1","userId":1,"companyId":1,"branchId":1}

      at Object.info (server/logger.ts:45:36)

  console.info
    {"timestamp":"2026-04-26T18:19:28.166Z","level":"info","message":"request","requestId":"4658157b-c425-46da-a3db-c7bdb5d825ad","method":"GET","path":"/api/reports/daily-sales?dateFrom=2026-03-12&dateTo=2026-03-12&groupBy=salesman","status":200,"duration":"2ms","ip":"::ffff:127.0.0.1","userId":1,"companyId":1,"branchId":1}

      at Object.info (server/logger.ts:45:36)

  console.info
    {"timestamp":"2026-04-26T18:19:28.188Z","level":"info","message":"request","requestId":"c7dd7826-8b59-4bcf-8336-9bc760229095","method":"GET","path":"/api/reports/daily-sales?dateFrom=2026-03-12&dateTo=2026-03-12","status":200,"duration":"3ms","ip":"::ffff:127.0.0.1","userId":1,"companyId":1,"branchId":1}

      at Object.info (server/logger.ts:45:36)

  console.info
    {"timestamp":"2026-04-26T18:19:28.210Z","level":"info","message":"request","requestId":"2f8a9a27-aa89-41ad-9dba-34f9fa400d73","method":"GET","path":"/api/reports/daily-sales?dateFrom=2026-03-12&dateTo=2026-03-12&branchId=5","status":200,"duration":"2ms","ip":"::ffff:127.0.0.1","userId":1,"companyId":1,"branchId":1}

      at Object.info (server/logger.ts:45:36)

  console.info
    {"timestamp":"2026-04-26T18:19:28.231Z","level":"info","message":"request","requestId":"675930d0-6281-49d9-8f8c-90269f48f6e2","method":"GET","path":"/api/reports/branches","status":200,"duration":"3ms","ip":"::ffff:127.0.0.1","userId":1,"companyId":1,"branchId":1}

      at Object.info (server/logger.ts:45:36)

  console.info
    {"timestamp":"2026-04-26T18:19:28.285Z","level":"info","message":"request","requestId":"2a8dc133-fb0a-4f73-bae0-85e583bbbd68","method":"GET","path":"/api/reports/item-wise-sales?dateFrom=2026-03-01&dateTo=2026-03-31","status":200,"duration":"4ms","ip":"::ffff:127.0.0.1","userId":1,"companyId":1,"branchId":1}

      at Object.info (server/logger.ts:45:36)

  console.info
    {"timestamp":"2026-04-26T18:19:28.313Z","level":"info","message":"request","requestId":"0c1d2de1-3dcb-4e14-8286-73d2fb6a45a8","method":"GET","path":"/api/reports/item-wise-sales?dateFrom=2026-03-01&dateTo=2026-03-31","status":200,"duration":"4ms","ip":"::ffff:127.0.0.1","userId":1,"companyId":1,"branchId":1}

      at Object.info (server/logger.ts:45:36)

  console.info
    {"timestamp":"2026-04-26T18:19:28.337Z","level":"info","message":"request","requestId":"0761f90e-143c-4f7f-b8f0-95dd1ce7129e","method":"GET","path":"/api/reports/item-wise-sales?dateFrom=2026-03-01&dateTo=2026-03-31&groupBy=category","status":200,"duration":"2ms","ip":"::ffff:127.0.0.1","userId":1,"companyId":1,"branchId":1}

      at Object.info (server/logger.ts:45:36)

  console.info
    {"timestamp":"2026-04-26T18:19:28.360Z","level":"info","message":"request","requestId":"6c23e22d-b2cc-4f63-9abf-c7b37cb2c4d4","method":"GET","path":"/api/reports/item-wise-sales?dateFrom=2026-03-01&dateTo=2026-03-31&groupBy=metal","status":200,"duration":"2ms","ip":"::ffff:127.0.0.1","userId":1,"companyId":1,"branchId":1}

      at Object.info (server/logger.ts:45:36)

  console.info
    {"timestamp":"2026-04-26T18:19:28.383Z","level":"info","message":"request","requestId":"3f09fe24-fe6a-44b5-b82a-dac819d9e4c0","method":"GET","path":"/api/reports/item-wise-sales?dateFrom=2026-03-01&dateTo=2026-03-31&groupBy=salesman","status":200,"duration":"2ms","ip":"::ffff:127.0.0.1","userId":1,"companyId":1,"branchId":1}

      at Object.info (server/logger.ts:45:36)

  console.info
    {"timestamp":"2026-04-26T18:19:28.409Z","level":"info","message":"request","requestId":"9b0965c7-3454-4a31-9e08-4a42aa151bcb","method":"GET","path":"/api/reports/item-wise-sales?dateFrom=2026-03-01&dateTo=2026-03-31","status":200,"duration":"2ms","ip":"::ffff:127.0.0.1","userId":1,"companyId":1,"branchId":1}

      at Object.info (server/logger.ts:45:36)

  console.info
    {"timestamp":"2026-04-26T18:19:28.434Z","level":"info","message":"request","requestId":"b00de717-481a-4716-947d-9cc409137e37","method":"GET","path":"/api/reports/item-wise-sales?dateFrom=2026-03-01&dateTo=2026-03-31","status":200,"duration":"2ms","ip":"::ffff:127.0.0.1","userId":1,"companyId":1,"branchId":1}

      at Object.info (server/logger.ts:45:36)

  console.info
    {"timestamp":"2026-04-26T18:19:28.457Z","level":"info","message":"request","requestId":"fa100e91-b357-4527-abf5-59f2d3f7c041","method":"GET","path":"/api/reports/item-wise-sales?dateFrom=2026-03-01&dateTo=2026-03-31","status":200,"duration":"2ms","ip":"::ffff:127.0.0.1","userId":1,"companyId":1,"branchId":1}

      at Object.info (server/logger.ts:45:36)

  console.info
    {"timestamp":"2026-04-26T18:19:28.477Z","level":"info","message":"request","requestId":"eb61216d-0bb1-4836-a85f-b02d814ba396","method":"GET","path":"/api/reports/item-wise-sales?dateFrom=2026-03-01&dateTo=2026-03-31&branchId=3","status":200,"duration":"2ms","ip":"::ffff:127.0.0.1","userId":1,"companyId":1,"branchId":1}

      at Object.info (server/logger.ts:45:36)

  console.error
    {"timestamp":"2026-04-26T18:19:28.500Z","level":"error","message":"request","requestId":"4c268742-907d-45e4-be80-89fea78d0479","method":"GET","path":"/api/reports/item-wise-sales?dateFrom=2026-03-01&dateTo=2026-03-31","status":500,"duration":"3ms","ip":"::ffff:127.0.0.1","userId":1,"companyId":1,"branchId":1}

    [0m [90m 49 |[39m   }[33m,[39m
     [90m 50 |[39m   error(message[33m:[39m string[33m,[39m meta[33m?[39m[33m:[39m [33mRecord[39m[33m<[39m[33mstring[39m[33m,[39m unknown[33m>[39m) {
    [31m[1m>[22m[39m[90m 51 |[39m     [36mif[39m (shouldLog([32m'error'[39m)) console[33m.[39merror(formatMessage([32m'error'[39m[33m,[39m message[33m,[39m meta))[33m;[39m
     [90m    |[39m                                     [31m[1m^[22m[39m
     [90m 52 |[39m   }[33m,[39m
     [90m 53 |[39m }[33m;[39m
     [90m 54 |[39m[0m

      at Object.error (server/logger.ts:51:37)
      at ServerResponse.<anonymous> (server/middleware/requestLogger.ts:45:14)

PASS tests/integration/reports.test.ts
  GET /api/reports/daily-sales
    ΓêÜ fully paid cash sale ΓÇö all amount in cashAmount (57 ms)
    ΓêÜ fully paid card sale ΓÇö all amount in cardAmount (24 ms)
    ΓêÜ split payment cash + bank (25 ms)
    ΓêÜ partial payment with due (26 ms)
    ΓêÜ cancelled vouchers are excluded (21 ms)
    ΓêÜ cancelled vouchers not returned when DB filters correctly (23 ms)
    ΓêÜ aggregates multiple vouchers on the same date (23 ms)
    ΓêÜ UPI and old gold amounts are aggregated (22 ms)
    ΓêÜ groups by salesman when groupBy=salesman (22 ms)
    ΓêÜ returns empty rows and zero summary when no data (21 ms)
    ΓêÜ applies branchId filter when provided (21 ms)
  GET /api/reports/branches
    ΓêÜ returns list of branches for master user (21 ms)
  GET /api/reports/item-wise-sales
    ΓêÜ returns empty rows when no sales items (54 ms)
    ΓêÜ aggregates items by name (default grouping) (27 ms)
    ΓêÜ groups by category when groupBy=category (22 ms)
    ΓêÜ groups by metal when groupBy=metal (22 ms)
    ΓêÜ groups by salesman when groupBy=salesman (24 ms)
    ΓêÜ includes making charge percentage in response (22 ms)
    ΓêÜ returns dead stock items (in stock with zero sales) (26 ms)
    ΓêÜ excludes sold item types from dead stock (21 ms)
    ΓêÜ applies branchId filter (20 ms)
    ΓêÜ handles server error gracefully (26 ms)

  console.warn
    {"timestamp":"2026-04-26T18:19:30.170Z","level":"warn","message":"request","requestId":"a3d31670-b485-4756-9824-6b4044ff1e99","method":"GET","path":"/api/stock-requests/browse","status":400,"duration":"6ms","ip":"::ffff:127.0.0.1","userId":1,"companyId":1,"branchId":1}

    [0m [90m 46 |[39m   }[33m,[39m
     [90m 47 |[39m   warn(message[33m:[39m string[33m,[39m meta[33m?[39m[33m:[39m [33mRecord[39m[33m<[39m[33mstring[39m[33m,[39m unknown[33m>[39m) {
    [31m[1m>[22m[39m[90m 48 |[39m     [36mif[39m (shouldLog([32m'warn'[39m)) console[33m.[39mwarn(formatMessage([32m'warn'[39m[33m,[39m message[33m,[39m meta))[33m;[39m
     [90m    |[39m                                    [31m[1m^[22m[39m
     [90m 49 |[39m   }[33m,[39m
     [90m 50 |[39m   error(message[33m:[39m string[33m,[39m meta[33m?[39m[33m:[39m [33mRecord[39m[33m<[39m[33mstring[39m[33m,[39m unknown[33m>[39m) {
     [90m 51 |[39m     [36mif[39m (shouldLog([32m'error'[39m)) console[33m.[39merror(formatMessage([32m'error'[39m[33m,[39m message[33m,[39m meta))[33m;[39m[0m

      at Object.warn (server/logger.ts:48:36)
      at ServerResponse.<anonymous> (server/middleware/requestLogger.ts:47:14)

  console.warn
    {"timestamp":"2026-04-26T18:19:30.203Z","level":"warn","message":"request","requestId":"527f13af-972b-4723-9805-3275d6ee0d2d","method":"GET","path":"/api/stock-requests/browse?branchId=999","status":404,"duration":"3ms","ip":"::ffff:127.0.0.1","userId":1,"companyId":1,"branchId":1}

    [0m [90m 46 |[39m   }[33m,[39m
     [90m 47 |[39m   warn(message[33m:[39m string[33m,[39m meta[33m?[39m[33m:[39m [33mRecord[39m[33m<[39m[33mstring[39m[33m,[39m unknown[33m>[39m) {
    [31m[1m>[22m[39m[90m 48 |[39m     [36mif[39m (shouldLog([32m'warn'[39m)) console[33m.[39mwarn(formatMessage([32m'warn'[39m[33m,[39m message[33m,[39m meta))[33m;[39m
     [90m    |[39m                                    [31m[1m^[22m[39m
     [90m 49 |[39m   }[33m,[39m
     [90m 50 |[39m   error(message[33m:[39m string[33m,[39m meta[33m?[39m[33m:[39m [33mRecord[39m[33m<[39m[33mstring[39m[33m,[39m unknown[33m>[39m) {
     [90m 51 |[39m     [36mif[39m (shouldLog([32m'error'[39m)) console[33m.[39merror(formatMessage([32m'error'[39m[33m,[39m message[33m,[39m meta))[33m;[39m[0m

      at Object.warn (server/logger.ts:48:36)
      at ServerResponse.<anonymous> (server/middleware/requestLogger.ts:47:14)

  console.info
    {"timestamp":"2026-04-26T18:19:30.230Z","level":"info","message":"request","requestId":"8f6064ed-d35b-4b92-82e9-963c61421347","method":"GET","path":"/api/stock-requests/browse?branchId=2","status":200,"duration":"3ms","ip":"::ffff:127.0.0.1","userId":1,"companyId":1,"branchId":1}

      at Object.info (server/logger.ts:45:36)

  console.info
    {"timestamp":"2026-04-26T18:19:30.257Z","level":"info","message":"request","requestId":"b2bae8aa-1b6c-4998-abd4-2d4f45742bfd","method":"GET","path":"/api/stock-requests/browse?branchId=2&search=ring","status":200,"duration":"3ms","ip":"::ffff:127.0.0.1","userId":1,"companyId":1,"branchId":1}

      at Object.info (server/logger.ts:45:36)

  console.info
    {"timestamp":"2026-04-26T18:19:30.281Z","level":"info","message":"request","requestId":"37456fd9-bc55-4e51-84e9-d628f0ff3d67","method":"GET","path":"/api/stock-requests?direction=outgoing","status":200,"duration":"3ms","ip":"::ffff:127.0.0.1","userId":1,"companyId":1,"branchId":1}

      at Object.info (server/logger.ts:45:36)

  console.info
    {"timestamp":"2026-04-26T18:19:30.303Z","level":"info","message":"request","requestId":"d27d586a-56c9-4b07-8994-48d86ee05b1a","method":"GET","path":"/api/stock-requests?direction=incoming","status":200,"duration":"2ms","ip":"::ffff:127.0.0.1","userId":1,"companyId":1,"branchId":1}

      at Object.info (server/logger.ts:45:36)

  console.info
    {"timestamp":"2026-04-26T18:19:30.325Z","level":"info","message":"request","requestId":"845ea3b8-3f78-4f40-a4d6-f7a9666cae38","method":"GET","path":"/api/stock-requests","status":200,"duration":"2ms","ip":"::ffff:127.0.0.1","userId":1,"companyId":1,"branchId":1}

      at Object.info (server/logger.ts:45:36)

  console.info
    {"timestamp":"2026-04-26T18:19:30.347Z","level":"info","message":"request","requestId":"c23a5ca1-ff92-4a15-be3b-436fed55e79f","method":"GET","path":"/api/stock-requests/100","status":200,"duration":"3ms","ip":"::ffff:127.0.0.1","userId":1,"companyId":1,"branchId":1}

      at Object.info (server/logger.ts:45:36)

  console.warn
    {"timestamp":"2026-04-26T18:19:30.369Z","level":"warn","message":"request","requestId":"b86d73c8-26e8-4791-b00d-44aa4d01e43b","method":"GET","path":"/api/stock-requests/999","status":404,"duration":"2ms","ip":"::ffff:127.0.0.1","userId":1,"companyId":1,"branchId":1}

    [0m [90m 46 |[39m   }[33m,[39m
     [90m 47 |[39m   warn(message[33m:[39m string[33m,[39m meta[33m?[39m[33m:[39m [33mRecord[39m[33m<[39m[33mstring[39m[33m,[39m unknown[33m>[39m) {
    [31m[1m>[22m[39m[90m 48 |[39m     [36mif[39m (shouldLog([32m'warn'[39m)) console[33m.[39mwarn(formatMessage([32m'warn'[39m[33m,[39m message[33m,[39m meta))[33m;[39m
     [90m    |[39m                                    [31m[1m^[22m[39m
     [90m 49 |[39m   }[33m,[39m
     [90m 50 |[39m   error(message[33m:[39m string[33m,[39m meta[33m?[39m[33m:[39m [33mRecord[39m[33m<[39m[33mstring[39m[33m,[39m unknown[33m>[39m) {
     [90m 51 |[39m     [36mif[39m (shouldLog([32m'error'[39m)) console[33m.[39merror(formatMessage([32m'error'[39m[33m,[39m message[33m,[39m meta))[33m;[39m[0m

      at Object.warn (server/logger.ts:48:36)
      at ServerResponse.<anonymous> (server/middleware/requestLogger.ts:47:14)

  console.warn
    {"timestamp":"2026-04-26T18:19:30.394Z","level":"warn","message":"request","requestId":"1bfe01a3-9af9-42d0-9bd1-1ce61931f4d8","method":"GET","path":"/api/stock-requests/100","status":404,"duration":"2ms","ip":"::ffff:127.0.0.1","userId":1,"companyId":1,"branchId":1}

    [0m [90m 46 |[39m   }[33m,[39m
     [90m 47 |[39m   warn(message[33m:[39m string[33m,[39m meta[33m?[39m[33m:[39m [33mRecord[39m[33m<[39m[33mstring[39m[33m,[39m unknown[33m>[39m) {
    [31m[1m>[22m[39m[90m 48 |[39m     [36mif[39m (shouldLog([32m'warn'[39m)) console[33m.[39mwarn(formatMessage([32m'warn'[39m[33m,[39m message[33m,[39m meta))[33m;[39m
     [90m    |[39m                                    [31m[1m^[22m[39m
     [90m 49 |[39m   }[33m,[39m
     [90m 50 |[39m   error(message[33m:[39m string[33m,[39m meta[33m?[39m[33m:[39m [33mRecord[39m[33m<[39m[33mstring[39m[33m,[39m unknown[33m>[39m) {
     [90m 51 |[39m     [36mif[39m (shouldLog([32m'error'[39m)) console[33m.[39merror(formatMessage([32m'error'[39m[33m,[39m message[33m,[39m meta))[33m;[39m[0m

      at Object.warn (server/logger.ts:48:36)
      at ServerResponse.<anonymous> (server/middleware/requestLogger.ts:47:14)

  console.warn
    {"timestamp":"2026-04-26T18:19:30.455Z","level":"warn","message":"request","requestId":"cfbf0867-7d91-40ce-89d7-5a444433687b","method":"POST","path":"/api/stock-requests","status":400,"duration":"38ms","ip":"::ffff:127.0.0.1","userId":1,"companyId":1,"branchId":1}

    [0m [90m 46 |[39m   }[33m,[39m
     [90m 47 |[39m   warn(message[33m:[39m string[33m,[39m meta[33m?[39m[33m:[39m [33mRecord[39m[33m<[39m[33mstring[39m[33m,[39m unknown[33m>[39m) {
    [31m[1m>[22m[39m[90m 48 |[39m     [36mif[39m (shouldLog([32m'warn'[39m)) console[33m.[39mwarn(formatMessage([32m'warn'[39m[33m,[39m message[33m,[39m meta))[33m;[39m
     [90m    |[39m                                    [31m[1m^[22m[39m
     [90m 49 |[39m   }[33m,[39m
     [90m 50 |[39m   error(message[33m:[39m string[33m,[39m meta[33m?[39m[33m:[39m [33mRecord[39m[33m<[39m[33mstring[39m[33m,[39m unknown[33m>[39m) {
     [90m 51 |[39m     [36mif[39m (shouldLog([32m'error'[39m)) console[33m.[39merror(formatMessage([32m'error'[39m[33m,[39m message[33m,[39m meta))[33m;[39m[0m

      at Object.warn (server/logger.ts:48:36)
      at ServerResponse.<anonymous> (server/middleware/requestLogger.ts:47:14)

  console.warn
    {"timestamp":"2026-04-26T18:19:30.482Z","level":"warn","message":"request","requestId":"14609028-37cb-41cc-9b3c-29ae8c1175f9","method":"POST","path":"/api/stock-requests","status":400,"duration":"3ms","ip":"::ffff:127.0.0.1","userId":1,"companyId":1,"branchId":1}

    [0m [90m 46 |[39m   }[33m,[39m
     [90m 47 |[39m   warn(message[33m:[39m string[33m,[39m meta[33m?[39m[33m:[39m [33mRecord[39m[33m<[39m[33mstring[39m[33m,[39m unknown[33m>[39m) {
    [31m[1m>[22m[39m[90m 48 |[39m     [36mif[39m (shouldLog([32m'warn'[39m)) console[33m.[39mwarn(formatMessage([32m'warn'[39m[33m,[39m message[33m,[39m meta))[33m;[39m
     [90m    |[39m                                    [31m[1m^[22m[39m
     [90m 49 |[39m   }[33m,[39m
     [90m 50 |[39m   error(message[33m:[39m string[33m,[39m meta[33m?[39m[33m:[39m [33mRecord[39m[33m<[39m[33mstring[39m[33m,[39m unknown[33m>[39m) {
     [90m 51 |[39m     [36mif[39m (shouldLog([32m'error'[39m)) console[33m.[39merror(formatMessage([32m'error'[39m[33m,[39m message[33m,[39m meta))[33m;[39m[0m

      at Object.warn (server/logger.ts:48:36)
      at ServerResponse.<anonymous> (server/middleware/requestLogger.ts:47:14)

  console.warn
    {"timestamp":"2026-04-26T18:19:30.510Z","level":"warn","message":"request","requestId":"44ea211e-e0fb-4b73-b48a-ae0822d19012","method":"POST","path":"/api/stock-requests","status":404,"duration":"3ms","ip":"::ffff:127.0.0.1","userId":1,"companyId":1,"branchId":1}

    [0m [90m 46 |[39m   }[33m,[39m
     [90m 47 |[39m   warn(message[33m:[39m string[33m,[39m meta[33m?[39m[33m:[39m [33mRecord[39m[33m<[39m[33mstring[39m[33m,[39m unknown[33m>[39m) {
    [31m[1m>[22m[39m[90m 48 |[39m     [36mif[39m (shouldLog([32m'warn'[39m)) console[33m.[39mwarn(formatMessage([32m'warn'[39m[33m,[39m message[33m,[39m meta))[33m;[39m
     [90m    |[39m                                    [31m[1m^[22m[39m
     [90m 49 |[39m   }[33m,[39m
     [90m 50 |[39m   error(message[33m:[39m string[33m,[39m meta[33m?[39m[33m:[39m [33mRecord[39m[33m<[39m[33mstring[39m[33m,[39m unknown[33m>[39m) {
     [90m 51 |[39m     [36mif[39m (shouldLog([32m'error'[39m)) console[33m.[39merror(formatMessage([32m'error'[39m[33m,[39m message[33m,[39m meta))[33m;[39m[0m

      at Object.warn (server/logger.ts:48:36)
      at ServerResponse.<anonymous> (server/middleware/requestLogger.ts:47:14)

  console.warn
    {"timestamp":"2026-04-26T18:19:30.540Z","level":"warn","message":"request","requestId":"9a7c12fd-d06a-46b9-ba82-e0fe86d1e1ed","method":"POST","path":"/api/stock-requests","status":400,"duration":"4ms","ip":"::ffff:127.0.0.1","userId":1,"companyId":1,"branchId":1}

    [0m [90m 46 |[39m   }[33m,[39m
     [90m 47 |[39m   warn(message[33m:[39m string[33m,[39m meta[33m?[39m[33m:[39m [33mRecord[39m[33m<[39m[33mstring[39m[33m,[39m unknown[33m>[39m) {
    [31m[1m>[22m[39m[90m 48 |[39m     [36mif[39m (shouldLog([32m'warn'[39m)) console[33m.[39mwarn(formatMessage([32m'warn'[39m[33m,[39m message[33m,[39m meta))[33m;[39m
     [90m    |[39m                                    [31m[1m^[22m[39m
     [90m 49 |[39m   }[33m,[39m
     [90m 50 |[39m   error(message[33m:[39m string[33m,[39m meta[33m?[39m[33m:[39m [33mRecord[39m[33m<[39m[33mstring[39m[33m,[39m unknown[33m>[39m) {
     [90m 51 |[39m     [36mif[39m (shouldLog([32m'error'[39m)) console[33m.[39merror(formatMessage([32m'error'[39m[33m,[39m message[33m,[39m meta))[33m;[39m[0m

      at Object.warn (server/logger.ts:48:36)
      at ServerResponse.<anonymous> (server/middleware/requestLogger.ts:47:14)

  console.warn
    {"timestamp":"2026-04-26T18:19:30.576Z","level":"warn","message":"request","requestId":"768a95aa-0486-4d5b-bb8c-fb835ef63c14","method":"POST","path":"/api/stock-requests","status":400,"duration":"5ms","ip":"::ffff:127.0.0.1","userId":1,"companyId":1,"branchId":1}

    [0m [90m 46 |[39m   }[33m,[39m
     [90m 47 |[39m   warn(message[33m:[39m string[33m,[39m meta[33m?[39m[33m:[39m [33mRecord[39m[33m<[39m[33mstring[39m[33m,[39m unknown[33m>[39m) {
    [31m[1m>[22m[39m[90m 48 |[39m     [36mif[39m (shouldLog([32m'warn'[39m)) console[33m.[39mwarn(formatMessage([32m'warn'[39m[33m,[39m message[33m,[39m meta))[33m;[39m
     [90m    |[39m                                    [31m[1m^[22m[39m
     [90m 49 |[39m   }[33m,[39m
     [90m 50 |[39m   error(message[33m:[39m string[33m,[39m meta[33m?[39m[33m:[39m [33mRecord[39m[33m<[39m[33mstring[39m[33m,[39m unknown[33m>[39m) {
     [90m 51 |[39m     [36mif[39m (shouldLog([32m'error'[39m)) console[33m.[39merror(formatMessage([32m'error'[39m[33m,[39m message[33m,[39m meta))[33m;[39m[0m

      at Object.warn (server/logger.ts:48:36)
      at ServerResponse.<anonymous> (server/middleware/requestLogger.ts:47:14)

  console.info
    {"timestamp":"2026-04-26T18:19:30.609Z","level":"info","message":"request","requestId":"7b19f921-2a00-406e-a797-dbb8824c1880","method":"POST","path":"/api/stock-requests","status":201,"duration":"3ms","ip":"::ffff:127.0.0.1","userId":1,"companyId":1,"branchId":1}

      at Object.info (server/logger.ts:45:36)

  console.warn
    {"timestamp":"2026-04-26T18:19:30.635Z","level":"warn","message":"request","requestId":"67a46ce2-3191-46aa-a344-97b9795abd5a","method":"PUT","path":"/api/stock-requests/999/approve","status":404,"duration":"2ms","ip":"::ffff:127.0.0.1","userId":1,"companyId":1,"branchId":1}

    [0m [90m 46 |[39m   }[33m,[39m
     [90m 47 |[39m   warn(message[33m:[39m string[33m,[39m meta[33m?[39m[33m:[39m [33mRecord[39m[33m<[39m[33mstring[39m[33m,[39m unknown[33m>[39m) {
    [31m[1m>[22m[39m[90m 48 |[39m     [36mif[39m (shouldLog([32m'warn'[39m)) console[33m.[39mwarn(formatMessage([32m'warn'[39m[33m,[39m message[33m,[39m meta))[33m;[39m
     [90m    |[39m                                    [31m[1m^[22m[39m
     [90m 49 |[39m   }[33m,[39m
     [90m 50 |[39m   error(message[33m:[39m string[33m,[39m meta[33m?[39m[33m:[39m [33mRecord[39m[33m<[39m[33mstring[39m[33m,[39m unknown[33m>[39m) {
     [90m 51 |[39m     [36mif[39m (shouldLog([32m'error'[39m)) console[33m.[39merror(formatMessage([32m'error'[39m[33m,[39m message[33m,[39m meta))[33m;[39m[0m

      at Object.warn (server/logger.ts:48:36)
      at ServerResponse.<anonymous> (server/middleware/requestLogger.ts:47:14)

  console.warn
    {"timestamp":"2026-04-26T18:19:30.661Z","level":"warn","message":"request","requestId":"e1a9aea4-1d8f-497e-984c-f2ccfe7ab2b8","method":"PUT","path":"/api/stock-requests/100/approve","status":400,"duration":"2ms","ip":"::ffff:127.0.0.1","userId":1,"companyId":1,"branchId":1}

    [0m [90m 46 |[39m   }[33m,[39m
     [90m 47 |[39m   warn(message[33m:[39m string[33m,[39m meta[33m?[39m[33m:[39m [33mRecord[39m[33m<[39m[33mstring[39m[33m,[39m unknown[33m>[39m) {
    [31m[1m>[22m[39m[90m 48 |[39m     [36mif[39m (shouldLog([32m'warn'[39m)) console[33m.[39mwarn(formatMessage([32m'warn'[39m[33m,[39m message[33m,[39m meta))[33m;[39m
     [90m    |[39m                                    [31m[1m^[22m[39m
     [90m 49 |[39m   }[33m,[39m
     [90m 50 |[39m   error(message[33m:[39m string[33m,[39m meta[33m?[39m[33m:[39m [33mRecord[39m[33m<[39m[33mstring[39m[33m,[39m unknown[33m>[39m) {
     [90m 51 |[39m     [36mif[39m (shouldLog([32m'error'[39m)) console[33m.[39merror(formatMessage([32m'error'[39m[33m,[39m message[33m,[39m meta))[33m;[39m[0m

      at Object.warn (server/logger.ts:48:36)
      at ServerResponse.<anonymous> (server/middleware/requestLogger.ts:47:14)

  console.warn
    {"timestamp":"2026-04-26T18:19:30.690Z","level":"warn","message":"request","requestId":"00c652d7-6497-4cec-b29f-a40db292c532","method":"PUT","path":"/api/stock-requests/100/approve","status":400,"duration":"4ms","ip":"::ffff:127.0.0.1","userId":1,"companyId":1,"branchId":1}

    [0m [90m 46 |[39m   }[33m,[39m
     [90m 47 |[39m   warn(message[33m:[39m string[33m,[39m meta[33m?[39m[33m:[39m [33mRecord[39m[33m<[39m[33mstring[39m[33m,[39m unknown[33m>[39m) {
    [31m[1m>[22m[39m[90m 48 |[39m     [36mif[39m (shouldLog([32m'warn'[39m)) console[33m.[39mwarn(formatMessage([32m'warn'[39m[33m,[39m message[33m,[39m meta))[33m;[39m
     [90m    |[39m                                    [31m[1m^[22m[39m
     [90m 49 |[39m   }[33m,[39m
     [90m 50 |[39m   error(message[33m:[39m string[33m,[39m meta[33m?[39m[33m:[39m [33mRecord[39m[33m<[39m[33mstring[39m[33m,[39m unknown[33m>[39m) {
     [90m 51 |[39m     [36mif[39m (shouldLog([32m'error'[39m)) console[33m.[39merror(formatMessage([32m'error'[39m[33m,[39m message[33m,[39m meta))[33m;[39m[0m

      at Object.warn (server/logger.ts:48:36)
      at ServerResponse.<anonymous> (server/middleware/requestLogger.ts:47:14)

  console.info
    {"timestamp":"2026-04-26T18:19:30.723Z","level":"info","message":"request","requestId":"eb27ae59-37aa-4ca0-b1b6-0097ca62c625","method":"PUT","path":"/api/stock-requests/100/approve","status":200,"duration":"4ms","ip":"::ffff:127.0.0.1","userId":1,"companyId":1,"branchId":1}

      at Object.info (server/logger.ts:45:36)

  console.warn
    {"timestamp":"2026-04-26T18:19:30.749Z","level":"warn","message":"request","requestId":"c2205b7c-5f31-4c27-9333-6b4ce665dc33","method":"PUT","path":"/api/stock-requests/100/approve","status":400,"duration":"4ms","ip":"::ffff:127.0.0.1","userId":1,"companyId":1,"branchId":1}

    [0m [90m 46 |[39m   }[33m,[39m
     [90m 47 |[39m   warn(message[33m:[39m string[33m,[39m meta[33m?[39m[33m:[39m [33mRecord[39m[33m<[39m[33mstring[39m[33m,[39m unknown[33m>[39m) {
    [31m[1m>[22m[39m[90m 48 |[39m     [36mif[39m (shouldLog([32m'warn'[39m)) console[33m.[39mwarn(formatMessage([32m'warn'[39m[33m,[39m message[33m,[39m meta))[33m;[39m
     [90m    |[39m                                    [31m[1m^[22m[39m
     [90m 49 |[39m   }[33m,[39m
     [90m 50 |[39m   error(message[33m:[39m string[33m,[39m meta[33m?[39m[33m:[39m [33mRecord[39m[33m<[39m[33mstring[39m[33m,[39m unknown[33m>[39m) {
     [90m 51 |[39m     [36mif[39m (shouldLog([32m'error'[39m)) console[33m.[39merror(formatMessage([32m'error'[39m[33m,[39m message[33m,[39m meta))[33m;[39m[0m

      at Object.warn (server/logger.ts:48:36)
      at ServerResponse.<anonymous> (server/middleware/requestLogger.ts:47:14)

  console.warn
    {"timestamp":"2026-04-26T18:19:30.803Z","level":"warn","message":"request","requestId":"38227a55-82fe-4949-b17a-f1b81fd9385a","method":"PUT","path":"/api/stock-requests/999/reject","status":404,"duration":"3ms","ip":"::ffff:127.0.0.1","userId":1,"companyId":1,"branchId":1}

    [0m [90m 46 |[39m   }[33m,[39m
     [90m 47 |[39m   warn(message[33m:[39m string[33m,[39m meta[33m?[39m[33m:[39m [33mRecord[39m[33m<[39m[33mstring[39m[33m,[39m unknown[33m>[39m) {
    [31m[1m>[22m[39m[90m 48 |[39m     [36mif[39m (shouldLog([32m'warn'[39m)) console[33m.[39mwarn(formatMessage([32m'warn'[39m[33m,[39m message[33m,[39m meta))[33m;[39m
     [90m    |[39m                                    [31m[1m^[22m[39m
     [90m 49 |[39m   }[33m,[39m
     [90m 50 |[39m   error(message[33m:[39m string[33m,[39m meta[33m?[39m[33m:[39m [33mRecord[39m[33m<[39m[33mstring[39m[33m,[39m unknown[33m>[39m) {
     [90m 51 |[39m     [36mif[39m (shouldLog([32m'error'[39m)) console[33m.[39merror(formatMessage([32m'error'[39m[33m,[39m message[33m,[39m meta))[33m;[39m[0m

      at Object.warn (server/logger.ts:48:36)
      at ServerResponse.<anonymous> (server/middleware/requestLogger.ts:47:14)

  console.warn
    {"timestamp":"2026-04-26T18:19:30.830Z","level":"warn","message":"request","requestId":"8a299878-017b-4aff-8cdf-3f5cc66f1bd0","method":"PUT","path":"/api/stock-requests/100/reject","status":400,"duration":"3ms","ip":"::ffff:127.0.0.1","userId":1,"companyId":1,"branchId":1}

    [0m [90m 46 |[39m   }[33m,[39m
     [90m 47 |[39m   warn(message[33m:[39m string[33m,[39m meta[33m?[39m[33m:[39m [33mRecord[39m[33m<[39m[33mstring[39m[33m,[39m unknown[33m>[39m) {
    [31m[1m>[22m[39m[90m 48 |[39m     [36mif[39m (shouldLog([32m'warn'[39m)) console[33m.[39mwarn(formatMessage([32m'warn'[39m[33m,[39m message[33m,[39m meta))[33m;[39m
     [90m    |[39m                                    [31m[1m^[22m[39m
     [90m 49 |[39m   }[33m,[39m
     [90m 50 |[39m   error(message[33m:[39m string[33m,[39m meta[33m?[39m[33m:[39m [33mRecord[39m[33m<[39m[33mstring[39m[33m,[39m unknown[33m>[39m) {
     [90m 51 |[39m     [36mif[39m (shouldLog([32m'error'[39m)) console[33m.[39merror(formatMessage([32m'error'[39m[33m,[39m message[33m,[39m meta))[33m;[39m[0m

      at Object.warn (server/logger.ts:48:36)
      at ServerResponse.<anonymous> (server/middleware/requestLogger.ts:47:14)

  console.info
    {"timestamp":"2026-04-26T18:19:30.857Z","level":"info","message":"request","requestId":"bfc039de-115e-40e1-a5ed-563703458a07","method":"PUT","path":"/api/stock-requests/100/reject","status":200,"duration":"4ms","ip":"::ffff:127.0.0.1","userId":1,"companyId":1,"branchId":1}

      at Object.info (server/logger.ts:45:36)

  console.info
    {"timestamp":"2026-04-26T18:19:30.881Z","level":"info","message":"request","requestId":"f1a1a910-7dea-42ab-b615-a547b79faa5d","method":"PUT","path":"/api/stock-requests/100/reject","status":200,"duration":"4ms","ip":"::ffff:127.0.0.1","userId":1,"companyId":1,"branchId":1}

      at Object.info (server/logger.ts:45:36)

PASS tests/integration/stockRequest.test.ts
  GET /api/stock-requests/browse
    ΓêÜ returns 400 without branchId (36 ms)
    ΓêÜ returns 404 when branch not found (28 ms)
    ΓêÜ returns labels from target branch (25 ms)
    ΓêÜ supports search filter (26 ms)
  GET /api/stock-requests
    ΓêÜ returns outgoing requests (21 ms)
    ΓêÜ returns incoming requests (23 ms)
    ΓêÜ returns both directions when no filter (22 ms)
  GET /api/stock-requests/:id
    ΓêÜ returns a stock request by id (20 ms)
    ΓêÜ returns 404 when not found (25 ms)
    ΓêÜ returns 404 when companyId mismatch (25 ms)
  POST /api/stock-requests
    ΓêÜ returns 400 when items missing (60 ms)
    ΓêÜ returns 400 when requesting from own branch (26 ms)
    ΓêÜ returns 404 when source branch not found (30 ms)
    ΓêÜ returns 400 when label not found (33 ms)
    ΓêÜ returns 400 when label not IN_STOCK (33 ms)
    ΓêÜ creates a stock request successfully (27 ms)
  PUT /api/stock-requests/:id/approve
    ΓêÜ returns 404 when request not found (28 ms)
    ΓêÜ returns 400 when request already approved (25 ms)
    ΓêÜ returns 403 when non-source, non-master branch tries to approve (28 ms)
    ΓêÜ approves and transfers stock atomically (27 ms)
    ΓêÜ returns 400 when label no longer available during approve (28 ms)
  PUT /api/stock-requests/:id/reject
    ΓêÜ returns 404 when request not found (54 ms)
    ΓêÜ returns 400 when already rejected (26 ms)
    ΓêÜ rejects request with reason (23 ms)
    ΓêÜ rejects without reason (23 ms)

  console.warn
    {"timestamp":"2026-04-26T18:19:32.796Z","level":"warn","message":"request","requestId":"d1a9281c-59e6-4e30-a9f4-7f52a4b60fdf","method":"POST","path":"/api/accounts/gstin-search","status":400,"duration":"40ms","ip":"::ffff:127.0.0.1","userId":1,"companyId":1,"branchId":1}

    [0m [90m 46 |[39m   }[33m,[39m
     [90m 47 |[39m   warn(message[33m:[39m string[33m,[39m meta[33m?[39m[33m:[39m [33mRecord[39m[33m<[39m[33mstring[39m[33m,[39m unknown[33m>[39m) {
    [31m[1m>[22m[39m[90m 48 |[39m     [36mif[39m (shouldLog([32m'warn'[39m)) console[33m.[39mwarn(formatMessage([32m'warn'[39m[33m,[39m message[33m,[39m meta))[33m;[39m
     [90m    |[39m                                    [31m[1m^[22m[39m
     [90m 49 |[39m   }[33m,[39m
     [90m 50 |[39m   error(message[33m:[39m string[33m,[39m meta[33m?[39m[33m:[39m [33mRecord[39m[33m<[39m[33mstring[39m[33m,[39m unknown[33m>[39m) {
     [90m 51 |[39m     [36mif[39m (shouldLog([32m'error'[39m)) console[33m.[39merror(formatMessage([32m'error'[39m[33m,[39m message[33m,[39m meta))[33m;[39m[0m

      at Object.warn (server/logger.ts:48:36)
      at ServerResponse.<anonymous> (server/middleware/requestLogger.ts:47:14)

  console.warn
    {"timestamp":"2026-04-26T18:19:32.825Z","level":"warn","message":"request","requestId":"f331cae5-a005-4a8c-8e8c-1f02006ca868","method":"POST","path":"/api/accounts/gstin-search","status":400,"duration":"2ms","ip":"::ffff:127.0.0.1","userId":1,"companyId":1,"branchId":1}

    [0m [90m 46 |[39m   }[33m,[39m
     [90m 47 |[39m   warn(message[33m:[39m string[33m,[39m meta[33m?[39m[33m:[39m [33mRecord[39m[33m<[39m[33mstring[39m[33m,[39m unknown[33m>[39m) {
    [31m[1m>[22m[39m[90m 48 |[39m     [36mif[39m (shouldLog([32m'warn'[39m)) console[33m.[39mwarn(formatMessage([32m'warn'[39m[33m,[39m message[33m,[39m meta))[33m;[39m
     [90m    |[39m                                    [31m[1m^[22m[39m
     [90m 49 |[39m   }[33m,[39m
     [90m 50 |[39m   error(message[33m:[39m string[33m,[39m meta[33m?[39m[33m:[39m [33mRecord[39m[33m<[39m[33mstring[39m[33m,[39m unknown[33m>[39m) {
     [90m 51 |[39m     [36mif[39m (shouldLog([32m'error'[39m)) console[33m.[39merror(formatMessage([32m'error'[39m[33m,[39m message[33m,[39m meta))[33m;[39m[0m

      at Object.warn (server/logger.ts:48:36)
      at ServerResponse.<anonymous> (server/middleware/requestLogger.ts:47:14)

  console.warn
    {"timestamp":"2026-04-26T18:19:32.854Z","level":"warn","message":"request","requestId":"782a1333-f69f-4b78-b838-aa9d39d9fbb1","method":"POST","path":"/api/accounts/gstin-search","status":400,"duration":"3ms","ip":"::ffff:127.0.0.1","userId":1,"companyId":1,"branchId":1}

    [0m [90m 46 |[39m   }[33m,[39m
     [90m 47 |[39m   warn(message[33m:[39m string[33m,[39m meta[33m?[39m[33m:[39m [33mRecord[39m[33m<[39m[33mstring[39m[33m,[39m unknown[33m>[39m) {
    [31m[1m>[22m[39m[90m 48 |[39m     [36mif[39m (shouldLog([32m'warn'[39m)) console[33m.[39mwarn(formatMessage([32m'warn'[39m[33m,[39m message[33m,[39m meta))[33m;[39m
     [90m    |[39m                                    [31m[1m^[22m[39m
     [90m 49 |[39m   }[33m,[39m
     [90m 50 |[39m   error(message[33m:[39m string[33m,[39m meta[33m?[39m[33m:[39m [33mRecord[39m[33m<[39m[33mstring[39m[33m,[39m unknown[33m>[39m) {
     [90m 51 |[39m     [36mif[39m (shouldLog([32m'error'[39m)) console[33m.[39merror(formatMessage([32m'error'[39m[33m,[39m message[33m,[39m meta))[33m;[39m[0m

      at Object.warn (server/logger.ts:48:36)
      at ServerResponse.<anonymous> (server/middleware/requestLogger.ts:47:14)

  console.warn
    {"timestamp":"2026-04-26T18:19:32.881Z","level":"warn","message":"request","requestId":"1a3bdbb6-45f6-44ef-90bb-43385b00766d","method":"POST","path":"/api/accounts/gstin-search","status":400,"duration":"3ms","ip":"::ffff:127.0.0.1","userId":1,"companyId":1,"branchId":1}

    [0m [90m 46 |[39m   }[33m,[39m
     [90m 47 |[39m   warn(message[33m:[39m string[33m,[39m meta[33m?[39m[33m:[39m [33mRecord[39m[33m<[39m[33mstring[39m[33m,[39m unknown[33m>[39m) {
    [31m[1m>[22m[39m[90m 48 |[39m     [36mif[39m (shouldLog([32m'warn'[39m)) console[33m.[39mwarn(formatMessage([32m'warn'[39m[33m,[39m message[33m,[39m meta))[33m;[39m
     [90m    |[39m                                    [31m[1m^[22m[39m
     [90m 49 |[39m   }[33m,[39m
     [90m 50 |[39m   error(message[33m:[39m string[33m,[39m meta[33m?[39m[33m:[39m [33mRecord[39m[33m<[39m[33mstring[39m[33m,[39m unknown[33m>[39m) {
     [90m 51 |[39m     [36mif[39m (shouldLog([32m'error'[39m)) console[33m.[39merror(formatMessage([32m'error'[39m[33m,[39m message[33m,[39m meta))[33m;[39m[0m

      at Object.warn (server/logger.ts:48:36)
      at ServerResponse.<anonymous> (server/middleware/requestLogger.ts:47:14)

  console.warn
    {"timestamp":"2026-04-26T18:19:32.909Z","level":"warn","message":"request","requestId":"bee85c5a-8d18-4f96-87c2-53b0333839b1","method":"POST","path":"/api/accounts/gstin-search","status":400,"duration":"3ms","ip":"::ffff:127.0.0.1","userId":1,"companyId":1,"branchId":1}

    [0m [90m 46 |[39m   }[33m,[39m
     [90m 47 |[39m   warn(message[33m:[39m string[33m,[39m meta[33m?[39m[33m:[39m [33mRecord[39m[33m<[39m[33mstring[39m[33m,[39m unknown[33m>[39m) {
    [31m[1m>[22m[39m[90m 48 |[39m     [36mif[39m (shouldLog([32m'warn'[39m)) console[33m.[39mwarn(formatMessage([32m'warn'[39m[33m,[39m message[33m,[39m meta))[33m;[39m
     [90m    |[39m                                    [31m[1m^[22m[39m
     [90m 49 |[39m   }[33m,[39m
     [90m 50 |[39m   error(message[33m:[39m string[33m,[39m meta[33m?[39m[33m:[39m [33mRecord[39m[33m<[39m[33mstring[39m[33m,[39m unknown[33m>[39m) {
     [90m 51 |[39m     [36mif[39m (shouldLog([32m'error'[39m)) console[33m.[39merror(formatMessage([32m'error'[39m[33m,[39m message[33m,[39m meta))[33m;[39m[0m

      at Object.warn (server/logger.ts:48:36)
      at ServerResponse.<anonymous> (server/middleware/requestLogger.ts:47:14)

  console.warn
    {"timestamp":"2026-04-26T18:19:32.934Z","level":"warn","message":"request","requestId":"3f95ac1a-0974-4166-91a4-84aadf25e374","method":"POST","path":"/api/accounts/gstin-search","status":400,"duration":"2ms","ip":"::ffff:127.0.0.1","userId":1,"companyId":1,"branchId":1}

    [0m [90m 46 |[39m   }[33m,[39m
     [90m 47 |[39m   warn(message[33m:[39m string[33m,[39m meta[33m?[39m[33m:[39m [33mRecord[39m[33m<[39m[33mstring[39m[33m,[39m unknown[33m>[39m) {
    [31m[1m>[22m[39m[90m 48 |[39m     [36mif[39m (shouldLog([32m'warn'[39m)) console[33m.[39mwarn(formatMessage([32m'warn'[39m[33m,[39m message[33m,[39m meta))[33m;[39m
     [90m    |[39m                                    [31m[1m^[22m[39m
     [90m 49 |[39m   }[33m,[39m
     [90m 50 |[39m   error(message[33m:[39m string[33m,[39m meta[33m?[39m[33m:[39m [33mRecord[39m[33m<[39m[33mstring[39m[33m,[39m unknown[33m>[39m) {
     [90m 51 |[39m     [36mif[39m (shouldLog([32m'error'[39m)) console[33m.[39merror(formatMessage([32m'error'[39m[33m,[39m message[33m,[39m meta))[33m;[39m[0m

      at Object.warn (server/logger.ts:48:36)
      at ServerResponse.<anonymous> (server/middleware/requestLogger.ts:47:14)

  console.log
    GST API fetch failed: Network error

      at server/routes/accounts.ts:107:15

  console.info
    {"timestamp":"2026-04-26T18:19:32.975Z","level":"info","message":"request","requestId":"5d000f0e-bb32-488e-80ee-d8cdd90d4e51","method":"POST","path":"/api/accounts/gstin-search","status":200,"duration":"17ms","ip":"::ffff:127.0.0.1","userId":1,"companyId":1,"branchId":1}

      at Object.info (server/logger.ts:45:36)

  console.warn
    {"timestamp":"2026-04-26T18:19:32.997Z","level":"warn","message":"request","requestId":"90e7dc9f-ca48-465d-9524-19a5152e52e8","method":"POST","path":"/api/accounts/gstin-search","status":400,"duration":"4ms","ip":"::ffff:127.0.0.1","userId":1,"companyId":1,"branchId":1}

    [0m [90m 46 |[39m   }[33m,[39m
     [90m 47 |[39m   warn(message[33m:[39m string[33m,[39m meta[33m?[39m[33m:[39m [33mRecord[39m[33m<[39m[33mstring[39m[33m,[39m unknown[33m>[39m) {
    [31m[1m>[22m[39m[90m 48 |[39m     [36mif[39m (shouldLog([32m'warn'[39m)) console[33m.[39mwarn(formatMessage([32m'warn'[39m[33m,[39m message[33m,[39m meta))[33m;[39m
     [90m    |[39m                                    [31m[1m^[22m[39m
     [90m 49 |[39m   }[33m,[39m
     [90m 50 |[39m   error(message[33m:[39m string[33m,[39m meta[33m?[39m[33m:[39m [33mRecord[39m[33m<[39m[33mstring[39m[33m,[39m unknown[33m>[39m) {
     [90m 51 |[39m     [36mif[39m (shouldLog([32m'error'[39m)) console[33m.[39merror(formatMessage([32m'error'[39m[33m,[39m message[33m,[39m meta))[33m;[39m[0m

      at Object.warn (server/logger.ts:48:36)
      at ServerResponse.<anonymous> (server/middleware/requestLogger.ts:47:14)

  console.warn
    {"timestamp":"2026-04-26T18:19:33.022Z","level":"warn","message":"request","requestId":"6a9c8c4c-69d3-4829-875f-1abee53d8f13","method":"POST","path":"/api/accounts/gstin-search","status":400,"duration":"3ms","ip":"::ffff:127.0.0.1","userId":1,"companyId":1,"branchId":1}

    [0m [90m 46 |[39m   }[33m,[39m
     [90m 47 |[39m   warn(message[33m:[39m string[33m,[39m meta[33m?[39m[33m:[39m [33mRecord[39m[33m<[39m[33mstring[39m[33m,[39m unknown[33m>[39m) {
    [31m[1m>[22m[39m[90m 48 |[39m     [36mif[39m (shouldLog([32m'warn'[39m)) console[33m.[39mwarn(formatMessage([32m'warn'[39m[33m,[39m message[33m,[39m meta))[33m;[39m
     [90m    |[39m                                    [31m[1m^[22m[39m
     [90m 49 |[39m   }[33m,[39m
     [90m 50 |[39m   error(message[33m:[39m string[33m,[39m meta[33m?[39m[33m:[39m [33mRecord[39m[33m<[39m[33mstring[39m[33m,[39m unknown[33m>[39m) {
     [90m 51 |[39m     [36mif[39m (shouldLog([32m'error'[39m)) console[33m.[39merror(formatMessage([32m'error'[39m[33m,[39m message[33m,[39m meta))[33m;[39m[0m

      at Object.warn (server/logger.ts:48:36)
      at ServerResponse.<anonymous> (server/middleware/requestLogger.ts:47:14)

  console.log
    GST API fetch failed: Network error

      at server/routes/accounts.ts:107:15

  console.info
    {"timestamp":"2026-04-26T18:19:33.049Z","level":"info","message":"request","requestId":"92cb07e0-aba2-4d20-91f3-fd4e34b575ef","method":"POST","path":"/api/accounts/gstin-search","status":200,"duration":"6ms","ip":"::ffff:127.0.0.1","userId":1,"companyId":1,"branchId":1}

      at Object.info (server/logger.ts:45:36)

  console.log
    GST API fetch failed: Network error

      at server/routes/accounts.ts:107:15

  console.info
    {"timestamp":"2026-04-26T18:19:33.071Z","level":"info","message":"request","requestId":"bf4d8691-32b6-476f-bd56-b049b1449169","method":"POST","path":"/api/accounts/gstin-search","status":200,"duration":"4ms","ip":"::ffff:127.0.0.1","userId":1,"companyId":1,"branchId":1}

      at Object.info (server/logger.ts:45:36)

  console.log
    GST API fetch failed: Network error

      at server/routes/accounts.ts:107:15

  console.info
    {"timestamp":"2026-04-26T18:19:33.094Z","level":"info","message":"request","requestId":"3a9a42bf-fc13-4cfd-8699-82ac866c20c4","method":"POST","path":"/api/accounts/gstin-search","status":200,"duration":"5ms","ip":"::ffff:127.0.0.1","userId":1,"companyId":1,"branchId":1}

      at Object.info (server/logger.ts:45:36)

  console.log
    GST API fetch failed: Network error

      at server/routes/accounts.ts:107:15

  console.info
    {"timestamp":"2026-04-26T18:19:33.119Z","level":"info","message":"request","requestId":"4ac55725-78a8-4bc1-a4b3-f20f7b6e81b0","method":"POST","path":"/api/accounts/gstin-search","status":200,"duration":"4ms","ip":"::ffff:127.0.0.1","userId":1,"companyId":1,"branchId":1}

      at Object.info (server/logger.ts:45:36)

  console.log
    GST API fetch failed: Network error

      at server/routes/accounts.ts:107:15

  console.info
    {"timestamp":"2026-04-26T18:19:33.146Z","level":"info","message":"request","requestId":"ea581d93-6986-496e-9df2-3c7ef5ac9edb","method":"POST","path":"/api/accounts/gstin-search","status":200,"duration":"7ms","ip":"::ffff:127.0.0.1","userId":1,"companyId":1,"branchId":1}

      at Object.info (server/logger.ts:45:36)

  console.log
    GST API fetch failed: Network error

      at server/routes/accounts.ts:107:15

  console.info
    {"timestamp":"2026-04-26T18:19:33.176Z","level":"info","message":"request","requestId":"56a8839b-6998-48cb-9684-d903d5fd747b","method":"POST","path":"/api/accounts/gstin-search","status":200,"duration":"7ms","ip":"::ffff:127.0.0.1","userId":1,"companyId":1,"branchId":1}

      at Object.info (server/logger.ts:45:36)

  console.log
    GST API fetch failed: Network error

      at server/routes/accounts.ts:107:15

  console.info
    {"timestamp":"2026-04-26T18:19:33.201Z","level":"info","message":"request","requestId":"85d25e46-e2bd-44cf-8a21-fef76bc0ba47","method":"POST","path":"/api/accounts/gstin-search","status":200,"duration":"5ms","ip":"::ffff:127.0.0.1","userId":1,"companyId":1,"branchId":1}

      at Object.info (server/logger.ts:45:36)

  console.log
    GST API fetch failed: Network error

      at server/routes/accounts.ts:107:15

  console.info
    {"timestamp":"2026-04-26T18:19:33.224Z","level":"info","message":"request","requestId":"32f566f2-7ab6-4cb7-a67a-8ae476ae9427","method":"POST","path":"/api/accounts/gstin-search","status":200,"duration":"5ms","ip":"::ffff:127.0.0.1","userId":1,"companyId":1,"branchId":1}

      at Object.info (server/logger.ts:45:36)

  console.log
    GST API fetch failed: Network error

      at server/routes/accounts.ts:107:15

  console.info
    {"timestamp":"2026-04-26T18:19:33.249Z","level":"info","message":"request","requestId":"d7a52d3d-4ba5-45c7-8afc-a98a4f4fccb4","method":"POST","path":"/api/accounts/gstin-search","status":200,"duration":"5ms","ip":"::ffff:127.0.0.1","userId":1,"companyId":1,"branchId":1}

      at Object.info (server/logger.ts:45:36)

  console.log
    GST API fetch failed: Network error

      at server/routes/accounts.ts:107:15

  console.info
    {"timestamp":"2026-04-26T18:19:33.274Z","level":"info","message":"request","requestId":"324c5728-742e-4a63-9459-425ed2d77244","method":"POST","path":"/api/accounts/gstin-search","status":200,"duration":"6ms","ip":"::ffff:127.0.0.1","userId":1,"companyId":1,"branchId":1}

      at Object.info (server/logger.ts:45:36)

  console.info
    {"timestamp":"2026-04-26T18:19:33.295Z","level":"info","message":"request","requestId":"93236903-fe99-42b5-a2c3-f86794bc5eae","method":"POST","path":"/api/accounts/gstin-search","status":200,"duration":"3ms","ip":"::ffff:127.0.0.1","userId":1,"companyId":1,"branchId":1}

      at Object.info (server/logger.ts:45:36)

  console.info
    {"timestamp":"2026-04-26T18:19:33.320Z","level":"info","message":"request","requestId":"7832fdb2-fa3a-4e1c-a33d-10587f3d5730","method":"POST","path":"/api/accounts/gstin-search","status":200,"duration":"3ms","ip":"::ffff:127.0.0.1","userId":1,"companyId":1,"branchId":1}

      at Object.info (server/logger.ts:45:36)

  console.info
    {"timestamp":"2026-04-26T18:19:33.343Z","level":"info","message":"request","requestId":"3a1d9586-98d5-4687-a18a-ed36f21d7ac0","method":"POST","path":"/api/accounts/gstin-search","status":200,"duration":"4ms","ip":"::ffff:127.0.0.1","userId":1,"companyId":1,"branchId":1}

      at Object.info (server/logger.ts:45:36)

  console.log
    GST API fetch failed: Primary API down

      at server/routes/accounts.ts:107:15

  console.info
    {"timestamp":"2026-04-26T18:19:33.368Z","level":"info","message":"request","requestId":"74fcc991-4413-4a30-8e60-dbe34953ab28","method":"POST","path":"/api/accounts/gstin-search","status":200,"duration":"6ms","ip":"::ffff:127.0.0.1","userId":1,"companyId":1,"branchId":1}

      at Object.info (server/logger.ts:45:36)

  console.info
    {"timestamp":"2026-04-26T18:19:33.388Z","level":"info","message":"request","requestId":"0990762d-0cbb-4c00-9a41-ee0240c75a74","method":"POST","path":"/api/accounts/gstin-search","status":200,"duration":"2ms","ip":"::ffff:127.0.0.1","userId":1,"companyId":1,"branchId":1}

      at Object.info (server/logger.ts:45:36)

  console.info
    {"timestamp":"2026-04-26T18:19:33.411Z","level":"info","message":"request","requestId":"ae2888e3-970f-4142-afe7-87551b3f575f","method":"POST","path":"/api/accounts/gstin-search","status":200,"duration":"2ms","ip":"::ffff:127.0.0.1","userId":1,"companyId":1,"branchId":1}

      at Object.info (server/logger.ts:45:36)

  console.log
    GST API fetch failed: Network error

      at server/routes/accounts.ts:107:15

  console.info
    {"timestamp":"2026-04-26T18:19:33.435Z","level":"info","message":"request","requestId":"70f8f8b9-6e2d-45b2-aa71-83af8108f194","method":"POST","path":"/api/accounts/gstin-search","status":200,"duration":"4ms","ip":"::ffff:127.0.0.1","userId":1,"companyId":1,"branchId":1}

      at Object.info (server/logger.ts:45:36)

  console.log
    GST API fetch failed: Network error

      at server/routes/accounts.ts:107:15

  console.info
    {"timestamp":"2026-04-26T18:19:33.462Z","level":"info","message":"request","requestId":"1184dbf9-bbf9-4734-b31b-7c47cee16b0a","method":"POST","path":"/api/accounts/gstin-search","status":200,"duration":"6ms","ip":"::ffff:127.0.0.1","userId":1,"companyId":1,"branchId":1}

      at Object.info (server/logger.ts:45:36)

  console.log
    GST API fetch failed: Network error

      at server/routes/accounts.ts:107:15

  console.info
    {"timestamp":"2026-04-26T18:19:33.486Z","level":"info","message":"request","requestId":"664eb975-8dc8-41a3-81b8-bbaf7b3862fe","method":"POST","path":"/api/accounts/gstin-search","status":200,"duration":"4ms","ip":"::ffff:127.0.0.1","userId":1,"companyId":1,"branchId":1}

      at Object.info (server/logger.ts:45:36)

  console.log
    GST API fetch failed: Network error

      at server/routes/accounts.ts:107:15

  console.info
    {"timestamp":"2026-04-26T18:19:33.512Z","level":"info","message":"request","requestId":"264ab0bd-9a66-4d87-acb0-f103abaac062","method":"POST","path":"/api/accounts/gstin-search","status":200,"duration":"5ms","ip":"::ffff:127.0.0.1","userId":1,"companyId":1,"branchId":1}

      at Object.info (server/logger.ts:45:36)

  console.log
    GST API fetch failed: Network error

      at server/routes/accounts.ts:107:15

  console.info
    {"timestamp":"2026-04-26T18:19:33.535Z","level":"info","message":"request","requestId":"7edd32b4-6389-4631-b43e-c9fb8c736fea","method":"POST","path":"/api/accounts/gstin-search","status":200,"duration":"4ms","ip":"::ffff:127.0.0.1","userId":1,"companyId":1,"branchId":1}

      at Object.info (server/logger.ts:45:36)

  console.log
    GST API fetch failed: Network error

      at server/routes/accounts.ts:107:15

  console.info
    {"timestamp":"2026-04-26T18:19:33.559Z","level":"info","message":"request","requestId":"d1d40c0e-5f9e-4559-9d91-4baf115bd903","method":"POST","path":"/api/accounts/gstin-search","status":200,"duration":"5ms","ip":"::ffff:127.0.0.1","userId":1,"companyId":1,"branchId":1}

      at Object.info (server/logger.ts:45:36)

  console.log
    GST API fetch failed: Network error

      at server/routes/accounts.ts:107:15

  console.info
    {"timestamp":"2026-04-26T18:19:33.586Z","level":"info","message":"request","requestId":"9c5d99f6-8ac3-4d92-943d-e80e965b4024","method":"POST","path":"/api/accounts/gstin-search","status":200,"duration":"6ms","ip":"::ffff:127.0.0.1","userId":1,"companyId":1,"branchId":1}

      at Object.info (server/logger.ts:45:36)

  console.log
    GST API fetch failed: Network error

      at server/routes/accounts.ts:107:15

  console.info
    {"timestamp":"2026-04-26T18:19:33.612Z","level":"info","message":"request","requestId":"e33bbe1f-65c4-4e8b-ae9e-732cc8e1e868","method":"POST","path":"/api/accounts/gstin-search","status":200,"duration":"4ms","ip":"::ffff:127.0.0.1","userId":1,"companyId":1,"branchId":1}

      at Object.info (server/logger.ts:45:36)

  console.log
    GST API fetch failed: Network error

      at server/routes/accounts.ts:107:15

  console.info
    {"timestamp":"2026-04-26T18:19:33.635Z","level":"info","message":"request","requestId":"e93b5c75-32af-45c6-9d4e-6f3643fbde33","method":"POST","path":"/api/accounts/gstin-search","status":200,"duration":"5ms","ip":"::ffff:127.0.0.1","userId":1,"companyId":1,"branchId":1}

      at Object.info (server/logger.ts:45:36)

  console.log
    GST API fetch failed: Network error

      at server/routes/accounts.ts:107:15

  console.info
    {"timestamp":"2026-04-26T18:19:33.659Z","level":"info","message":"request","requestId":"fa3a0a74-a48c-43ef-8942-4cf052ec0dc2","method":"POST","path":"/api/accounts/gstin-search","status":200,"duration":"6ms","ip":"::ffff:127.0.0.1","userId":1,"companyId":1,"branchId":1}

      at Object.info (server/logger.ts:45:36)

  console.log
    GST API fetch failed: Network error

      at server/routes/accounts.ts:107:15

  console.info
    {"timestamp":"2026-04-26T18:19:33.682Z","level":"info","message":"request","requestId":"60760501-67af-4b43-8159-a5d2372a65b2","method":"POST","path":"/api/accounts/gstin-search","status":200,"duration":"5ms","ip":"::ffff:127.0.0.1","userId":1,"companyId":1,"branchId":1}

      at Object.info (server/logger.ts:45:36)

  console.log
    GST API fetch failed: Network error

      at server/routes/accounts.ts:107:15

  console.info
    {"timestamp":"2026-04-26T18:19:33.735Z","level":"info","message":"request","requestId":"6b8d6b7a-8190-4d82-9c6b-ab6b394141fb","method":"POST","path":"/api/accounts/gstin-search","status":200,"duration":"5ms","ip":"::ffff:127.0.0.1","userId":1,"companyId":1,"branchId":1}

      at Object.info (server/logger.ts:45:36)

  console.info
    {"timestamp":"2026-04-26T18:19:33.760Z","level":"info","message":"request","requestId":"bd8bbb67-2224-4034-8398-e3da29d63014","method":"POST","path":"/api/accounts","status":201,"duration":"4ms","ip":"::ffff:127.0.0.1","userId":1,"companyId":1,"branchId":1}

      at Object.info (server/logger.ts:45:36)

  console.info
    {"timestamp":"2026-04-26T18:19:33.783Z","level":"info","message":"request","requestId":"74446491-be56-47fb-9409-813bcb34297c","method":"POST","path":"/api/accounts","status":201,"duration":"3ms","ip":"::ffff:127.0.0.1","userId":1,"companyId":1,"branchId":1}

      at Object.info (server/logger.ts:45:36)

  console.info
    {"timestamp":"2026-04-26T18:19:33.806Z","level":"info","message":"request","requestId":"97d425c2-2e97-4eef-80e2-88ba59307e1f","method":"PUT","path":"/api/accounts/1","status":200,"duration":"4ms","ip":"::ffff:127.0.0.1","userId":1,"companyId":1,"branchId":1}

      at Object.info (server/logger.ts:45:36)

  console.log
    GST API fetch failed: Network error

      at server/routes/accounts.ts:107:15

  console.error
    GSTIN search error: Error: DB connection lost
        at Object.<anonymous> (C:\Swarnite\tests\integration\gstin-search.test.ts:581:58)
        at Promise.finally.completed (C:\Swarnite\node_modules\jest-circus\build\jestAdapterInit.js:1557:28)
        at new Promise (<anonymous>)
        at callAsyncCircusFn (C:\Swarnite\node_modules\jest-circus\build\jestAdapterInit.js:1497:10)
        at _callCircusTest (C:\Swarnite\node_modules\jest-circus\build\jestAdapterInit.js:1007:40)
        at processTicksAndRejections (node:internal/process/task_queues:104:5)
        at _runTest (C:\Swarnite\node_modules\jest-circus\build\jestAdapterInit.js:947:3)
        at C:\Swarnite\node_modules\jest-circus\build\jestAdapterInit.js:849:7
        at _runTestsForDescribeBlock (C:\Swarnite\node_modules\jest-circus\build\jestAdapterInit.js:862:11)
        at _runTestsForDescribeBlock (C:\Swarnite\node_modules\jest-circus\build\jestAdapterInit.js:857:11)
        at _runTestsForDescribeBlock (C:\Swarnite\node_modules\jest-circus\build\jestAdapterInit.js:857:11)
        at run (C:\Swarnite\node_modules\jest-circus\build\jestAdapterInit.js:761:3)
        at runAndTransformResultsToJestFormat (C:\Swarnite\node_modules\jest-circus\build\jestAdapterInit.js:1918:21)
        at jestAdapter (C:\Swarnite\node_modules\jest-circus\build\runner.js:101:19)
        at runTestInternal (C:\Swarnite\node_modules\jest-runner\build\index.js:275:16)
        at runTest (C:\Swarnite\node_modules\jest-runner\build\index.js:343:7)

    [0m [90m 148 |[39m     })[33m;[39m
     [90m 149 |[39m   } [36mcatch[39m (error) {
    [31m[1m>[22m[39m[90m 150 |[39m     console[33m.[39merror([32m'GSTIN search error:'[39m[33m,[39m error)[33m;[39m
     [90m     |[39m             [31m[1m^[22m[39m
     [90m 151 |[39m     res[33m.[39mstatus([35m500[39m)[33m.[39mjson({ error[33m:[39m [32m'Failed to search GSTIN'[39m })[33m;[39m
     [90m 152 |[39m   }
     [90m 153 |[39m })[33m;[39m[0m

      at server/routes/accounts.ts:150:13

  console.error
    {"timestamp":"2026-04-26T18:19:33.847Z","level":"error","message":"request","requestId":"61fc3d1c-9eb8-41e6-a4c2-45836a98c240","method":"POST","path":"/api/accounts/gstin-search","status":500,"duration":"22ms","ip":"::ffff:127.0.0.1","userId":1,"companyId":1,"branchId":1}

    [0m [90m 49 |[39m   }[33m,[39m
     [90m 50 |[39m   error(message[33m:[39m string[33m,[39m meta[33m?[39m[33m:[39m [33mRecord[39m[33m<[39m[33mstring[39m[33m,[39m unknown[33m>[39m) {
    [31m[1m>[22m[39m[90m 51 |[39m     [36mif[39m (shouldLog([32m'error'[39m)) console[33m.[39merror(formatMessage([32m'error'[39m[33m,[39m message[33m,[39m meta))[33m;[39m
     [90m    |[39m                                     [31m[1m^[22m[39m
     [90m 52 |[39m   }[33m,[39m
     [90m 53 |[39m }[33m;[39m
     [90m 54 |[39m[0m

      at Object.error (server/logger.ts:51:37)
      at ServerResponse.<anonymous> (server/middleware/requestLogger.ts:45:14)

PASS tests/integration/gstin-search.test.ts
  POST /api/accounts/gstin-search
    input validation
      ΓêÜ rejects empty body (70 ms)
      ΓêÜ rejects missing gstin field (25 ms)
      ΓêÜ rejects null gstin (29 ms)
      ΓêÜ rejects numeric gstin (26 ms)
      ΓêÜ rejects gstin shorter than 15 characters (26 ms)
      ΓêÜ rejects gstin with invalid format (25 ms)
      ΓêÜ rejects gstin with lowercase letters (36 ms)
      ΓêÜ rejects gstin with special characters (25 ms)
      ΓêÜ rejects gstin where 13th char is not Z (24 ms)
    format-based extraction (when external APIs fail)
      ΓêÜ extracts PAN from GSTIN characters 3-12 (24 ms)
      ΓêÜ extracts state code and maps to Uttar Pradesh for 09 (20 ms)
      ΓêÜ maps state code 27 to Maharashtra (22 ms)
      ΓêÜ maps state code 29 to Karnataka (26 ms)
      ΓêÜ maps state code 07 to Delhi (27 ms)
      ΓêÜ maps state code 24 to Gujarat (28 ms)
      ΓêÜ returns valid=true when format is correct (23 ms)
      ΓêÜ returns fallback status when APIs fail (22 ms)
      ΓêÜ auto-uppercases lowercase gstin input (25 ms)
      ΓêÜ trims whitespace from gstin (24 ms)
    external API success (primary)
      ΓêÜ populates firm details from gstincheck API (22 ms)
      ΓêÜ constructs full address from parts (23 ms)
      ΓêÜ handles API response with no address block (22 ms)
    external API fallback
      ΓêÜ falls back to format-based when primary API fails (24 ms)
      ΓêÜ falls back when primary returns non-ok status (22 ms)
      ΓêÜ falls back when primary returns no gstin field (21 ms)
    duplicate GSTIN detection
      ΓêÜ returns existing account when GSTIN is already linked (24 ms)
      ΓêÜ returns null existingAccount when GSTIN is new (24 ms)
      ΓêÜ queries findFirst with active filter (24 ms)
    state code mapping
      ΓêÜ maps 01AAAAA0000A1Z1 ΓåÆ code 01 ΓåÆ Jammu & Kashmir (25 ms)
      ΓêÜ maps 03AAAAA0000A1Z1 ΓåÆ code 03 ΓåÆ Punjab (23 ms)
      ΓêÜ maps 06AAAAA0000A1Z1 ΓåÆ code 06 ΓåÆ Haryana (24 ms)
      ΓêÜ maps 08AAAAA0000A1Z1 ΓåÆ code 08 ΓåÆ Rajasthan (28 ms)
      ΓêÜ maps 10AAAAA0000A1Z1 ΓåÆ code 10 ΓåÆ Bihar (25 ms)
      ΓêÜ maps 19AAAAA0000A1Z1 ΓåÆ code 19 ΓåÆ West Bengal (22 ms)
      ΓêÜ maps 22AAAAA0000A1Z1 ΓåÆ code 22 ΓåÆ Chhattisgarh (23 ms)
      ΓêÜ maps 33AAAAA0000A1Z1 ΓåÆ code 33 ΓåÆ Tamil Nadu (23 ms)
      ΓêÜ maps 36AAAAA0000A1Z1 ΓåÆ code 36 ΓåÆ Telangana (52 ms)
    account creation with GST fields
      ΓêÜ creates account with all new GST-related fields (24 ms)
      ΓêÜ creates account with composition scheme flag (22 ms)
      ΓêÜ updates account with GST verification data (21 ms)
    error handling
      ΓêÜ returns 500 when database query fails (45 ms)

  console.info
    {"timestamp":"2026-04-26T18:19:35.757Z","level":"info","message":"request","requestId":"7f7e42bb-8ca8-4844-9c71-cffe5dbe26db","method":"GET","path":"/api/accounts","status":200,"duration":"6ms","ip":"::ffff:127.0.0.1","userId":1,"companyId":1,"branchId":1}

      at Object.info (server/logger.ts:45:36)

  console.info
    {"timestamp":"2026-04-26T18:19:35.783Z","level":"info","message":"request","requestId":"b89cc8fd-4244-455a-a083-178820391013","method":"GET","path":"/api/accounts?type=CUSTOMER","status":200,"duration":"2ms","ip":"::ffff:127.0.0.1","userId":1,"companyId":1,"branchId":1}

      at Object.info (server/logger.ts:45:36)

  console.info
    {"timestamp":"2026-04-26T18:19:35.811Z","level":"info","message":"request","requestId":"1c5cbf3d-6518-427c-8f6d-52c8ada3543d","method":"GET","path":"/api/accounts?search=Rajesh","status":200,"duration":"4ms","ip":"::ffff:127.0.0.1","userId":1,"companyId":1,"branchId":1}

      at Object.info (server/logger.ts:45:36)

  console.info
    {"timestamp":"2026-04-26T18:19:35.833Z","level":"info","message":"request","requestId":"153cbd38-8c63-492d-bdba-6ee4c7e58914","method":"GET","path":"/api/accounts?page=2&limit=2","status":200,"duration":"2ms","ip":"::ffff:127.0.0.1","userId":1,"companyId":1,"branchId":1}

      at Object.info (server/logger.ts:45:36)

  console.info
    {"timestamp":"2026-04-26T18:19:35.856Z","level":"info","message":"request","requestId":"cfb59268-5ba0-4f88-b60b-dc503f5b0068","method":"GET","path":"/api/accounts/1","status":200,"duration":"3ms","ip":"::ffff:127.0.0.1","userId":1,"companyId":1,"branchId":1}

      at Object.info (server/logger.ts:45:36)

  console.warn
    {"timestamp":"2026-04-26T18:19:35.877Z","level":"warn","message":"request","requestId":"33491193-ab74-4a4c-9bec-a5d51188696f","method":"GET","path":"/api/accounts/999","status":404,"duration":"2ms","ip":"::ffff:127.0.0.1","userId":1,"companyId":1,"branchId":1}

    [0m [90m 46 |[39m   }[33m,[39m
     [90m 47 |[39m   warn(message[33m:[39m string[33m,[39m meta[33m?[39m[33m:[39m [33mRecord[39m[33m<[39m[33mstring[39m[33m,[39m unknown[33m>[39m) {
    [31m[1m>[22m[39m[90m 48 |[39m     [36mif[39m (shouldLog([32m'warn'[39m)) console[33m.[39mwarn(formatMessage([32m'warn'[39m[33m,[39m message[33m,[39m meta))[33m;[39m
     [90m    |[39m                                    [31m[1m^[22m[39m
     [90m 49 |[39m   }[33m,[39m
     [90m 50 |[39m   error(message[33m:[39m string[33m,[39m meta[33m?[39m[33m:[39m [33mRecord[39m[33m<[39m[33mstring[39m[33m,[39m unknown[33m>[39m) {
     [90m 51 |[39m     [36mif[39m (shouldLog([32m'error'[39m)) console[33m.[39merror(formatMessage([32m'error'[39m[33m,[39m message[33m,[39m meta))[33m;[39m[0m

      at Object.warn (server/logger.ts:48:36)
      at ServerResponse.<anonymous> (server/middleware/requestLogger.ts:47:14)

  console.info
    {"timestamp":"2026-04-26T18:19:35.943Z","level":"info","message":"request","requestId":"ef79aefb-b755-46ae-b1a3-4da5052b9934","method":"POST","path":"/api/accounts","status":201,"duration":"40ms","ip":"::ffff:127.0.0.1","userId":1,"companyId":1,"branchId":1}

      at Object.info (server/logger.ts:45:36)

  console.info
    {"timestamp":"2026-04-26T18:19:35.966Z","level":"info","message":"request","requestId":"09bd6738-0631-42b7-8dfe-a6a803bf8413","method":"PUT","path":"/api/accounts/1","status":200,"duration":"3ms","ip":"::ffff:127.0.0.1","userId":1,"companyId":1,"branchId":1}

      at Object.info (server/logger.ts:45:36)

  console.info
    {"timestamp":"2026-04-26T18:19:35.987Z","level":"info","message":"request","requestId":"019220e4-8110-45bf-a124-6ec93c422433","method":"DELETE","path":"/api/accounts/3","status":200,"duration":"2ms","ip":"::ffff:127.0.0.1","userId":1,"companyId":1,"branchId":1}

      at Object.info (server/logger.ts:45:36)

  console.info
    {"timestamp":"2026-04-26T18:19:36.013Z","level":"info","message":"request","requestId":"d298c2d5-f9e0-4605-87e7-77e5ad472dcb","method":"GET","path":"/api/accounts/1/ledger","status":200,"duration":"3ms","ip":"::ffff:127.0.0.1","userId":1,"companyId":1,"branchId":1}

      at Object.info (server/logger.ts:45:36)

  console.info
    {"timestamp":"2026-04-26T18:19:36.035Z","level":"info","message":"request","requestId":"69f0da51-9f05-4c83-9463-9d68fc8253f5","method":"GET","path":"/api/accounts/1/ledger","status":200,"duration":"3ms","ip":"::ffff:127.0.0.1","userId":1,"companyId":1,"branchId":1}

      at Object.info (server/logger.ts:45:36)

  console.info
    {"timestamp":"2026-04-26T18:19:36.056Z","level":"info","message":"request","requestId":"bf91dc78-876c-4f4f-ae8d-9ab17408804a","method":"GET","path":"/api/accounts/1/outstanding","status":200,"duration":"3ms","ip":"::ffff:127.0.0.1","userId":1,"companyId":1,"branchId":1}

      at Object.info (server/logger.ts:45:36)

  console.info
    {"timestamp":"2026-04-26T18:19:36.077Z","level":"info","message":"request","requestId":"40b697c7-ca06-4ae1-8385-d1431c6a29a8","method":"GET","path":"/api/accounts/1/history","status":200,"duration":"3ms","ip":"::ffff:127.0.0.1","userId":1,"companyId":1,"branchId":1}

      at Object.info (server/logger.ts:45:36)

  console.info
    {"timestamp":"2026-04-26T18:19:36.098Z","level":"info","message":"request","requestId":"42131328-dbd9-4853-a813-5b8bf210d3dc","method":"GET","path":"/api/accounts/1/history","status":200,"duration":"2ms","ip":"::ffff:127.0.0.1","userId":1,"companyId":1,"branchId":1}

      at Object.info (server/logger.ts:45:36)

  console.info
    {"timestamp":"2026-04-26T18:19:36.119Z","level":"info","message":"request","requestId":"71fe49f4-f7e6-42cb-8037-63eb38f974d3","method":"GET","path":"/api/accounts/1/history","status":200,"duration":"2ms","ip":"::ffff:127.0.0.1","userId":1,"companyId":1,"branchId":1}

      at Object.info (server/logger.ts:45:36)

  console.info
    {"timestamp":"2026-04-26T18:19:36.139Z","level":"info","message":"request","requestId":"0b05133b-66e5-43fd-9a24-524815f1f98c","method":"GET","path":"/api/accounts/1/history?dateFrom=2025-01-01&dateTo=2025-12-31","status":200,"duration":"3ms","ip":"::ffff:127.0.0.1","userId":1,"companyId":1,"branchId":1}

      at Object.info (server/logger.ts:45:36)

  console.error
    History endpoint error: DB down

    [0m [90m 364 |[39m     })[33m;[39m
     [90m 365 |[39m   } [36mcatch[39m (error[33m:[39m any) {
    [31m[1m>[22m[39m[90m 366 |[39m     console[33m.[39merror([32m'History endpoint error:'[39m[33m,[39m error[33m?[39m[33m.[39mmessage [33m||[39m error)[33m;[39m
     [90m     |[39m             [31m[1m^[22m[39m
     [90m 367 |[39m     res[33m.[39mstatus([35m500[39m)[33m.[39mjson({ error[33m:[39m [32m'Failed to fetch customer history'[39m })[33m;[39m
     [90m 368 |[39m   }
     [90m 369 |[39m })[33m;[39m[0m

      at server/routes/accounts.ts:366:13

  console.error
    {"timestamp":"2026-04-26T18:19:36.175Z","level":"error","message":"request","requestId":"a87a2193-61c1-4f25-a735-21ccf5b50da5","method":"GET","path":"/api/accounts/1/history","status":500,"duration":"15ms","ip":"::ffff:127.0.0.1","userId":1,"companyId":1,"branchId":1}

    [0m [90m 49 |[39m   }[33m,[39m
     [90m 50 |[39m   error(message[33m:[39m string[33m,[39m meta[33m?[39m[33m:[39m [33mRecord[39m[33m<[39m[33mstring[39m[33m,[39m unknown[33m>[39m) {
    [31m[1m>[22m[39m[90m 51 |[39m     [36mif[39m (shouldLog([32m'error'[39m)) console[33m.[39merror(formatMessage([32m'error'[39m[33m,[39m message[33m,[39m meta))[33m;[39m
     [90m    |[39m                                     [31m[1m^[22m[39m
     [90m 52 |[39m   }[33m,[39m
     [90m 53 |[39m }[33m;[39m
     [90m 54 |[39m[0m

      at Object.error (server/logger.ts:51:37)
      at ServerResponse.<anonymous> (server/middleware/requestLogger.ts:45:14)

PASS tests/integration/accounts.test.ts
  GET /api/accounts
    ΓêÜ returns paginated list of accounts (33 ms)
    ΓêÜ filters by account type (24 ms)
    ΓêÜ searches by name (26 ms)
    ΓêÜ paginates correctly (21 ms)
  GET /api/accounts/:id
    ΓêÜ returns account by id (20 ms)
    ΓêÜ returns 404 when account not found (26 ms)
  POST /api/accounts
    ΓêÜ creates a new account (60 ms)
  PUT /api/accounts/:id
    ΓêÜ updates an account (22 ms)
  DELETE /api/accounts/:id
    ΓêÜ soft-deletes (deactivates) an account (24 ms)
  GET /api/accounts/:id/ledger
    ΓêÜ returns ledger with sales, purchases, and cash entries (22 ms)
    ΓêÜ returns empty arrays when no transactions (21 ms)
  GET /api/accounts/:id/outstanding
    ΓêÜ returns outstanding balance info (21 ms)
  GET /api/accounts/:id/history
    ΓêÜ returns sales, old gold purchases, layaways, and summary (21 ms)
    ΓêÜ returns empty arrays and zero summary when no history (19 ms)
    ΓêÜ includes salesman and items in sales (19 ms)
    ΓêÜ accepts date filter params (22 ms)
    ΓêÜ returns 500 when DB fails (37 ms)

  console.info
    {"timestamp":"2026-04-26T18:19:37.989Z","level":"info","message":"request","requestId":"314aa39f-9abf-496d-81f7-8a1df332cd56","method":"GET","path":"/api/purchase?dateFrom=2024-12-01&dateTo=2024-12-31","status":200,"duration":"6ms","ip":"::ffff:127.0.0.1","userId":1,"companyId":1,"branchId":1}

      at Object.info (server/logger.ts:45:36)

  console.info
    {"timestamp":"2026-04-26T18:19:38.016Z","level":"info","message":"request","requestId":"f1c51b8d-fffc-4bab-939c-a983fbede9a8","method":"GET","path":"/api/purchase?type=OLD_GOLD","status":200,"duration":"2ms","ip":"::ffff:127.0.0.1","userId":1,"companyId":1,"branchId":1}

      at Object.info (server/logger.ts:45:36)

  console.info
    {"timestamp":"2026-04-26T18:19:38.038Z","level":"info","message":"request","requestId":"43497173-a5e6-4e29-b8a5-be36d5d853b6","method":"GET","path":"/api/purchase?type=URD","status":200,"duration":"3ms","ip":"::ffff:127.0.0.1","userId":1,"companyId":1,"branchId":1}

      at Object.info (server/logger.ts:45:36)

  console.info
    {"timestamp":"2026-04-26T18:19:38.063Z","level":"info","message":"request","requestId":"0ca3c74d-cc10-4be7-a6f0-0c80587e9569","method":"GET","path":"/api/purchase?search=Gold","status":200,"duration":"2ms","ip":"::ffff:127.0.0.1","userId":1,"companyId":1,"branchId":1}

      at Object.info (server/logger.ts:45:36)

  console.info
    {"timestamp":"2026-04-26T18:19:38.125Z","level":"info","message":"request","requestId":"5899e310-a2c2-4cfa-8d20-52571cfa8c5e","method":"POST","path":"/api/purchase","status":201,"duration":"38ms","ip":"::ffff:127.0.0.1","userId":1,"companyId":1,"branchId":1}

      at Object.info (server/logger.ts:45:36)

  console.info
    {"timestamp":"2026-04-26T18:19:38.149Z","level":"info","message":"request","requestId":"5217c5df-dcb8-4a68-9226-53789ffca912","method":"POST","path":"/api/purchase","status":201,"duration":"4ms","ip":"::ffff:127.0.0.1","userId":1,"companyId":1,"branchId":1}

      at Object.info (server/logger.ts:45:36)

  console.info
    {"timestamp":"2026-04-26T18:19:38.168Z","level":"info","message":"request","requestId":"abd3e7d8-c1cc-4803-ac40-aad369e503b7","method":"POST","path":"/api/purchase","status":201,"duration":"3ms","ip":"::ffff:127.0.0.1","userId":1,"companyId":1,"branchId":1}

      at Object.info (server/logger.ts:45:36)

  console.info
    {"timestamp":"2026-04-26T18:19:38.189Z","level":"info","message":"request","requestId":"0e6dd6e8-f732-4240-bae1-c5cb71840791","method":"POST","path":"/api/purchase","status":201,"duration":"2ms","ip":"::ffff:127.0.0.1","userId":1,"companyId":1,"branchId":1}

      at Object.info (server/logger.ts:45:36)

  console.info
    {"timestamp":"2026-04-26T18:19:38.214Z","level":"info","message":"request","requestId":"081714b6-64d5-46ea-8ca2-cbbd7fcc8e8c","method":"DELETE","path":"/api/purchase/1","status":200,"duration":"4ms","ip":"::ffff:127.0.0.1","userId":1,"companyId":1,"branchId":1}

      at Object.info (server/logger.ts:45:36)

  console.warn
    {"timestamp":"2026-04-26T18:19:38.235Z","level":"warn","message":"request","requestId":"92b1d034-1c2e-4205-a6c0-2f24f279f036","method":"DELETE","path":"/api/purchase/999","status":404,"duration":"2ms","ip":"::ffff:127.0.0.1","userId":1,"companyId":1,"branchId":1}

    [0m [90m 46 |[39m   }[33m,[39m
     [90m 47 |[39m   warn(message[33m:[39m string[33m,[39m meta[33m?[39m[33m:[39m [33mRecord[39m[33m<[39m[33mstring[39m[33m,[39m unknown[33m>[39m) {
    [31m[1m>[22m[39m[90m 48 |[39m     [36mif[39m (shouldLog([32m'warn'[39m)) console[33m.[39mwarn(formatMessage([32m'warn'[39m[33m,[39m message[33m,[39m meta))[33m;[39m
     [90m    |[39m                                    [31m[1m^[22m[39m
     [90m 49 |[39m   }[33m,[39m
     [90m 50 |[39m   error(message[33m:[39m string[33m,[39m meta[33m?[39m[33m:[39m [33mRecord[39m[33m<[39m[33mstring[39m[33m,[39m unknown[33m>[39m) {
     [90m 51 |[39m     [36mif[39m (shouldLog([32m'error'[39m)) console[33m.[39merror(formatMessage([32m'error'[39m[33m,[39m message[33m,[39m meta))[33m;[39m[0m

      at Object.warn (server/logger.ts:48:36)
      at ServerResponse.<anonymous> (server/middleware/requestLogger.ts:47:14)

PASS tests/integration/purchase.test.ts
  GET /api/purchase
    ΓêÜ returns list of purchase vouchers (34 ms)
    ΓêÜ filters by OLD_GOLD type using description/group (22 ms)
    ΓêÜ filters by URD type excluding old gold entries (22 ms)
    ΓêÜ supports search by voucher number or account name (24 ms)
  POST /api/purchase
    ΓêÜ creates a URD purchase voucher (59 ms)
    ΓêÜ creates an OLD_GOLD purchase with description and group auto-set (43 ms)
    ΓêÜ does not auto-set description for regular URD purchase (24 ms)
  DELETE /api/purchase/:id
    ΓêÜ cancels an active purchase voucher (23 ms)
    ΓêÜ returns 404 for non-existent voucher (24 ms)

  console.info
    {"timestamp":"2026-04-26T18:19:39.927Z","level":"info","message":"request","requestId":"e727fc1f-f52b-45d5-833f-544cef265890","method":"GET","path":"/api/savings-scheme","status":200,"duration":"5ms","ip":"::ffff:127.0.0.1","userId":1,"companyId":1,"branchId":1}

      at Object.info (server/logger.ts:45:36)

  console.info
    {"timestamp":"2026-04-26T18:19:39.953Z","level":"info","message":"request","requestId":"bb5f4ed0-5668-4bc5-833a-b59f92501668","method":"GET","path":"/api/savings-scheme","status":200,"duration":"3ms","ip":"::ffff:127.0.0.1","userId":1,"companyId":1,"branchId":1}

      at Object.info (server/logger.ts:45:36)

  console.info
    {"timestamp":"2026-04-26T18:19:39.976Z","level":"info","message":"request","requestId":"62b6e2ca-d438-4abd-a2ab-69b6e2c4c35f","method":"GET","path":"/api/savings-scheme?status=ACTIVE","status":200,"duration":"3ms","ip":"::ffff:127.0.0.1","userId":1,"companyId":1,"branchId":1}

      at Object.info (server/logger.ts:45:36)

  console.warn
    {"timestamp":"2026-04-26T18:19:40.001Z","level":"warn","message":"request","requestId":"c6e4c10a-24be-44db-b61b-e2fc3a5ecb3d","method":"GET","path":"/api/savings-scheme/999","status":404,"duration":"4ms","ip":"::ffff:127.0.0.1","userId":1,"companyId":1,"branchId":1}

    [0m [90m 46 |[39m   }[33m,[39m
     [90m 47 |[39m   warn(message[33m:[39m string[33m,[39m meta[33m?[39m[33m:[39m [33mRecord[39m[33m<[39m[33mstring[39m[33m,[39m unknown[33m>[39m) {
    [31m[1m>[22m[39m[90m 48 |[39m     [36mif[39m (shouldLog([32m'warn'[39m)) console[33m.[39mwarn(formatMessage([32m'warn'[39m[33m,[39m message[33m,[39m meta))[33m;[39m
     [90m    |[39m                                    [31m[1m^[22m[39m
     [90m 49 |[39m   }[33m,[39m
     [90m 50 |[39m   error(message[33m:[39m string[33m,[39m meta[33m?[39m[33m:[39m [33mRecord[39m[33m<[39m[33mstring[39m[33m,[39m unknown[33m>[39m) {
     [90m 51 |[39m     [36mif[39m (shouldLog([32m'error'[39m)) console[33m.[39merror(formatMessage([32m'error'[39m[33m,[39m message[33m,[39m meta))[33m;[39m[0m

      at Object.warn (server/logger.ts:48:36)
      at ServerResponse.<anonymous> (server/middleware/requestLogger.ts:47:14)

  console.info
    {"timestamp":"2026-04-26T18:19:40.029Z","level":"info","message":"request","requestId":"98b40abc-a434-48ef-86ae-0f9fa3ccc277","method":"GET","path":"/api/savings-scheme/1","status":200,"duration":"2ms","ip":"::ffff:127.0.0.1","userId":1,"companyId":1,"branchId":1}

      at Object.info (server/logger.ts:45:36)

  console.warn
    {"timestamp":"2026-04-26T18:19:40.089Z","level":"warn","message":"request","requestId":"77e4a616-b447-4de3-9f85-cd109ab8fe29","method":"POST","path":"/api/savings-scheme","status":400,"duration":"36ms","ip":"::ffff:127.0.0.1","userId":1,"companyId":1,"branchId":1}

    [0m [90m 46 |[39m   }[33m,[39m
     [90m 47 |[39m   warn(message[33m:[39m string[33m,[39m meta[33m?[39m[33m:[39m [33mRecord[39m[33m<[39m[33mstring[39m[33m,[39m unknown[33m>[39m) {
    [31m[1m>[22m[39m[90m 48 |[39m     [36mif[39m (shouldLog([32m'warn'[39m)) console[33m.[39mwarn(formatMessage([32m'warn'[39m[33m,[39m message[33m,[39m meta))[33m;[39m
     [90m    |[39m                                    [31m[1m^[22m[39m
     [90m 49 |[39m   }[33m,[39m
     [90m 50 |[39m   error(message[33m:[39m string[33m,[39m meta[33m?[39m[33m:[39m [33mRecord[39m[33m<[39m[33mstring[39m[33m,[39m unknown[33m>[39m) {
     [90m 51 |[39m     [36mif[39m (shouldLog([32m'error'[39m)) console[33m.[39merror(formatMessage([32m'error'[39m[33m,[39m message[33m,[39m meta))[33m;[39m[0m

      at Object.warn (server/logger.ts:48:36)
      at ServerResponse.<anonymous> (server/middleware/requestLogger.ts:47:14)

  console.warn
    {"timestamp":"2026-04-26T18:19:40.127Z","level":"warn","message":"request","requestId":"2d2307f0-7a6e-4886-99b5-c61365c9e5cd","method":"POST","path":"/api/savings-scheme","status":400,"duration":"3ms","ip":"::ffff:127.0.0.1","userId":1,"companyId":1,"branchId":1}

    [0m [90m 46 |[39m   }[33m,[39m
     [90m 47 |[39m   warn(message[33m:[39m string[33m,[39m meta[33m?[39m[33m:[39m [33mRecord[39m[33m<[39m[33mstring[39m[33m,[39m unknown[33m>[39m) {
    [31m[1m>[22m[39m[90m 48 |[39m     [36mif[39m (shouldLog([32m'warn'[39m)) console[33m.[39mwarn(formatMessage([32m'warn'[39m[33m,[39m message[33m,[39m meta))[33m;[39m
     [90m    |[39m                                    [31m[1m^[22m[39m
     [90m 49 |[39m   }[33m,[39m
     [90m 50 |[39m   error(message[33m:[39m string[33m,[39m meta[33m?[39m[33m:[39m [33mRecord[39m[33m<[39m[33mstring[39m[33m,[39m unknown[33m>[39m) {
     [90m 51 |[39m     [36mif[39m (shouldLog([32m'error'[39m)) console[33m.[39merror(formatMessage([32m'error'[39m[33m,[39m message[33m,[39m meta))[33m;[39m[0m

      at Object.warn (server/logger.ts:48:36)
      at ServerResponse.<anonymous> (server/middleware/requestLogger.ts:47:14)

  console.warn
    {"timestamp":"2026-04-26T18:19:40.157Z","level":"warn","message":"request","requestId":"a9e5d2eb-9126-489e-aacd-2063633d1d3d","method":"POST","path":"/api/savings-scheme","status":400,"duration":"3ms","ip":"::ffff:127.0.0.1","userId":1,"companyId":1,"branchId":1}

    [0m [90m 46 |[39m   }[33m,[39m
     [90m 47 |[39m   warn(message[33m:[39m string[33m,[39m meta[33m?[39m[33m:[39m [33mRecord[39m[33m<[39m[33mstring[39m[33m,[39m unknown[33m>[39m) {
    [31m[1m>[22m[39m[90m 48 |[39m     [36mif[39m (shouldLog([32m'warn'[39m)) console[33m.[39mwarn(formatMessage([32m'warn'[39m[33m,[39m message[33m,[39m meta))[33m;[39m
     [90m    |[39m                                    [31m[1m^[22m[39m
     [90m 49 |[39m   }[33m,[39m
     [90m 50 |[39m   error(message[33m:[39m string[33m,[39m meta[33m?[39m[33m:[39m [33mRecord[39m[33m<[39m[33mstring[39m[33m,[39m unknown[33m>[39m) {
     [90m 51 |[39m     [36mif[39m (shouldLog([32m'error'[39m)) console[33m.[39merror(formatMessage([32m'error'[39m[33m,[39m message[33m,[39m meta))[33m;[39m[0m

      at Object.warn (server/logger.ts:48:36)
      at ServerResponse.<anonymous> (server/middleware/requestLogger.ts:47:14)

  console.info
    {"timestamp":"2026-04-26T18:19:40.185Z","level":"info","message":"request","requestId":"aef3b6de-4a87-4c59-9972-9f4374e03208","method":"POST","path":"/api/savings-scheme","status":201,"duration":"4ms","ip":"::ffff:127.0.0.1","userId":1,"companyId":1,"branchId":1}

      at Object.info (server/logger.ts:45:36)

  console.info
    {"timestamp":"2026-04-26T18:19:40.208Z","level":"info","message":"request","requestId":"5673d2ef-8bd6-4bab-b233-f33930310e84","method":"POST","path":"/api/savings-scheme","status":201,"duration":"3ms","ip":"::ffff:127.0.0.1","userId":1,"companyId":1,"branchId":1}

      at Object.info (server/logger.ts:45:36)

  console.warn
    {"timestamp":"2026-04-26T18:19:40.230Z","level":"warn","message":"request","requestId":"ada3480b-bfa1-490d-9c5d-ecf3b9c4a44c","method":"POST","path":"/api/savings-scheme/1/installment","status":400,"duration":"4ms","ip":"::ffff:127.0.0.1","userId":1,"companyId":1,"branchId":1}

    [0m [90m 46 |[39m   }[33m,[39m
     [90m 47 |[39m   warn(message[33m:[39m string[33m,[39m meta[33m?[39m[33m:[39m [33mRecord[39m[33m<[39m[33mstring[39m[33m,[39m unknown[33m>[39m) {
    [31m[1m>[22m[39m[90m 48 |[39m     [36mif[39m (shouldLog([32m'warn'[39m)) console[33m.[39mwarn(formatMessage([32m'warn'[39m[33m,[39m message[33m,[39m meta))[33m;[39m
     [90m    |[39m                                    [31m[1m^[22m[39m
     [90m 49 |[39m   }[33m,[39m
     [90m 50 |[39m   error(message[33m:[39m string[33m,[39m meta[33m?[39m[33m:[39m [33mRecord[39m[33m<[39m[33mstring[39m[33m,[39m unknown[33m>[39m) {
     [90m 51 |[39m     [36mif[39m (shouldLog([32m'error'[39m)) console[33m.[39merror(formatMessage([32m'error'[39m[33m,[39m message[33m,[39m meta))[33m;[39m[0m

      at Object.warn (server/logger.ts:48:36)
      at ServerResponse.<anonymous> (server/middleware/requestLogger.ts:47:14)

  console.warn
    {"timestamp":"2026-04-26T18:19:40.257Z","level":"warn","message":"request","requestId":"caef64bd-ba25-4ec8-9cca-01a0498df0cc","method":"POST","path":"/api/savings-scheme/1/installment","status":400,"duration":"2ms","ip":"::ffff:127.0.0.1","userId":1,"companyId":1,"branchId":1}

    [0m [90m 46 |[39m   }[33m,[39m
     [90m 47 |[39m   warn(message[33m:[39m string[33m,[39m meta[33m?[39m[33m:[39m [33mRecord[39m[33m<[39m[33mstring[39m[33m,[39m unknown[33m>[39m) {
    [31m[1m>[22m[39m[90m 48 |[39m     [36mif[39m (shouldLog([32m'warn'[39m)) console[33m.[39mwarn(formatMessage([32m'warn'[39m[33m,[39m message[33m,[39m meta))[33m;[39m
     [90m    |[39m                                    [31m[1m^[22m[39m
     [90m 49 |[39m   }[33m,[39m
     [90m 50 |[39m   error(message[33m:[39m string[33m,[39m meta[33m?[39m[33m:[39m [33mRecord[39m[33m<[39m[33mstring[39m[33m,[39m unknown[33m>[39m) {
     [90m 51 |[39m     [36mif[39m (shouldLog([32m'error'[39m)) console[33m.[39merror(formatMessage([32m'error'[39m[33m,[39m message[33m,[39m meta))[33m;[39m[0m

      at Object.warn (server/logger.ts:48:36)
      at ServerResponse.<anonymous> (server/middleware/requestLogger.ts:47:14)

  console.info
    {"timestamp":"2026-04-26T18:19:40.317Z","level":"info","message":"request","requestId":"60d98ed9-9fa8-4569-be12-419c85f99a08","method":"POST","path":"/api/savings-scheme/1/installment","status":201,"duration":"4ms","ip":"::ffff:127.0.0.1","userId":1,"companyId":1,"branchId":1}

      at Object.info (server/logger.ts:45:36)

  console.error
    Error paying installment: Error: Installment is already paid
        at C:\Swarnite\server\routes\savingsScheme.ts:222:48
        at processTicksAndRejections (node:internal/process/task_queues:104:5)
        at C:\Swarnite\server\routes\savingsScheme.ts:203:20

    [0m [90m 269 |[39m     res[33m.[39mstatus([35m201[39m)[33m.[39mjson(fullScheme)[33m;[39m
     [90m 270 |[39m   } [36mcatch[39m (error[33m:[39m any) {
    [31m[1m>[22m[39m[90m 271 |[39m     console[33m.[39merror([32m'Error paying installment:'[39m[33m,[39m error)[33m;[39m
     [90m     |[39m             [31m[1m^[22m[39m
     [90m 272 |[39m     res[33m.[39mstatus([35m400[39m)[33m.[39mjson({ error[33m:[39m error[33m.[39mmessage [33m||[39m [32m'Failed to pay installment'[39m })[33m;[39m
     [90m 273 |[39m   }
     [90m 274 |[39m })[33m;[39m[0m

      at server/routes/savingsScheme.ts:271:13

  console.warn
    {"timestamp":"2026-04-26T18:19:40.378Z","level":"warn","message":"request","requestId":"1b26397a-e107-45f5-a812-0f77925fd1d5","method":"POST","path":"/api/savings-scheme/1/installment","status":400,"duration":"40ms","ip":"::ffff:127.0.0.1","userId":1,"companyId":1,"branchId":1}

    [0m [90m 46 |[39m   }[33m,[39m
     [90m 47 |[39m   warn(message[33m:[39m string[33m,[39m meta[33m?[39m[33m:[39m [33mRecord[39m[33m<[39m[33mstring[39m[33m,[39m unknown[33m>[39m) {
    [31m[1m>[22m[39m[90m 48 |[39m     [36mif[39m (shouldLog([32m'warn'[39m)) console[33m.[39mwarn(formatMessage([32m'warn'[39m[33m,[39m message[33m,[39m meta))[33m;[39m
     [90m    |[39m                                    [31m[1m^[22m[39m
     [90m 49 |[39m   }[33m,[39m
     [90m 50 |[39m   error(message[33m:[39m string[33m,[39m meta[33m?[39m[33m:[39m [33mRecord[39m[33m<[39m[33mstring[39m[33m,[39m unknown[33m>[39m) {
     [90m 51 |[39m     [36mif[39m (shouldLog([32m'error'[39m)) console[33m.[39merror(formatMessage([32m'error'[39m[33m,[39m message[33m,[39m meta))[33m;[39m[0m

      at Object.warn (server/logger.ts:48:36)
      at ServerResponse.<anonymous> (server/middleware/requestLogger.ts:47:14)

  console.info
    {"timestamp":"2026-04-26T18:19:40.402Z","level":"info","message":"request","requestId":"6a86d786-5086-4532-b1ef-f39353ff8760","method":"POST","path":"/api/savings-scheme/1/installment","status":201,"duration":"3ms","ip":"::ffff:127.0.0.1","userId":1,"companyId":1,"branchId":1}

      at Object.info (server/logger.ts:45:36)

  console.error
    Error paying installment: Error: Scheme is cancelled
        at C:\Swarnite\server\routes\savingsScheme.ts:209:48
        at processTicksAndRejections (node:internal/process/task_queues:104:5)

    [0m [90m 269 |[39m     res[33m.[39mstatus([35m201[39m)[33m.[39mjson(fullScheme)[33m;[39m
     [90m 270 |[39m   } [36mcatch[39m (error[33m:[39m any) {
    [31m[1m>[22m[39m[90m 271 |[39m     console[33m.[39merror([32m'Error paying installment:'[39m[33m,[39m error)[33m;[39m
     [90m     |[39m             [31m[1m^[22m[39m
     [90m 272 |[39m     res[33m.[39mstatus([35m400[39m)[33m.[39mjson({ error[33m:[39m error[33m.[39mmessage [33m||[39m [32m'Failed to pay installment'[39m })[33m;[39m
     [90m 273 |[39m   }
     [90m 274 |[39m })[33m;[39m[0m

      at server/routes/savingsScheme.ts:271:13

  console.warn
    {"timestamp":"2026-04-26T18:19:40.434Z","level":"warn","message":"request","requestId":"7f40173a-7658-478e-9033-b4b1f3454d47","method":"POST","path":"/api/savings-scheme/1/installment","status":400,"duration":"13ms","ip":"::ffff:127.0.0.1","userId":1,"companyId":1,"branchId":1}

    [0m [90m 46 |[39m   }[33m,[39m
     [90m 47 |[39m   warn(message[33m:[39m string[33m,[39m meta[33m?[39m[33m:[39m [33mRecord[39m[33m<[39m[33mstring[39m[33m,[39m unknown[33m>[39m) {
    [31m[1m>[22m[39m[90m 48 |[39m     [36mif[39m (shouldLog([32m'warn'[39m)) console[33m.[39mwarn(formatMessage([32m'warn'[39m[33m,[39m message[33m,[39m meta))[33m;[39m
     [90m    |[39m                                    [31m[1m^[22m[39m
     [90m 49 |[39m   }[33m,[39m
     [90m 50 |[39m   error(message[33m:[39m string[33m,[39m meta[33m?[39m[33m:[39m [33mRecord[39m[33m<[39m[33mstring[39m[33m,[39m unknown[33m>[39m) {
     [90m 51 |[39m     [36mif[39m (shouldLog([32m'error'[39m)) console[33m.[39merror(formatMessage([32m'error'[39m[33m,[39m message[33m,[39m meta))[33m;[39m[0m

      at Object.warn (server/logger.ts:48:36)
      at ServerResponse.<anonymous> (server/middleware/requestLogger.ts:47:14)

  console.info
    {"timestamp":"2026-04-26T18:19:40.461Z","level":"info","message":"request","requestId":"0e651fe6-a295-403f-8c8b-af9c39b80949","method":"PUT","path":"/api/savings-scheme/1/redeem","status":200,"duration":"4ms","ip":"::ffff:127.0.0.1","userId":1,"companyId":1,"branchId":1}

      at Object.info (server/logger.ts:45:36)

  console.warn
    {"timestamp":"2026-04-26T18:19:40.481Z","level":"warn","message":"request","requestId":"36b1a16f-1410-44d9-8feb-ede3c90e0fb2","method":"PUT","path":"/api/savings-scheme/1/redeem","status":400,"duration":"2ms","ip":"::ffff:127.0.0.1","userId":1,"companyId":1,"branchId":1}

    [0m [90m 46 |[39m   }[33m,[39m
     [90m 47 |[39m   warn(message[33m:[39m string[33m,[39m meta[33m?[39m[33m:[39m [33mRecord[39m[33m<[39m[33mstring[39m[33m,[39m unknown[33m>[39m) {
    [31m[1m>[22m[39m[90m 48 |[39m     [36mif[39m (shouldLog([32m'warn'[39m)) console[33m.[39mwarn(formatMessage([32m'warn'[39m[33m,[39m message[33m,[39m meta))[33m;[39m
     [90m    |[39m                                    [31m[1m^[22m[39m
     [90m 49 |[39m   }[33m,[39m
     [90m 50 |[39m   error(message[33m:[39m string[33m,[39m meta[33m?[39m[33m:[39m [33mRecord[39m[33m<[39m[33mstring[39m[33m,[39m unknown[33m>[39m) {
     [90m 51 |[39m     [36mif[39m (shouldLog([32m'error'[39m)) console[33m.[39merror(formatMessage([32m'error'[39m[33m,[39m message[33m,[39m meta))[33m;[39m[0m

      at Object.warn (server/logger.ts:48:36)
      at ServerResponse.<anonymous> (server/middleware/requestLogger.ts:47:14)

  console.warn
    {"timestamp":"2026-04-26T18:19:40.506Z","level":"warn","message":"request","requestId":"006becb4-603b-418b-bded-3f023d82af79","method":"PUT","path":"/api/savings-scheme/999/redeem","status":404,"duration":"1ms","ip":"::ffff:127.0.0.1","userId":1,"companyId":1,"branchId":1}

    [0m [90m 46 |[39m   }[33m,[39m
     [90m 47 |[39m   warn(message[33m:[39m string[33m,[39m meta[33m?[39m[33m:[39m [33mRecord[39m[33m<[39m[33mstring[39m[33m,[39m unknown[33m>[39m) {
    [31m[1m>[22m[39m[90m 48 |[39m     [36mif[39m (shouldLog([32m'warn'[39m)) console[33m.[39mwarn(formatMessage([32m'warn'[39m[33m,[39m message[33m,[39m meta))[33m;[39m
     [90m    |[39m                                    [31m[1m^[22m[39m
     [90m 49 |[39m   }[33m,[39m
     [90m 50 |[39m   error(message[33m:[39m string[33m,[39m meta[33m?[39m[33m:[39m [33mRecord[39m[33m<[39m[33mstring[39m[33m,[39m unknown[33m>[39m) {
     [90m 51 |[39m     [36mif[39m (shouldLog([32m'error'[39m)) console[33m.[39merror(formatMessage([32m'error'[39m[33m,[39m message[33m,[39m meta))[33m;[39m[0m

      at Object.warn (server/logger.ts:48:36)
      at ServerResponse.<anonymous> (server/middleware/requestLogger.ts:47:14)

  console.info
    {"timestamp":"2026-04-26T18:19:40.531Z","level":"info","message":"request","requestId":"a40b334a-b4ea-4cdc-92d2-3e84a81ec838","method":"DELETE","path":"/api/savings-scheme/1","status":200,"duration":"4ms","ip":"::ffff:127.0.0.1","userId":1,"companyId":1,"branchId":1}

      at Object.info (server/logger.ts:45:36)

  console.info
    {"timestamp":"2026-04-26T18:19:40.551Z","level":"info","message":"request","requestId":"1d156034-ac42-44c8-b8e6-8e481722ca22","method":"DELETE","path":"/api/savings-scheme/1","status":200,"duration":"2ms","ip":"::ffff:127.0.0.1","userId":1,"companyId":1,"branchId":1}

      at Object.info (server/logger.ts:45:36)

  console.warn
    {"timestamp":"2026-04-26T18:19:40.572Z","level":"warn","message":"request","requestId":"20b0c2f0-1817-4fcb-b05e-a0cb60f665f0","method":"DELETE","path":"/api/savings-scheme/1","status":400,"duration":"2ms","ip":"::ffff:127.0.0.1","userId":1,"companyId":1,"branchId":1}

    [0m [90m 46 |[39m   }[33m,[39m
     [90m 47 |[39m   warn(message[33m:[39m string[33m,[39m meta[33m?[39m[33m:[39m [33mRecord[39m[33m<[39m[33mstring[39m[33m,[39m unknown[33m>[39m) {
    [31m[1m>[22m[39m[90m 48 |[39m     [36mif[39m (shouldLog([32m'warn'[39m)) console[33m.[39mwarn(formatMessage([32m'warn'[39m[33m,[39m message[33m,[39m meta))[33m;[39m
     [90m    |[39m                                    [31m[1m^[22m[39m
     [90m 49 |[39m   }[33m,[39m
     [90m 50 |[39m   error(message[33m:[39m string[33m,[39m meta[33m?[39m[33m:[39m [33mRecord[39m[33m<[39m[33mstring[39m[33m,[39m unknown[33m>[39m) {
     [90m 51 |[39m     [36mif[39m (shouldLog([32m'error'[39m)) console[33m.[39merror(formatMessage([32m'error'[39m[33m,[39m message[33m,[39m meta))[33m;[39m[0m

      at Object.warn (server/logger.ts:48:36)
      at ServerResponse.<anonymous> (server/middleware/requestLogger.ts:47:14)

  console.warn
    {"timestamp":"2026-04-26T18:19:40.600Z","level":"warn","message":"request","requestId":"00f0f1ca-1ba7-4aa7-97ae-64db74fa9042","method":"DELETE","path":"/api/savings-scheme/1","status":400,"duration":"2ms","ip":"::ffff:127.0.0.1","userId":1,"companyId":1,"branchId":1}

    [0m [90m 46 |[39m   }[33m,[39m
     [90m 47 |[39m   warn(message[33m:[39m string[33m,[39m meta[33m?[39m[33m:[39m [33mRecord[39m[33m<[39m[33mstring[39m[33m,[39m unknown[33m>[39m) {
    [31m[1m>[22m[39m[90m 48 |[39m     [36mif[39m (shouldLog([32m'warn'[39m)) console[33m.[39mwarn(formatMessage([32m'warn'[39m[33m,[39m message[33m,[39m meta))[33m;[39m
     [90m    |[39m                                    [31m[1m^[22m[39m
     [90m 49 |[39m   }[33m,[39m
     [90m 50 |[39m   error(message[33m:[39m string[33m,[39m meta[33m?[39m[33m:[39m [33mRecord[39m[33m<[39m[33mstring[39m[33m,[39m unknown[33m>[39m) {
     [90m 51 |[39m     [36mif[39m (shouldLog([32m'error'[39m)) console[33m.[39merror(formatMessage([32m'error'[39m[33m,[39m message[33m,[39m meta))[33m;[39m[0m

      at Object.warn (server/logger.ts:48:36)
      at ServerResponse.<anonymous> (server/middleware/requestLogger.ts:47:14)

  console.warn
    {"timestamp":"2026-04-26T18:19:40.624Z","level":"warn","message":"request","requestId":"6f814267-c6b9-4375-9b34-3cb7892677bc","method":"DELETE","path":"/api/savings-scheme/999","status":404,"duration":"1ms","ip":"::ffff:127.0.0.1","userId":1,"companyId":1,"branchId":1}

    [0m [90m 46 |[39m   }[33m,[39m
     [90m 47 |[39m   warn(message[33m:[39m string[33m,[39m meta[33m?[39m[33m:[39m [33mRecord[39m[33m<[39m[33mstring[39m[33m,[39m unknown[33m>[39m) {
    [31m[1m>[22m[39m[90m 48 |[39m     [36mif[39m (shouldLog([32m'warn'[39m)) console[33m.[39mwarn(formatMessage([32m'warn'[39m[33m,[39m message[33m,[39m meta))[33m;[39m
     [90m    |[39m                                    [31m[1m^[22m[39m
     [90m 49 |[39m   }[33m,[39m
     [90m 50 |[39m   error(message[33m:[39m string[33m,[39m meta[33m?[39m[33m:[39m [33mRecord[39m[33m<[39m[33mstring[39m[33m,[39m unknown[33m>[39m) {
     [90m 51 |[39m     [36mif[39m (shouldLog([32m'error'[39m)) console[33m.[39merror(formatMessage([32m'error'[39m[33m,[39m message[33m,[39m meta))[33m;[39m[0m

      at Object.warn (server/logger.ts:48:36)
      at ServerResponse.<anonymous> (server/middleware/requestLogger.ts:47:14)

  console.info
    {"timestamp":"2026-04-26T18:19:40.653Z","level":"info","message":"request","requestId":"2653d988-df7c-43e3-a835-9cefb18b52a6","method":"PUT","path":"/api/savings-scheme/1/mark-missed","status":200,"duration":"4ms","ip":"::ffff:127.0.0.1","userId":1,"companyId":1,"branchId":1}

      at Object.info (server/logger.ts:45:36)

  console.warn
    {"timestamp":"2026-04-26T18:19:40.672Z","level":"warn","message":"request","requestId":"1a88a353-d219-48ee-b007-35ed504a20b2","method":"PUT","path":"/api/savings-scheme/999/mark-missed","status":404,"duration":"1ms","ip":"::ffff:127.0.0.1","userId":1,"companyId":1,"branchId":1}

    [0m [90m 46 |[39m   }[33m,[39m
     [90m 47 |[39m   warn(message[33m:[39m string[33m,[39m meta[33m?[39m[33m:[39m [33mRecord[39m[33m<[39m[33mstring[39m[33m,[39m unknown[33m>[39m) {
    [31m[1m>[22m[39m[90m 48 |[39m     [36mif[39m (shouldLog([32m'warn'[39m)) console[33m.[39mwarn(formatMessage([32m'warn'[39m[33m,[39m message[33m,[39m meta))[33m;[39m
     [90m    |[39m                                    [31m[1m^[22m[39m
     [90m 49 |[39m   }[33m,[39m
     [90m 50 |[39m   error(message[33m:[39m string[33m,[39m meta[33m?[39m[33m:[39m [33mRecord[39m[33m<[39m[33mstring[39m[33m,[39m unknown[33m>[39m) {
     [90m 51 |[39m     [36mif[39m (shouldLog([32m'error'[39m)) console[33m.[39merror(formatMessage([32m'error'[39m[33m,[39m message[33m,[39m meta))[33m;[39m[0m

      at Object.warn (server/logger.ts:48:36)
      at ServerResponse.<anonymous> (server/middleware/requestLogger.ts:47:14)

PASS tests/integration/savingsScheme.test.ts
  GET /api/savings-scheme
    ΓêÜ should return an empty list when no schemes exist (30 ms)
    ΓêÜ should return list of savings schemes (22 ms)
    ΓêÜ should filter by status (22 ms)
  GET /api/savings-scheme/:id
    ΓêÜ should return 404 for non-existent scheme (29 ms)
    ΓêÜ should return scheme details (24 ms)
  POST /api/savings-scheme
    ΓêÜ should require customer (72 ms)
    ΓêÜ should require monthly amount (29 ms)
    ΓêÜ should require duration (28 ms)
    ΓêÜ should create a new savings scheme with installments (24 ms)
    ΓêÜ should calculate maturity value correctly (duration ├ù monthly + bonus) (23 ms)
  POST /api/savings-scheme/:id/installment
    ΓêÜ should require installment number (25 ms)
    ΓêÜ should require payment amount (29 ms)
    ΓêÜ should pay an installment and update scheme totals (54 ms)
    ΓêÜ should reject paying already paid installment (60 ms)
    ΓêÜ should mark scheme as MATURED when all installments are paid (21 ms)
    ΓêÜ should reject payment on cancelled scheme (35 ms)
  PUT /api/savings-scheme/:id/redeem
    ΓêÜ should redeem a matured scheme (22 ms)
    ΓêÜ should reject redeem on non-matured scheme (22 ms)
    ΓêÜ should return 404 for non-existent scheme (24 ms)
  DELETE /api/savings-scheme/:id
    ΓêÜ should cancel an active scheme (22 ms)
    ΓêÜ should credit paid amount back to customer on cancellation (19 ms)
    ΓêÜ should reject cancelling already cancelled scheme (24 ms)
    ΓêÜ should reject cancelling redeemed scheme (27 ms)
    ΓêÜ should return 404 for non-existent scheme (24 ms)
  PUT /api/savings-scheme/:id/mark-missed
    ΓêÜ should mark overdue pending installments as missed (22 ms)
    ΓêÜ should return 404 for non-existent scheme (21 ms)

  console.info
    {"timestamp":"2026-04-26T18:19:42.482Z","level":"info","message":"request","requestId":"a89a4cbe-aa1f-4d57-a708-9a9f9e003059","method":"GET","path":"/api/health","status":200,"duration":"4ms","ip":"::ffff:127.0.0.1"}

      at Object.info (server/logger.ts:45:36)

  console.warn
    {"timestamp":"2026-04-26T18:19:42.520Z","level":"warn","message":"request","requestId":"d88373fc-1e4d-4443-bb12-c62df79dedd0","method":"GET","path":"/api/non-existent","status":404,"duration":"10ms","ip":"::ffff:127.0.0.1"}

    [0m [90m 46 |[39m   }[33m,[39m
     [90m 47 |[39m   warn(message[33m:[39m string[33m,[39m meta[33m?[39m[33m:[39m [33mRecord[39m[33m<[39m[33mstring[39m[33m,[39m unknown[33m>[39m) {
    [31m[1m>[22m[39m[90m 48 |[39m     [36mif[39m (shouldLog([32m'warn'[39m)) console[33m.[39mwarn(formatMessage([32m'warn'[39m[33m,[39m message[33m,[39m meta))[33m;[39m
     [90m    |[39m                                    [31m[1m^[22m[39m
     [90m 49 |[39m   }[33m,[39m
     [90m 50 |[39m   error(message[33m:[39m string[33m,[39m meta[33m?[39m[33m:[39m [33mRecord[39m[33m<[39m[33mstring[39m[33m,[39m unknown[33m>[39m) {
     [90m 51 |[39m     [36mif[39m (shouldLog([32m'error'[39m)) console[33m.[39merror(formatMessage([32m'error'[39m[33m,[39m message[33m,[39m meta))[33m;[39m[0m

      at Object.warn (server/logger.ts:48:36)
      at ServerResponse.<anonymous> (server/middleware/requestLogger.ts:47:14)

  console.warn
    {"timestamp":"2026-04-26T18:19:42.589Z","level":"warn","message":"request","requestId":"b66ecb78-6470-4c18-a313-f19944ef6795","method":"POST","path":"/api/does-not-exist","status":404,"duration":"43ms","ip":"::ffff:127.0.0.1"}

    [0m [90m 46 |[39m   }[33m,[39m
     [90m 47 |[39m   warn(message[33m:[39m string[33m,[39m meta[33m?[39m[33m:[39m [33mRecord[39m[33m<[39m[33mstring[39m[33m,[39m unknown[33m>[39m) {
    [31m[1m>[22m[39m[90m 48 |[39m     [36mif[39m (shouldLog([32m'warn'[39m)) console[33m.[39mwarn(formatMessage([32m'warn'[39m[33m,[39m message[33m,[39m meta))[33m;[39m
     [90m    |[39m                                    [31m[1m^[22m[39m
     [90m 49 |[39m   }[33m,[39m
     [90m 50 |[39m   error(message[33m:[39m string[33m,[39m meta[33m?[39m[33m:[39m [33mRecord[39m[33m<[39m[33mstring[39m[33m,[39m unknown[33m>[39m) {
     [90m 51 |[39m     [36mif[39m (shouldLog([32m'error'[39m)) console[33m.[39merror(formatMessage([32m'error'[39m[33m,[39m message[33m,[39m meta))[33m;[39m[0m

      at Object.warn (server/logger.ts:48:36)
      at ServerResponse.<anonymous> (server/middleware/requestLogger.ts:47:14)

PASS tests/integration/health.test.ts
  GET /api/health
    ΓêÜ returns status ok and a timestamp (38 ms)
  Unknown route
    ΓêÜ returns 404 for a non-existent GET route (33 ms)
    ΓêÜ returns 404 for a non-existent POST route (72 ms)

Test Suites: 15 passed, 15 total
Tests:       461 passed, 461 total
Snapshots:   0 total
Time:        65.278 s
Ran all test suites.
Force exiting Jest: Have you considered using `--detectOpenHandles` to detect async operations that kept running after all tests finished?
